WARNING: A restricted method in java.lang.System has been called
WARNING: java.lang.System::load has been called by net.rubygrapefruit.platform.internal.NativeLibraryLoader in an unnamed module (file:/home/moriz/.gradle/wrapper/dists/gradle-8.11.1-bin/bpt9gzteqjrbo1mjrsomdt32c/gradle-8.11.1/lib/native-platform-0.22-milestone-26.jar)
WARNING: Use --enable-native-access=ALL-UNNAMED to avoid a warning for callers in this module
WARNING: Restricted methods will be blocked in a future release unless native access is enabled

To honour the JVM settings for this build a single-use Daemon process will be forked. For more on this, please refer to https://docs.gradle.org/8.11.1/userguide/gradle_daemon.html#sec:disabling_the_daemon in the Gradle documentation.
Daemon will be stopped at the end of the build 

> Configure project :
Architect Plugin: 3.4.162
Architectury Loom: 1.13.467
This version of Architectury Loom is in beta! Please report any issues you encounter: https://github.com/architectury/architectury-loom/issues

> Task :common:compileJava
/home/moriz/Projects/OrangeSunshine-worktrees/1.21.11/src/main/java/moriz/orangesunshine/item/CheckShader.java:2: error: package net.minecraft.client.gl does not exist
import net.minecraft.client.gl.ShaderProgram;
                              ^
1 error

> Task :common:compileJava FAILED
[Incubating] Problems report is available at: file:///home/moriz/Projects/OrangeSunshine-worktrees/1.21.11/build/reports/problems/problems-report.html

FAILURE: Build failed with an exception.

* What went wrong:
Execution failed for task ':common:compileJava'.
> Compilation failed; see the compiler output below.
  /home/moriz/Projects/OrangeSunshine-worktrees/1.21.11/src/main/java/moriz/orangesunshine/item/CheckShader.java:2: error: package net.minecraft.client.gl does not exist
  import net.minecraft.client.gl.ShaderProgram;
                                ^
  1 error

* Try:
> Check your code and dependencies to fix the compilation error(s)
> Run with --scan to get full insights.

BUILD FAILED in 10s
1 actionable task: 1 executed
