WARNING: A restricted method in java.lang.System has been called
WARNING: java.lang.System::load has been called by net.rubygrapefruit.platform.internal.NativeLibraryLoader in an unnamed module (file:/home/moriz/.gradle/wrapper/dists/gradle-8.11.1-bin/bpt9gzteqjrbo1mjrsomdt32c/gradle-8.11.1/lib/native-platform-0.22-milestone-26.jar)
WARNING: Use --enable-native-access=ALL-UNNAMED to avoid a warning for callers in this module
WARNING: Restricted methods will be blocked in a future release unless native access is enabled

To honour the JVM settings for this build a single-use Daemon process will be forked. For more on this, please refer to https://docs.gradle.org/8.11.1/userguide/gradle_daemon.html#sec:disabling_the_daemon in the Gradle documentation.
Daemon will be stopped at the end of the build 

> Configure project :
Architect Plugin: 3.4.162
Architectury Loom: 1.13.467
This version of Architectury Loom is in beta! Please report any issues you encounter: https://github.com/architectury/architectury-loom/issues

> Task :common:compileJava UP-TO-DATE
> Task :common:processResources UP-TO-DATE
> Task :common:classes UP-TO-DATE
> Task :common:jar UP-TO-DATE

> Task :fabric:compileJava
/home/moriz/Projects/OrangeSunshine-worktrees/1.21.11/src/main/java/moriz/orangesunshine/client/render/shader/CoreShaderRegistrationCallback.java:11: error: package net.minecraft.client.gl does not exist
import net.minecraft.client.gl.ShaderProgram;
                              ^
/home/moriz/Projects/OrangeSunshine-worktrees/1.21.11/src/main/java/moriz/orangesunshine/client/render/shader/CoreShaderRegistrationCallback.java:12: error: package net.minecraft.resource does not exist
import net.minecraft.resource.ResourceFactory;
                             ^
/home/moriz/Projects/OrangeSunshine-worktrees/1.21.11/src/main/java/moriz/orangesunshine/client/render/shader/CoreShaderRegistrationCallback.java:23: error: cannot find symbol
    void call(ResourceFactory factory, List<Pair<ShaderProgram, Consumer<ShaderProgram>>> shaderList) throws IOException;
              ^
  symbol:   class ResourceFactory
  location: interface CoreShaderRegistrationCallback
/home/moriz/Projects/OrangeSunshine-worktrees/1.21.11/src/main/java/moriz/orangesunshine/client/render/shader/CoreShaderRegistrationCallback.java:23: error: cannot find symbol
    void call(ResourceFactory factory, List<Pair<ShaderProgram, Consumer<ShaderProgram>>> shaderList) throws IOException;
                                                 ^
  symbol:   class ShaderProgram
  location: interface CoreShaderRegistrationCallback
/home/moriz/Projects/OrangeSunshine-worktrees/1.21.11/src/main/java/moriz/orangesunshine/client/render/shader/CoreShaderRegistrationCallback.java:23: error: cannot find symbol
    void call(ResourceFactory factory, List<Pair<ShaderProgram, Consumer<ShaderProgram>>> shaderList) throws IOException;
                                                                         ^
  symbol:   class ShaderProgram
  location: interface CoreShaderRegistrationCallback
/home/moriz/Projects/OrangeSunshine-worktrees/1.21.11/src/main/java/moriz/orangesunshine/client/render/shader/GeometryShader.java:13: error: package net.minecraft.block does not exist
import net.minecraft.block.Blocks;
                          ^
/home/moriz/Projects/OrangeSunshine-worktrees/1.21.11/src/main/java/moriz/orangesunshine/client/render/shader/GeometryShader.java:16: error: package net.minecraft.client.gl.ShaderStage does not exist
import net.minecraft.client.gl.ShaderStage.Type;
                                          ^
/home/moriz/Projects/OrangeSunshine-worktrees/1.21.11/src/main/java/moriz/orangesunshine/client/render/shader/GeometryShader.java:17: error: package net.minecraft.client.texture does not exist
import net.minecraft.client.texture.Sprite;
                                   ^
/home/moriz/Projects/OrangeSunshine-worktrees/1.21.11/src/main/java/moriz/orangesunshine/client/render/shader/GeometryShader.java:19: error: package net.minecraft.screen does not exist
import net.minecraft.screen.PlayerScreenHandler;
                           ^
/home/moriz/Projects/OrangeSunshine-worktrees/1.21.11/src/main/java/moriz/orangesunshine/client/render/shader/GeometryShader.java:33: error: cannot find symbol
    private Type type;
            ^
  symbol:   class Type
  location: class GeometryShader
/home/moriz/Projects/OrangeSunshine-worktrees/1.21.11/src/main/java/moriz/orangesunshine/client/render/shader/GeometryShader.java:35: error: cannot find symbol
    private final MinecraftClient client = MinecraftClient.getInstance();
                  ^
  symbol:   class MinecraftClient
  location: class GeometryShader
/home/moriz/Projects/OrangeSunshine-worktrees/1.21.11/src/main/java/moriz/orangesunshine/client/render/shader/GeometryShader.java:36: error: cannot find symbol
    private final ResourceManager manager = client.getResourceManager();
                  ^
  symbol:   class ResourceManager
  location: class GeometryShader
/home/moriz/Projects/OrangeSunshine-worktrees/1.21.11/src/main/java/moriz/orangesunshine/client/render/shader/GeometryShader.java:47: error: cannot find symbol
    public void setup(Type type, String name, InputStream stream, String domain, GlImportProcessor loader) {
                      ^
  symbol:   class Type
  location: class GeometryShader
/home/moriz/Projects/OrangeSunshine-worktrees/1.21.11/src/main/java/moriz/orangesunshine/client/render/shader/GeometryShader.java:47: error: cannot find symbol
    public void setup(Type type, String name, InputStream stream, String domain, GlImportProcessor loader) {
                                                                                 ^
  symbol:   class GlImportProcessor
  location: class GeometryShader
/home/moriz/Projects/OrangeSunshine-worktrees/1.21.11/src/main/java/moriz/orangesunshine/client/render/shader/GeometryShader.java:60: error: cannot find symbol
    public void addUniforms(ShaderProgramSetupView program, Consumer<GlUniform> register) {
                            ^
  symbol:   class ShaderProgramSetupView
  location: class GeometryShader
/home/moriz/Projects/OrangeSunshine-worktrees/1.21.11/src/main/java/moriz/orangesunshine/client/render/shader/GeometryShader.java:60: error: cannot find symbol
    public void addUniforms(ShaderProgramSetupView program, Consumer<GlUniform> register) {
                                                                     ^
  symbol:   class GlUniform
  location: class GeometryShader
/home/moriz/Projects/OrangeSunshine-worktrees/1.21.11/src/main/java/moriz/orangesunshine/client/render/shader/GeometryShader.java:15: error: package net.minecraft.client.gl does not exist
import net.minecraft.client.gl.*;
^
/home/moriz/Projects/OrangeSunshine-worktrees/1.21.11/src/main/java/moriz/orangesunshine/client/render/shader/GeometryShader.java:18: error: package net.minecraft.resource does not exist
import net.minecraft.resource.*;
^
/home/moriz/Projects/OrangeSunshine-worktrees/1.21.11/src/main/java/moriz/orangesunshine/client/render/shader/GeometryShader.java:150: error: cannot find symbol
    static class BoundUniform extends GlUniform {
                                      ^
  symbol:   class GlUniform
  location: class GeometryShader
/home/moriz/Projects/OrangeSunshine-worktrees/1.21.11/src/main/java/moriz/orangesunshine/client/render/shader/GeometryShader.java:151: error: cannot find symbol
        private final Consumer<GlUniform> valueGetter;
                               ^
  symbol:   class GlUniform
  location: class BoundUniform
/home/moriz/Projects/OrangeSunshine-worktrees/1.21.11/src/main/java/moriz/orangesunshine/client/render/shader/GeometryShader.java:153: error: cannot find symbol
        public BoundUniform(String name, int dataType, int count, ShaderProgramSetupView program, Consumer<GlUniform> valueGetter) {
                                                                  ^
  symbol:   class ShaderProgramSetupView
  location: class BoundUniform
/home/moriz/Projects/OrangeSunshine-worktrees/1.21.11/src/main/java/moriz/orangesunshine/client/render/shader/GeometryShader.java:153: error: cannot find symbol
        public BoundUniform(String name, int dataType, int count, ShaderProgramSetupView program, Consumer<GlUniform> valueGetter) {
                                                                                                           ^
  symbol:   class GlUniform
  location: class BoundUniform
/home/moriz/Projects/OrangeSunshine-worktrees/1.21.11/src/main/java/moriz/orangesunshine/client/render/shader/LoadedShader.java:15: error: cannot find symbol
class LoadedShader extends PostEffectProcessor {
                           ^
  symbol: class PostEffectProcessor
/home/moriz/Projects/OrangeSunshine-worktrees/1.21.11/src/main/java/moriz/orangesunshine/client/render/shader/LoadedShader.java:25: error: cannot find symbol
    public LoadedShader(MinecraftClient client, Identifier id, UniformBinding.Set bindings) throws IOException, JsonSyntaxException {
                        ^
  symbol:   class MinecraftClient
  location: class LoadedShader
/home/moriz/Projects/OrangeSunshine-worktrees/1.21.11/src/main/java/moriz/orangesunshine/client/render/shader/LoadedShader.java:65: error: cannot find symbol
    public PostEffectPass addPass(String programName, Framebuffer source, Framebuffer dest) throws IOException {
                                                      ^
  symbol:   class Framebuffer
  location: class LoadedShader
/home/moriz/Projects/OrangeSunshine-worktrees/1.21.11/src/main/java/moriz/orangesunshine/client/render/shader/LoadedShader.java:65: error: cannot find symbol
    public PostEffectPass addPass(String programName, Framebuffer source, Framebuffer dest) throws IOException {
                                                                          ^
  symbol:   class Framebuffer
  location: class LoadedShader
/home/moriz/Projects/OrangeSunshine-worktrees/1.21.11/src/main/java/moriz/orangesunshine/client/render/shader/LoadedShader.java:65: error: cannot find symbol
    public PostEffectPass addPass(String programName, Framebuffer source, Framebuffer dest) throws IOException {
           ^
  symbol:   class PostEffectPass
  location: class LoadedShader
/home/moriz/Projects/OrangeSunshine-worktrees/1.21.11/src/main/java/moriz/orangesunshine/client/render/shader/LoadedShader.java:75: error: cannot find symbol
        private final JsonEffectShaderProgram program;
                      ^
  symbol:   class JsonEffectShaderProgram
  location: class LoadedShader.Pass
/home/moriz/Projects/OrangeSunshine-worktrees/1.21.11/src/main/java/moriz/orangesunshine/client/render/shader/LoadedShader.java:76: error: cannot find symbol
        private final PostEffectPass pass;
                      ^
  symbol:   class PostEffectPass
  location: class LoadedShader.Pass
/home/moriz/Projects/OrangeSunshine-worktrees/1.21.11/src/main/java/moriz/orangesunshine/client/render/shader/LoadedShader.java:83: error: cannot find symbol
        public Pass(PostEffectPass pass) {
                    ^
  symbol:   class PostEffectPass
  location: class LoadedShader.Pass
/home/moriz/Projects/OrangeSunshine-worktrees/1.21.11/src/main/java/moriz/orangesunshine/client/render/shader/LoadedShader.java:12: error: package net.minecraft.client.gl does not exist
import net.minecraft.client.gl.*;
^
/home/moriz/Projects/OrangeSunshine-worktrees/1.21.11/src/main/java/moriz/orangesunshine/client/render/shader/ModdedResourceFactory.java:12: error: cannot find symbol
class ModdedResourceFactory implements ResourceFactory {
                                       ^
  symbol: class ResourceFactory
/home/moriz/Projects/OrangeSunshine-worktrees/1.21.11/src/main/java/moriz/orangesunshine/client/render/shader/ModdedResourceFactory.java:13: error: cannot find symbol
    private final ResourceFactory parent;
                  ^
  symbol:   class ResourceFactory
  location: class ModdedResourceFactory
/home/moriz/Projects/OrangeSunshine-worktrees/1.21.11/src/main/java/moriz/orangesunshine/client/render/shader/ModdedResourceFactory.java:18: error: cannot find symbol
    public ModdedResourceFactory(ResourceFactory parent, String defaultNamespace) {
                                 ^
  symbol:   class ResourceFactory
  location: class ModdedResourceFactory
/home/moriz/Projects/OrangeSunshine-worktrees/1.21.11/src/main/java/moriz/orangesunshine/client/render/shader/ModdedResourceFactory.java:24: error: cannot find symbol
    public Optional<Resource> getResource(Identifier id) {
                    ^
  symbol:   class Resource
  location: class ModdedResourceFactory
/home/moriz/Projects/OrangeSunshine-worktrees/1.21.11/src/main/java/moriz/orangesunshine/client/render/shader/ModdedResourceFactory.java:30: error: cannot find symbol
    private Resource loadShader(Resource resource, Identifier id) {
                                ^
  symbol:   class Resource
  location: class ModdedResourceFactory
/home/moriz/Projects/OrangeSunshine-worktrees/1.21.11/src/main/java/moriz/orangesunshine/client/render/shader/ModdedResourceFactory.java:30: error: cannot find symbol
    private Resource loadShader(Resource resource, Identifier id) {
            ^
  symbol:   class Resource
  location: class ModdedResourceFactory
/home/moriz/Projects/OrangeSunshine-worktrees/1.21.11/src/main/java/moriz/orangesunshine/client/render/shader/ModdedResourceFactory.java:9: error: package net.minecraft.resource does not exist
import net.minecraft.resource.*;
^
/home/moriz/Projects/OrangeSunshine-worktrees/1.21.11/src/main/java/moriz/orangesunshine/client/render/shader/ModdedResourceManager.java:10: error: cannot find symbol
class ModdedResourceManager implements ResourceManager {
                                       ^
  symbol: class ResourceManager
/home/moriz/Projects/OrangeSunshine-worktrees/1.21.11/src/main/java/moriz/orangesunshine/client/render/shader/ModdedResourceManager.java:11: error: cannot find symbol
    private final ResourceManager parent;
                  ^
  symbol:   class ResourceManager
  location: class ModdedResourceManager
/home/moriz/Projects/OrangeSunshine-worktrees/1.21.11/src/main/java/moriz/orangesunshine/client/render/shader/ModdedResourceManager.java:15: error: cannot find symbol
    public ModdedResourceManager(ResourceManager parent, String defaultNamespace) {
                                 ^
  symbol:   class ResourceManager
  location: class ModdedResourceManager
/home/moriz/Projects/OrangeSunshine-worktrees/1.21.11/src/main/java/moriz/orangesunshine/client/render/shader/ModdedResourceManager.java:22: error: cannot find symbol
    public Optional<Resource> getResource(Identifier id) {
                    ^
  symbol:   class Resource
  location: class ModdedResourceManager
/home/moriz/Projects/OrangeSunshine-worktrees/1.21.11/src/main/java/moriz/orangesunshine/client/render/shader/ModdedResourceManager.java:32: error: cannot find symbol
    public List<Resource> getAllResources(Identifier id) {
                ^
  symbol:   class Resource
  location: class ModdedResourceManager
/home/moriz/Projects/OrangeSunshine-worktrees/1.21.11/src/main/java/moriz/orangesunshine/client/render/shader/ModdedResourceManager.java:41: error: cannot find symbol
    public Map<Identifier, Resource> findResources(String path, Predicate<Identifier> filter) {
                           ^
  symbol:   class Resource
  location: class ModdedResourceManager
/home/moriz/Projects/OrangeSunshine-worktrees/1.21.11/src/main/java/moriz/orangesunshine/client/render/shader/ModdedResourceManager.java:46: error: cannot find symbol
    public Map<Identifier, List<Resource>> findAllResources(String path, Predicate<Identifier> filter) {
                                ^
  symbol:   class Resource
  location: class ModdedResourceManager
/home/moriz/Projects/OrangeSunshine-worktrees/1.21.11/src/main/java/moriz/orangesunshine/client/render/shader/ModdedResourceManager.java:51: error: cannot find symbol
    public Stream<ResourcePack> streamResourcePacks() {
                  ^
  symbol:   class ResourcePack
  location: class ModdedResourceManager
/home/moriz/Projects/OrangeSunshine-worktrees/1.21.11/src/main/java/moriz/orangesunshine/client/render/shader/ModdedResourceManager.java:7: error: package net.minecraft.resource does not exist
import net.minecraft.resource.*;
^
/home/moriz/Projects/OrangeSunshine-worktrees/1.21.11/src/main/java/moriz/orangesunshine/client/render/shader/PSShaders.java:7: error: package net.minecraft.client.gl does not exist
import net.minecraft.client.gl.ShaderProgram;
                              ^
/home/moriz/Projects/OrangeSunshine-worktrees/1.21.11/src/main/java/moriz/orangesunshine/client/render/shader/PSShaders.java:8: error: package net.minecraft.client.render does not exist
import net.minecraft.client.render.VertexFormats;
                                  ^
/home/moriz/Projects/OrangeSunshine-worktrees/1.21.11/src/main/java/moriz/orangesunshine/client/render/shader/PSShaders.java:12: error: cannot find symbol
    private static ShaderProgram renderTypeZeroMatterProgram;
                   ^
  symbol:   class ShaderProgram
  location: class PSShaders
/home/moriz/Projects/OrangeSunshine-worktrees/1.21.11/src/main/java/moriz/orangesunshine/client/render/shader/PSShaders.java:14: error: cannot find symbol
    public static ShaderProgram getRenderTypeZeroMatterProgram() {
                  ^
  symbol:   class ShaderProgram
  location: class PSShaders
/home/moriz/Projects/OrangeSunshine-worktrees/1.21.11/src/main/java/moriz/orangesunshine/client/render/shader/PostEffectRenderer.java:8: error: package net.minecraft.client.gl does not exist
import net.minecraft.client.gl.PostEffectProcessor;
                              ^
/home/moriz/Projects/OrangeSunshine-worktrees/1.21.11/src/main/java/moriz/orangesunshine/client/render/shader/ShaderLoader.java:17: error: cannot find symbol
import moriz.orangesunshine.client.render.GLStateProxy;
                                         ^
  symbol:   class GLStateProxy
  location: package moriz.orangesunshine.client.render
/home/moriz/Projects/OrangeSunshine-worktrees/1.21.11/src/main/java/moriz/orangesunshine/client/render/shader/ShaderLoader.java:20: error: package net.minecraft.resource does not exist
import net.minecraft.resource.ResourceManager;
                             ^
/home/moriz/Projects/OrangeSunshine-worktrees/1.21.11/src/main/java/moriz/orangesunshine/client/render/shader/ShaderLoader.java:21: error: package net.minecraft.resource does not exist
import net.minecraft.resource.SynchronousResourceReloader;
                             ^
/home/moriz/Projects/OrangeSunshine-worktrees/1.21.11/src/main/java/moriz/orangesunshine/client/render/shader/ShaderLoader.java:25: error: cannot find symbol
public class ShaderLoader implements SynchronousResourceReloader, IdentifiableResourceReloadListener {
                                     ^
  symbol: class SynchronousResourceReloader
/home/moriz/Projects/OrangeSunshine-worktrees/1.21.11/src/main/java/moriz/orangesunshine/client/render/shader/ShaderLoader.java:249: error: cannot find symbol
    private final MinecraftClient client = MinecraftClient.getInstance();
                  ^
  symbol:   class MinecraftClient
  location: class ShaderLoader
/home/moriz/Projects/OrangeSunshine-worktrees/1.21.11/src/main/java/moriz/orangesunshine/client/render/shader/ShaderLoader.java:276: error: cannot find symbol
    public void reload(ResourceManager manager) {
                       ^
  symbol:   class ResourceManager
  location: class ShaderLoader
/home/moriz/Projects/OrangeSunshine-worktrees/1.21.11/src/main/java/moriz/orangesunshine/client/render/shader/ShaderContext.java:12: error: cannot find symbol
        return DrugProperties.of(MinecraftClient.getInstance().player).getHallucinations();
                                 ^
  symbol:   variable MinecraftClient
  location: interface ShaderContext
/home/moriz/Projects/OrangeSunshine-worktrees/1.21.11/src/main/java/moriz/orangesunshine/client/render/shader/ShaderContext.java:16: error: cannot find symbol
        return DrugProperties.of(MinecraftClient.getInstance().player);
                                 ^
  symbol:   variable MinecraftClient
  location: interface ShaderContext
/home/moriz/Projects/OrangeSunshine-worktrees/1.21.11/src/main/java/moriz/orangesunshine/client/render/shader/ShaderContext.java:28: error: cannot find symbol
        return MinecraftClient.getInstance().player.age + tickDelta();
               ^
  symbol:   variable MinecraftClient
  location: interface ShaderContext
/home/moriz/Projects/OrangeSunshine-worktrees/1.21.11/src/main/java/moriz/orangesunshine/client/render/shader/ShaderContext.java:32: error: cannot find symbol
        return MinecraftClient.getInstance().getTickDelta();
               ^
  symbol:   variable MinecraftClient
  location: interface ShaderContext
/home/moriz/Projects/OrangeSunshine-worktrees/1.21.11/src/main/java/moriz/orangesunshine/client/render/shader/ShaderContext.java:36: error: cannot find symbol
        return MinecraftClient.getInstance().world.getTime();
               ^
  symbol:   variable MinecraftClient
  location: interface ShaderContext
/home/moriz/Projects/OrangeSunshine-worktrees/1.21.11/src/main/java/moriz/orangesunshine/client/render/shader/ShaderContext.java:40: error: cannot find symbol
        return MinecraftClient.getInstance().options.getViewDistance().getValue() * 16;
               ^
  symbol:   variable MinecraftClient
  location: interface ShaderContext
/home/moriz/Projects/OrangeSunshine-worktrees/1.21.11/src/main/java/moriz/orangesunshine/client/render/shader/GeometryShader.java:35: error: cannot find symbol
    private final MinecraftClient client = MinecraftClient.getInstance();
                                           ^
  symbol:   variable MinecraftClient
  location: class GeometryShader
/home/moriz/Projects/OrangeSunshine-worktrees/1.21.11/src/main/java/moriz/orangesunshine/client/render/shader/GeometryShader.java:42: error: cannot find symbol
        map.put("PS_DepthSampler", () -> MinecraftClient.getInstance().getFramebuffer().getDepthAttachment());
                                         ^
  symbol:   variable MinecraftClient
  location: class GeometryShader
/home/moriz/Projects/OrangeSunshine-worktrees/1.21.11/src/main/java/moriz/orangesunshine/client/render/shader/GeometryShader.java:43: error: cannot find symbol
        map.put("PS_SurfaceFractalSampler", () -> MinecraftClient.getInstance().getTextureManager().getTexture(PlayerScreenHandler.BLOCK_ATLAS_TEXTURE));
                                                                                                               ^
  symbol:   variable PlayerScreenHandler
  location: class GeometryShader
/home/moriz/Projects/OrangeSunshine-worktrees/1.21.11/src/main/java/moriz/orangesunshine/client/render/shader/GeometryShader.java:43: error: cannot find symbol
        map.put("PS_SurfaceFractalSampler", () -> MinecraftClient.getInstance().getTextureManager().getTexture(PlayerScreenHandler.BLOCK_ATLAS_TEXTURE));
                                                  ^
  symbol:   variable MinecraftClient
  location: class GeometryShader
/home/moriz/Projects/OrangeSunshine-worktrees/1.21.11/src/main/java/moriz/orangesunshine/client/render/shader/GeometryShader.java:48: error: constructor Identifier in class Identifier cannot be applied to given types;
        this.name = new Identifier(name);
                    ^
  required: String,String
  found:    String
  reason: actual and formal argument lists differ in length
/home/moriz/Projects/OrangeSunshine-worktrees/1.21.11/src/main/java/moriz/orangesunshine/client/render/shader/GeometryShader.java:61: error: cannot find symbol
        register.accept(new BoundUniform("PS_SurfaceFractalStrength", GlUniform.getTypeIndex("float"), 1, program, uniform -> {
                                                                      ^
  symbol:   variable GlUniform
  location: class GeometryShader
/home/moriz/Projects/OrangeSunshine-worktrees/1.21.11/src/main/java/moriz/orangesunshine/client/render/shader/GeometryShader.java:64: error: cannot find symbol
        register.accept(new BoundUniform("PS_Pulses", GlUniform.getTypeIndex("float") + 3, 4, program, uniform -> {
                                                      ^
  symbol:   variable GlUniform
  location: class GeometryShader
/home/moriz/Projects/OrangeSunshine-worktrees/1.21.11/src/main/java/moriz/orangesunshine/client/render/shader/GeometryShader.java:67: error: cannot find symbol
        register.accept(new BoundUniform("PS_SurfaceFractalCoords", GlUniform.getTypeIndex("float") + 3, 4, program, uniform -> {
                                                                    ^
  symbol:   variable GlUniform
  location: class GeometryShader
/home/moriz/Projects/OrangeSunshine-worktrees/1.21.11/src/main/java/moriz/orangesunshine/client/render/shader/GeometryShader.java:69: error: cannot find symbol
                Sprite sprite = MinecraftClient.getInstance().getBlockRenderManager().getModels().getModelParticleSprite(Blocks.NETHER_PORTAL.getDefaultState());
                ^
  symbol:   class Sprite
  location: class GeometryShader
/home/moriz/Projects/OrangeSunshine-worktrees/1.21.11/src/main/java/moriz/orangesunshine/client/render/shader/GeometryShader.java:69: error: cannot find symbol
                Sprite sprite = MinecraftClient.getInstance().getBlockRenderManager().getModels().getModelParticleSprite(Blocks.NETHER_PORTAL.getDefaultState());
                                ^
  symbol:   variable MinecraftClient
  location: class GeometryShader
/home/moriz/Projects/OrangeSunshine-worktrees/1.21.11/src/main/java/moriz/orangesunshine/client/render/shader/GeometryShader.java:69: error: package Blocks does not exist
                Sprite sprite = MinecraftClient.getInstance().getBlockRenderManager().getModels().getModelParticleSprite(Blocks.NETHER_PORTAL.getDefaultState());
                                                                                                                               ^
/home/moriz/Projects/OrangeSunshine-worktrees/1.21.11/src/main/java/moriz/orangesunshine/client/render/shader/GeometryShader.java:73: error: cannot find symbol
        register.accept(new BoundUniform("PS_PlayerPosition", GlUniform.getTypeIndex("float") + 2, 3, program, uniform -> {
                                                              ^
  symbol:   variable GlUniform
  location: class GeometryShader
/home/moriz/Projects/OrangeSunshine-worktrees/1.21.11/src/main/java/moriz/orangesunshine/client/render/shader/GeometryShader.java:74: error: cannot find symbol
            Vec3d pos = isEnabled() ? MinecraftClient.getInstance().player.getPos() : Vec3d.ZERO;
            ^
  symbol:   class Vec3d
  location: class GeometryShader
/home/moriz/Projects/OrangeSunshine-worktrees/1.21.11/src/main/java/moriz/orangesunshine/client/render/shader/GeometryShader.java:74: error: cannot find symbol
            Vec3d pos = isEnabled() ? MinecraftClient.getInstance().player.getPos() : Vec3d.ZERO;
                                      ^
  symbol:   variable MinecraftClient
  location: class GeometryShader
/home/moriz/Projects/OrangeSunshine-worktrees/1.21.11/src/main/java/moriz/orangesunshine/client/render/shader/GeometryShader.java:74: error: cannot find symbol
            Vec3d pos = isEnabled() ? MinecraftClient.getInstance().player.getPos() : Vec3d.ZERO;
                                                                                      ^
  symbol:   variable Vec3d
  location: class GeometryShader
/home/moriz/Projects/OrangeSunshine-worktrees/1.21.11/src/main/java/moriz/orangesunshine/client/render/shader/GeometryShader.java:77: error: cannot find symbol
        register.accept(new BoundUniform("PS_WorldTicks", GlUniform.getTypeIndex("float"), 1, program, uniform -> {
                                                          ^
  symbol:   variable GlUniform
  location: class GeometryShader
/home/moriz/Projects/OrangeSunshine-worktrees/1.21.11/src/main/java/moriz/orangesunshine/client/render/shader/GeometryShader.java:80: error: cannot find symbol
        register.accept(new BoundUniform("PS_WavesMatrix", GlUniform.getTypeIndex("float") + 2, 3, program, uniform -> {
                                                           ^
  symbol:   variable GlUniform
  location: class GeometryShader
/home/moriz/Projects/OrangeSunshine-worktrees/1.21.11/src/main/java/moriz/orangesunshine/client/render/shader/GeometryShader.java:92: error: cannot find symbol
        register.accept(new BoundUniform("PS_DistantWorldDeformation", GlUniform.getTypeIndex("float"), 1, program, uniform -> {
                                                                       ^
  symbol:   variable GlUniform
  location: class GeometryShader
/home/moriz/Projects/OrangeSunshine-worktrees/1.21.11/src/main/java/moriz/orangesunshine/client/render/shader/GeometryShader.java:93: error: cannot find symbol
            uniform.set(isWorld() ? ShaderContext.hallucinations().getDistantWorldDeformationStrength(MinecraftClient.getInstance().getTickDelta()) : 0);
                                                                                                      ^
  symbol:   variable MinecraftClient
  location: class GeometryShader
/home/moriz/Projects/OrangeSunshine-worktrees/1.21.11/src/main/java/moriz/orangesunshine/client/render/shader/GeometryShader.java:95: error: cannot find symbol
        register.accept(new BoundUniform("PS_FractalFractureStrength", GlUniform.getTypeIndex("float"), 1, program, uniform -> {
                                                                       ^
  symbol:   variable GlUniform
  location: class GeometryShader
/home/moriz/Projects/OrangeSunshine-worktrees/1.21.11/src/main/java/moriz/orangesunshine/client/render/shader/GeometryShader.java:96: error: cannot find symbol
            uniform.set(isWorld() ? ShaderContext.hallucinations().getSurfaceShatteringStrength(MinecraftClient.getInstance().getTickDelta()) : 0F);
                                                                                                ^
  symbol:   variable MinecraftClient
  location: class GeometryShader
/home/moriz/Projects/OrangeSunshine-worktrees/1.21.11/src/main/java/moriz/orangesunshine/client/render/shader/GeometryShader.java:105: error: cannot find symbol
        if (type == Type.VERTEX) {
                    ^
  symbol:   variable Type
  location: class GeometryShader
/home/moriz/Projects/OrangeSunshine-worktrees/1.21.11/src/main/java/moriz/orangesunshine/client/render/shader/GeometryShader.java:113: error: cannot find symbol
        if (type == Type.FRAGMENT) {
                    ^
  symbol:   variable Type
  location: class GeometryShader
/home/moriz/Projects/OrangeSunshine-worktrees/1.21.11/src/main/java/moriz/orangesunshine/client/render/shader/GeometryShader.java:158: error: method does not override or implement a method from a supertype
        @Override
        ^
/home/moriz/Projects/OrangeSunshine-worktrees/1.21.11/src/main/java/moriz/orangesunshine/client/render/shader/GeometryShader.java:160: error: cannot find symbol
            if (!MinecraftClient.getInstance().isPaused()) {
                 ^
  symbol:   variable MinecraftClient
  location: class BoundUniform
/home/moriz/Projects/OrangeSunshine-worktrees/1.21.11/src/main/java/moriz/orangesunshine/client/render/shader/GeometryShader.java:163: error: non-static variable super cannot be referenced from a static context
            super.upload();
            ^
/home/moriz/Projects/OrangeSunshine-worktrees/1.21.11/src/main/java/moriz/orangesunshine/client/render/shader/GeometryShader.java:163: error: cannot find symbol
            super.upload();
                 ^
  symbol: method upload()
/home/moriz/Projects/OrangeSunshine-worktrees/1.21.11/src/main/java/moriz/orangesunshine/client/render/shader/LoadedShader.java:37: error: method does not override or implement a method from a supertype
    @Override
    ^
/home/moriz/Projects/OrangeSunshine-worktrees/1.21.11/src/main/java/moriz/orangesunshine/client/render/shader/LoadedShader.java:57: error: method does not override or implement a method from a supertype
    @Override
    ^
/home/moriz/Projects/OrangeSunshine-worktrees/1.21.11/src/main/java/moriz/orangesunshine/client/render/shader/LoadedShader.java:61: error: cannot find symbol
        super.setupDimensions(targetsWidth, targetsHeight);
        ^
  symbol:   variable super
  location: class LoadedShader
/home/moriz/Projects/OrangeSunshine-worktrees/1.21.11/src/main/java/moriz/orangesunshine/client/render/shader/LoadedShader.java:64: error: method does not override or implement a method from a supertype
    @Override
    ^
/home/moriz/Projects/OrangeSunshine-worktrees/1.21.11/src/main/java/moriz/orangesunshine/client/render/shader/LoadedShader.java:66: error: cannot find symbol
        PostEffectPass pass = super.addPass(programName, source, dest);
        ^
  symbol:   class PostEffectPass
  location: class LoadedShader
/home/moriz/Projects/OrangeSunshine-worktrees/1.21.11/src/main/java/moriz/orangesunshine/client/render/shader/LoadedShader.java:66: error: cannot find symbol
        PostEffectPass pass = super.addPass(programName, source, dest);
                              ^
  symbol:   variable super
  location: class LoadedShader
/home/moriz/Projects/OrangeSunshine-worktrees/1.21.11/src/main/java/moriz/orangesunshine/client/render/shader/ModdedResourceFactory.java:23: error: method does not override or implement a method from a supertype
    @Override
    ^
/home/moriz/Projects/OrangeSunshine-worktrees/1.21.11/src/main/java/moriz/orangesunshine/client/render/shader/ModdedResourceFactory.java:25: error: Identifier(String,String) has private access in Identifier
        final Identifier overrideId = new Identifier(defaultNamespace, id.getPath());
                                      ^
/home/moriz/Projects/OrangeSunshine-worktrees/1.21.11/src/main/java/moriz/orangesunshine/client/render/shader/ModdedResourceFactory.java:32: error: cannot find symbol
            return new Resource(resource.getPack(), () -> {
                       ^
  symbol:   class Resource
  location: class ModdedResourceFactory
Note: Some input files use or override a deprecated API.
Note: Recompile with -Xlint:deprecation for details.
100 errors

> Task :fabric:compileJava FAILED
[Incubating] Problems report is available at: file:///home/moriz/Projects/OrangeSunshine-worktrees/1.21.11/build/reports/problems/problems-report.html

FAILURE: Build failed with an exception.

* What went wrong:
Execution failed for task ':fabric:compileJava'.
> Compilation failed; see the compiler output below.
  /home/moriz/Projects/OrangeSunshine-worktrees/1.21.11/src/main/java/moriz/orangesunshine/client/render/shader/GeometryShader.java:158: error: method does not override or implement a method from a supertype
          @Override
          ^
  /home/moriz/Projects/OrangeSunshine-worktrees/1.21.11/src/main/java/moriz/orangesunshine/client/render/shader/LoadedShader.java:37: error: method does not override or implement a method from a supertype
      @Override
      ^
  /home/moriz/Projects/OrangeSunshine-worktrees/1.21.11/src/main/java/moriz/orangesunshine/client/render/shader/LoadedShader.java:57: error: method does not override or implement a method from a supertype
      @Override
      ^
  /home/moriz/Projects/OrangeSunshine-worktrees/1.21.11/src/main/java/moriz/orangesunshine/client/render/shader/LoadedShader.java:64: error: method does not override or implement a method from a supertype
      @Override
      ^
  /home/moriz/Projects/OrangeSunshine-worktrees/1.21.11/src/main/java/moriz/orangesunshine/client/render/shader/ModdedResourceFactory.java:23: error: method does not override or implement a method from a supertype
      @Override
      ^
  /home/moriz/Projects/OrangeSunshine-worktrees/1.21.11/src/main/java/moriz/orangesunshine/client/render/shader/GeometryShader.java:163: error: cannot find symbol
              super.upload();
                   ^
    symbol: method upload()
  /home/moriz/Projects/OrangeSunshine-worktrees/1.21.11/src/main/java/moriz/orangesunshine/client/render/shader/LoadedShader.java:15: error: cannot find symbol
  class LoadedShader extends PostEffectProcessor {
                             ^
    symbol: class PostEffectProcessor
  /home/moriz/Projects/OrangeSunshine-worktrees/1.21.11/src/main/java/moriz/orangesunshine/client/render/shader/ModdedResourceFactory.java:12: error: cannot find symbol
  class ModdedResourceFactory implements ResourceFactory {
                                         ^
    symbol: class ResourceFactory
  /home/moriz/Projects/OrangeSunshine-worktrees/1.21.11/src/main/java/moriz/orangesunshine/client/render/shader/ModdedResourceManager.java:10: error: cannot find symbol
  class ModdedResourceManager implements ResourceManager {
                                         ^
    symbol: class ResourceManager
  /home/moriz/Projects/OrangeSunshine-worktrees/1.21.11/src/main/java/moriz/orangesunshine/client/render/shader/ShaderLoader.java:25: error: cannot find symbol
  public class ShaderLoader implements SynchronousResourceReloader, IdentifiableResourceReloadListener {
                                       ^
    symbol: class SynchronousResourceReloader
  /home/moriz/Projects/OrangeSunshine-worktrees/1.21.11/src/main/java/moriz/orangesunshine/client/render/shader/CoreShaderRegistrationCallback.java:11: error: package net.minecraft.client.gl does not exist
  import net.minecraft.client.gl.ShaderProgram;
                                ^
  /home/moriz/Projects/OrangeSunshine-worktrees/1.21.11/src/main/java/moriz/orangesunshine/client/render/shader/CoreShaderRegistrationCallback.java:12: error: package net.minecraft.resource does not exist
  import net.minecraft.resource.ResourceFactory;
                               ^
  /home/moriz/Projects/OrangeSunshine-worktrees/1.21.11/src/main/java/moriz/orangesunshine/client/render/shader/GeometryShader.java:13: error: package net.minecraft.block does not exist
  import net.minecraft.block.Blocks;
                            ^
  /home/moriz/Projects/OrangeSunshine-worktrees/1.21.11/src/main/java/moriz/orangesunshine/client/render/shader/GeometryShader.java:16: error: package net.minecraft.client.gl.ShaderStage does not exist
  import net.minecraft.client.gl.ShaderStage.Type;
                                            ^
  /home/moriz/Projects/OrangeSunshine-worktrees/1.21.11/src/main/java/moriz/orangesunshine/client/render/shader/GeometryShader.java:17: error: package net.minecraft.client.texture does not exist
  import net.minecraft.client.texture.Sprite;
                                     ^
  /home/moriz/Projects/OrangeSunshine-worktrees/1.21.11/src/main/java/moriz/orangesunshine/client/render/shader/GeometryShader.java:19: error: package net.minecraft.screen does not exist
  import net.minecraft.screen.PlayerScreenHandler;
                             ^
  /home/moriz/Projects/OrangeSunshine-worktrees/1.21.11/src/main/java/moriz/orangesunshine/client/render/shader/GeometryShader.java:15: error: package net.minecraft.client.gl does not exist
  import net.minecraft.client.gl.*;
  ^
  /home/moriz/Projects/OrangeSunshine-worktrees/1.21.11/src/main/java/moriz/orangesunshine/client/render/shader/GeometryShader.java:18: error: package net.minecraft.resource does not exist
  import net.minecraft.resource.*;
  ^
  /home/moriz/Projects/OrangeSunshine-worktrees/1.21.11/src/main/java/moriz/orangesunshine/client/render/shader/LoadedShader.java:12: error: package net.minecraft.client.gl does not exist
  import net.minecraft.client.gl.*;
  ^
  /home/moriz/Projects/OrangeSunshine-worktrees/1.21.11/src/main/java/moriz/orangesunshine/client/render/shader/ModdedResourceFactory.java:9: error: package net.minecraft.resource does not exist
  import net.minecraft.resource.*;
  ^
  /home/moriz/Projects/OrangeSunshine-worktrees/1.21.11/src/main/java/moriz/orangesunshine/client/render/shader/ModdedResourceManager.java:7: error: package net.minecraft.resource does not exist
  import net.minecraft.resource.*;
  ^
  /home/moriz/Projects/OrangeSunshine-worktrees/1.21.11/src/main/java/moriz/orangesunshine/client/render/shader/PSShaders.java:7: error: package net.minecraft.client.gl does not exist
  import net.minecraft.client.gl.ShaderProgram;
                                ^
  /home/moriz/Projects/OrangeSunshine-worktrees/1.21.11/src/main/java/moriz/orangesunshine/client/render/shader/PSShaders.java:8: error: package net.minecraft.client.render does not exist
  import net.minecraft.client.render.VertexFormats;
                                    ^
  /home/moriz/Projects/OrangeSunshine-worktrees/1.21.11/src/main/java/moriz/orangesunshine/client/render/shader/PostEffectRenderer.java:8: error: package net.minecraft.client.gl does not exist
  import net.minecraft.client.gl.PostEffectProcessor;
                                ^
  /home/moriz/Projects/OrangeSunshine-worktrees/1.21.11/src/main/java/moriz/orangesunshine/client/render/shader/ShaderLoader.java:20: error: package net.minecraft.resource does not exist
  import net.minecraft.resource.ResourceManager;
                               ^
  /home/moriz/Projects/OrangeSunshine-worktrees/1.21.11/src/main/java/moriz/orangesunshine/client/render/shader/ShaderLoader.java:21: error: package net.minecraft.resource does not exist
  import net.minecraft.resource.SynchronousResourceReloader;
                               ^
  /home/moriz/Projects/OrangeSunshine-worktrees/1.21.11/src/main/java/moriz/orangesunshine/client/render/shader/GeometryShader.java:69: error: package Blocks does not exist
                  Sprite sprite = MinecraftClient.getInstance().getBlockRenderManager().getModels().getModelParticleSprite(Blocks.NETHER_PORTAL.getDefaultState());
                                                                                                                                 ^
  Note: Recompile with -Xlint:deprecation for details.
  Note: Some input files use or override a deprecated API.
  /home/moriz/Projects/OrangeSunshine-worktrees/1.21.11/src/main/java/moriz/orangesunshine/client/render/shader/GeometryShader.java:163: error: non-static variable super cannot be referenced from a static context
              super.upload();
              ^
  /home/moriz/Projects/OrangeSunshine-worktrees/1.21.11/src/main/java/moriz/orangesunshine/client/render/shader/GeometryShader.java:48: error: constructor Identifier in class Identifier cannot be applied to given types;
          this.name = new Identifier(name);
                      ^
    required: String,String
    found:    String
    reason: actual and formal argument lists differ in length
  /home/moriz/Projects/OrangeSunshine-worktrees/1.21.11/src/main/java/moriz/orangesunshine/client/render/shader/CoreShaderRegistrationCallback.java:23: error: cannot find symbol
      void call(ResourceFactory factory, List<Pair<ShaderProgram, Consumer<ShaderProgram>>> shaderList) throws IOException;
                ^
    symbol:   class ResourceFactory
    location: interface CoreShaderRegistrationCallback
  /home/moriz/Projects/OrangeSunshine-worktrees/1.21.11/src/main/java/moriz/orangesunshine/client/render/shader/CoreShaderRegistrationCallback.java:23: error: cannot find symbol
      void call(ResourceFactory factory, List<Pair<ShaderProgram, Consumer<ShaderProgram>>> shaderList) throws IOException;
                                                   ^
    symbol:   class ShaderProgram
    location: interface CoreShaderRegistrationCallback
  /home/moriz/Projects/OrangeSunshine-worktrees/1.21.11/src/main/java/moriz/orangesunshine/client/render/shader/CoreShaderRegistrationCallback.java:23: error: cannot find symbol
      void call(ResourceFactory factory, List<Pair<ShaderProgram, Consumer<ShaderProgram>>> shaderList) throws IOException;
                                                                           ^
    symbol:   class ShaderProgram
    location: interface CoreShaderRegistrationCallback
  /home/moriz/Projects/OrangeSunshine-worktrees/1.21.11/src/main/java/moriz/orangesunshine/client/render/shader/GeometryShader.java:33: error: cannot find symbol
      private Type type;
              ^
    symbol:   class Type
    location: class GeometryShader
  /home/moriz/Projects/OrangeSunshine-worktrees/1.21.11/src/main/java/moriz/orangesunshine/client/render/shader/GeometryShader.java:35: error: cannot find symbol
      private final MinecraftClient client = MinecraftClient.getInstance();
                    ^
    symbol:   class MinecraftClient
    location: class GeometryShader
  /home/moriz/Projects/OrangeSunshine-worktrees/1.21.11/src/main/java/moriz/orangesunshine/client/render/shader/GeometryShader.java:36: error: cannot find symbol
      private final ResourceManager manager = client.getResourceManager();
                    ^
    symbol:   class ResourceManager
    location: class GeometryShader
  /home/moriz/Projects/OrangeSunshine-worktrees/1.21.11/src/main/java/moriz/orangesunshine/client/render/shader/GeometryShader.java:47: error: cannot find symbol
      public void setup(Type type, String name, InputStream stream, String domain, GlImportProcessor loader) {
                        ^
    symbol:   class Type
    location: class GeometryShader
  /home/moriz/Projects/OrangeSunshine-worktrees/1.21.11/src/main/java/moriz/orangesunshine/client/render/shader/GeometryShader.java:47: error: cannot find symbol
      public void setup(Type type, String name, InputStream stream, String domain, GlImportProcessor loader) {
                                                                                   ^
    symbol:   class GlImportProcessor
    location: class GeometryShader
  /home/moriz/Projects/OrangeSunshine-worktrees/1.21.11/src/main/java/moriz/orangesunshine/client/render/shader/GeometryShader.java:60: error: cannot find symbol
      public void addUniforms(ShaderProgramSetupView program, Consumer<GlUniform> register) {
                              ^
    symbol:   class ShaderProgramSetupView
    location: class GeometryShader
  /home/moriz/Projects/OrangeSunshine-worktrees/1.21.11/src/main/java/moriz/orangesunshine/client/render/shader/GeometryShader.java:60: error: cannot find symbol
      public void addUniforms(ShaderProgramSetupView program, Consumer<GlUniform> register) {
                                                                       ^
    symbol:   class GlUniform
    location: class GeometryShader
  /home/moriz/Projects/OrangeSunshine-worktrees/1.21.11/src/main/java/moriz/orangesunshine/client/render/shader/GeometryShader.java:150: error: cannot find symbol
      static class BoundUniform extends GlUniform {
                                        ^
    symbol:   class GlUniform
    location: class GeometryShader
  /home/moriz/Projects/OrangeSunshine-worktrees/1.21.11/src/main/java/moriz/orangesunshine/client/render/shader/GeometryShader.java:151: error: cannot find symbol
          private final Consumer<GlUniform> valueGetter;
                                 ^
    symbol:   class GlUniform
    location: class BoundUniform
  /home/moriz/Projects/OrangeSunshine-worktrees/1.21.11/src/main/java/moriz/orangesunshine/client/render/shader/GeometryShader.java:153: error: cannot find symbol
          public BoundUniform(String name, int dataType, int count, ShaderProgramSetupView program, Consumer<GlUniform> valueGetter) {
                                                                    ^
    symbol:   class ShaderProgramSetupView
    location: class BoundUniform
  /home/moriz/Projects/OrangeSunshine-worktrees/1.21.11/src/main/java/moriz/orangesunshine/client/render/shader/GeometryShader.java:153: error: cannot find symbol
          public BoundUniform(String name, int dataType, int count, ShaderProgramSetupView program, Consumer<GlUniform> valueGetter) {
                                                                                                             ^
    symbol:   class GlUniform
    location: class BoundUniform
  /home/moriz/Projects/OrangeSunshine-worktrees/1.21.11/src/main/java/moriz/orangesunshine/client/render/shader/LoadedShader.java:25: error: cannot find symbol
      public LoadedShader(MinecraftClient client, Identifier id, UniformBinding.Set bindings) throws IOException, JsonSyntaxException {
                          ^
    symbol:   class MinecraftClient
    location: class LoadedShader
  /home/moriz/Projects/OrangeSunshine-worktrees/1.21.11/src/main/java/moriz/orangesunshine/client/render/shader/LoadedShader.java:65: error: cannot find symbol
      public PostEffectPass addPass(String programName, Framebuffer source, Framebuffer dest) throws IOException {
                                                        ^
    symbol:   class Framebuffer
    location: class LoadedShader
  /home/moriz/Projects/OrangeSunshine-worktrees/1.21.11/src/main/java/moriz/orangesunshine/client/render/shader/LoadedShader.java:65: error: cannot find symbol
      public PostEffectPass addPass(String programName, Framebuffer source, Framebuffer dest) throws IOException {
                                                                            ^
    symbol:   class Framebuffer
    location: class LoadedShader
  /home/moriz/Projects/OrangeSunshine-worktrees/1.21.11/src/main/java/moriz/orangesunshine/client/render/shader/LoadedShader.java:65: error: cannot find symbol
      public PostEffectPass addPass(String programName, Framebuffer source, Framebuffer dest) throws IOException {
             ^
    symbol:   class PostEffectPass
    location: class LoadedShader
  /home/moriz/Projects/OrangeSunshine-worktrees/1.21.11/src/main/java/moriz/orangesunshine/client/render/shader/LoadedShader.java:75: error: cannot find symbol
          private final JsonEffectShaderProgram program;
                        ^
    symbol:   class JsonEffectShaderProgram
    location: class LoadedShader.Pass
  /home/moriz/Projects/OrangeSunshine-worktrees/1.21.11/src/main/java/moriz/orangesunshine/client/render/shader/LoadedShader.java:76: error: cannot find symbol
          private final PostEffectPass pass;
                        ^
    symbol:   class PostEffectPass
    location: class LoadedShader.Pass
  /home/moriz/Projects/OrangeSunshine-worktrees/1.21.11/src/main/java/moriz/orangesunshine/client/render/shader/LoadedShader.java:83: error: cannot find symbol
          public Pass(PostEffectPass pass) {
                      ^
    symbol:   class PostEffectPass
    location: class LoadedShader.Pass
  /home/moriz/Projects/OrangeSunshine-worktrees/1.21.11/src/main/java/moriz/orangesunshine/client/render/shader/ModdedResourceFactory.java:13: error: cannot find symbol
      private final ResourceFactory parent;
                    ^
    symbol:   class ResourceFactory
    location: class ModdedResourceFactory
  /home/moriz/Projects/OrangeSunshine-worktrees/1.21.11/src/main/java/moriz/orangesunshine/client/render/shader/ModdedResourceFactory.java:18: error: cannot find symbol
      public ModdedResourceFactory(ResourceFactory parent, String defaultNamespace) {
                                   ^
    symbol:   class ResourceFactory
    location: class ModdedResourceFactory
  /home/moriz/Projects/OrangeSunshine-worktrees/1.21.11/src/main/java/moriz/orangesunshine/client/render/shader/ModdedResourceFactory.java:24: error: cannot find symbol
      public Optional<Resource> getResource(Identifier id) {
                      ^
    symbol:   class Resource
    location: class ModdedResourceFactory
  /home/moriz/Projects/OrangeSunshine-worktrees/1.21.11/src/main/java/moriz/orangesunshine/client/render/shader/ModdedResourceFactory.java:30: error: cannot find symbol
      private Resource loadShader(Resource resource, Identifier id) {
                                  ^
    symbol:   class Resource
    location: class ModdedResourceFactory
  /home/moriz/Projects/OrangeSunshine-worktrees/1.21.11/src/main/java/moriz/orangesunshine/client/render/shader/ModdedResourceFactory.java:30: error: cannot find symbol
      private Resource loadShader(Resource resource, Identifier id) {
              ^
    symbol:   class Resource
    location: class ModdedResourceFactory
  /home/moriz/Projects/OrangeSunshine-worktrees/1.21.11/src/main/java/moriz/orangesunshine/client/render/shader/ModdedResourceManager.java:11: error: cannot find symbol
      private final ResourceManager parent;
                    ^
    symbol:   class ResourceManager
    location: class ModdedResourceManager
  /home/moriz/Projects/OrangeSunshine-worktrees/1.21.11/src/main/java/moriz/orangesunshine/client/render/shader/ModdedResourceManager.java:15: error: cannot find symbol
      public ModdedResourceManager(ResourceManager parent, String defaultNamespace) {
                                   ^
    symbol:   class ResourceManager
    location: class ModdedResourceManager
  /home/moriz/Projects/OrangeSunshine-worktrees/1.21.11/src/main/java/moriz/orangesunshine/client/render/shader/ModdedResourceManager.java:22: error: cannot find symbol
      public Optional<Resource> getResource(Identifier id) {
                      ^
    symbol:   class Resource
    location: class ModdedResourceManager
  /home/moriz/Projects/OrangeSunshine-worktrees/1.21.11/src/main/java/moriz/orangesunshine/client/render/shader/ModdedResourceManager.java:32: error: cannot find symbol
      public List<Resource> getAllResources(Identifier id) {
                  ^
    symbol:   class Resource
    location: class ModdedResourceManager
  /home/moriz/Projects/OrangeSunshine-worktrees/1.21.11/src/main/java/moriz/orangesunshine/client/render/shader/ModdedResourceManager.java:41: error: cannot find symbol
      public Map<Identifier, Resource> findResources(String path, Predicate<Identifier> filter) {
                             ^
    symbol:   class Resource
    location: class ModdedResourceManager
  /home/moriz/Projects/OrangeSunshine-worktrees/1.21.11/src/main/java/moriz/orangesunshine/client/render/shader/ModdedResourceManager.java:46: error: cannot find symbol
      public Map<Identifier, List<Resource>> findAllResources(String path, Predicate<Identifier> filter) {
                                  ^
    symbol:   class Resource
    location: class ModdedResourceManager
  /home/moriz/Projects/OrangeSunshine-worktrees/1.21.11/src/main/java/moriz/orangesunshine/client/render/shader/ModdedResourceManager.java:51: error: cannot find symbol
      public Stream<ResourcePack> streamResourcePacks() {
                    ^
    symbol:   class ResourcePack
    location: class ModdedResourceManager
  /home/moriz/Projects/OrangeSunshine-worktrees/1.21.11/src/main/java/moriz/orangesunshine/client/render/shader/PSShaders.java:12: error: cannot find symbol
      private static ShaderProgram renderTypeZeroMatterProgram;
                     ^
    symbol:   class ShaderProgram
    location: class PSShaders
  /home/moriz/Projects/OrangeSunshine-worktrees/1.21.11/src/main/java/moriz/orangesunshine/client/render/shader/PSShaders.java:14: error: cannot find symbol
      public static ShaderProgram getRenderTypeZeroMatterProgram() {
                    ^
    symbol:   class ShaderProgram
    location: class PSShaders
  /home/moriz/Projects/OrangeSunshine-worktrees/1.21.11/src/main/java/moriz/orangesunshine/client/render/shader/ShaderLoader.java:17: error: cannot find symbol
  import moriz.orangesunshine.client.render.GLStateProxy;
                                           ^
    symbol:   class GLStateProxy
    location: package moriz.orangesunshine.client.render
  /home/moriz/Projects/OrangeSunshine-worktrees/1.21.11/src/main/java/moriz/orangesunshine/client/render/shader/ShaderLoader.java:249: error: cannot find symbol
      private final MinecraftClient client = MinecraftClient.getInstance();
                    ^
    symbol:   class MinecraftClient
    location: class ShaderLoader
  /home/moriz/Projects/OrangeSunshine-worktrees/1.21.11/src/main/java/moriz/orangesunshine/client/render/shader/ShaderLoader.java:276: error: cannot find symbol
      public void reload(ResourceManager manager) {
                         ^
    symbol:   class ResourceManager
    location: class ShaderLoader
  /home/moriz/Projects/OrangeSunshine-worktrees/1.21.11/src/main/java/moriz/orangesunshine/client/render/shader/ShaderContext.java:12: error: cannot find symbol
          return DrugProperties.of(MinecraftClient.getInstance().player).getHallucinations();
                                   ^
    symbol:   variable MinecraftClient
    location: interface ShaderContext
  /home/moriz/Projects/OrangeSunshine-worktrees/1.21.11/src/main/java/moriz/orangesunshine/client/render/shader/ShaderContext.java:16: error: cannot find symbol
          return DrugProperties.of(MinecraftClient.getInstance().player);
                                   ^
    symbol:   variable MinecraftClient
    location: interface ShaderContext
  /home/moriz/Projects/OrangeSunshine-worktrees/1.21.11/src/main/java/moriz/orangesunshine/client/render/shader/ShaderContext.java:28: error: cannot find symbol
          return MinecraftClient.getInstance().player.age + tickDelta();
                 ^
    symbol:   variable MinecraftClient
    location: interface ShaderContext
  /home/moriz/Projects/OrangeSunshine-worktrees/1.21.11/src/main/java/moriz/orangesunshine/client/render/shader/ShaderContext.java:32: error: cannot find symbol
          return MinecraftClient.getInstance().getTickDelta();
                 ^
    symbol:   variable MinecraftClient
    location: interface ShaderContext
  /home/moriz/Projects/OrangeSunshine-worktrees/1.21.11/src/main/java/moriz/orangesunshine/client/render/shader/ShaderContext.java:36: error: cannot find symbol
          return MinecraftClient.getInstance().world.getTime();
                 ^
    symbol:   variable MinecraftClient
    location: interface ShaderContext
  /home/moriz/Projects/OrangeSunshine-worktrees/1.21.11/src/main/java/moriz/orangesunshine/client/render/shader/ShaderContext.java:40: error: cannot find symbol
          return MinecraftClient.getInstance().options.getViewDistance().getValue() * 16;
                 ^
    symbol:   variable MinecraftClient
    location: interface ShaderContext
  /home/moriz/Projects/OrangeSunshine-worktrees/1.21.11/src/main/java/moriz/orangesunshine/client/render/shader/GeometryShader.java:35: error: cannot find symbol
      private final MinecraftClient client = MinecraftClient.getInstance();
                                             ^
    symbol:   variable MinecraftClient
    location: class GeometryShader
  /home/moriz/Projects/OrangeSunshine-worktrees/1.21.11/src/main/java/moriz/orangesunshine/client/render/shader/GeometryShader.java:42: error: cannot find symbol
          map.put("PS_DepthSampler", () -> MinecraftClient.getInstance().getFramebuffer().getDepthAttachment());
                                           ^
    symbol:   variable MinecraftClient
    location: class GeometryShader
  /home/moriz/Projects/OrangeSunshine-worktrees/1.21.11/src/main/java/moriz/orangesunshine/client/render/shader/GeometryShader.java:43: error: cannot find symbol
          map.put("PS_SurfaceFractalSampler", () -> MinecraftClient.getInstance().getTextureManager().getTexture(PlayerScreenHandler.BLOCK_ATLAS_TEXTURE));
                                                                                                                 ^
    symbol:   variable PlayerScreenHandler
    location: class GeometryShader
  /home/moriz/Projects/OrangeSunshine-worktrees/1.21.11/src/main/java/moriz/orangesunshine/client/render/shader/GeometryShader.java:43: error: cannot find symbol
          map.put("PS_SurfaceFractalSampler", () -> MinecraftClient.getInstance().getTextureManager().getTexture(PlayerScreenHandler.BLOCK_ATLAS_TEXTURE));
                                                    ^
    symbol:   variable MinecraftClient
    location: class GeometryShader
  /home/moriz/Projects/OrangeSunshine-worktrees/1.21.11/src/main/java/moriz/orangesunshine/client/render/shader/GeometryShader.java:61: error: cannot find symbol
          register.accept(new BoundUniform("PS_SurfaceFractalStrength", GlUniform.getTypeIndex("float"), 1, program, uniform -> {
                                                                        ^
    symbol:   variable GlUniform
    location: class GeometryShader
  /home/moriz/Projects/OrangeSunshine-worktrees/1.21.11/src/main/java/moriz/orangesunshine/client/render/shader/GeometryShader.java:64: error: cannot find symbol
          register.accept(new BoundUniform("PS_Pulses", GlUniform.getTypeIndex("float") + 3, 4, program, uniform -> {
                                                        ^
    symbol:   variable GlUniform
    location: class GeometryShader
  /home/moriz/Projects/OrangeSunshine-worktrees/1.21.11/src/main/java/moriz/orangesunshine/client/render/shader/GeometryShader.java:67: error: cannot find symbol
          register.accept(new BoundUniform("PS_SurfaceFractalCoords", GlUniform.getTypeIndex("float") + 3, 4, program, uniform -> {
                                                                      ^
    symbol:   variable GlUniform
    location: class GeometryShader
  /home/moriz/Projects/OrangeSunshine-worktrees/1.21.11/src/main/java/moriz/orangesunshine/client/render/shader/GeometryShader.java:69: error: cannot find symbol
                  Sprite sprite = MinecraftClient.getInstance().getBlockRenderManager().getModels().getModelParticleSprite(Blocks.NETHER_PORTAL.getDefaultState());
                  ^
    symbol:   class Sprite
    location: class GeometryShader
  /home/moriz/Projects/OrangeSunshine-worktrees/1.21.11/src/main/java/moriz/orangesunshine/client/render/shader/GeometryShader.java:69: error: cannot find symbol
                  Sprite sprite = MinecraftClient.getInstance().getBlockRenderManager().getModels().getModelParticleSprite(Blocks.NETHER_PORTAL.getDefaultState());
                                  ^
    symbol:   variable MinecraftClient
    location: class GeometryShader
  /home/moriz/Projects/OrangeSunshine-worktrees/1.21.11/src/main/java/moriz/orangesunshine/client/render/shader/GeometryShader.java:73: error: cannot find symbol
          register.accept(new BoundUniform("PS_PlayerPosition", GlUniform.getTypeIndex("float") + 2, 3, program, uniform -> {
                                                                ^
    symbol:   variable GlUniform
    location: class GeometryShader
  /home/moriz/Projects/OrangeSunshine-worktrees/1.21.11/src/main/java/moriz/orangesunshine/client/render/shader/GeometryShader.java:74: error: cannot find symbol
              Vec3d pos = isEnabled() ? MinecraftClient.getInstance().player.getPos() : Vec3d.ZERO;
              ^
    symbol:   class Vec3d
    location: class GeometryShader
  /home/moriz/Projects/OrangeSunshine-worktrees/1.21.11/src/main/java/moriz/orangesunshine/client/render/shader/GeometryShader.java:74: error: cannot find symbol
              Vec3d pos = isEnabled() ? MinecraftClient.getInstance().player.getPos() : Vec3d.ZERO;
                                        ^
    symbol:   variable MinecraftClient
    location: class GeometryShader
  /home/moriz/Projects/OrangeSunshine-worktrees/1.21.11/src/main/java/moriz/orangesunshine/client/render/shader/GeometryShader.java:74: error: cannot find symbol
              Vec3d pos = isEnabled() ? MinecraftClient.getInstance().player.getPos() : Vec3d.ZERO;
                                                                                        ^
    symbol:   variable Vec3d
    location: class GeometryShader
  /home/moriz/Projects/OrangeSunshine-worktrees/1.21.11/src/main/java/moriz/orangesunshine/client/render/shader/GeometryShader.java:77: error: cannot find symbol
          register.accept(new BoundUniform("PS_WorldTicks", GlUniform.getTypeIndex("float"), 1, program, uniform -> {
                                                            ^
    symbol:   variable GlUniform
    location: class GeometryShader
  /home/moriz/Projects/OrangeSunshine-worktrees/1.21.11/src/main/java/moriz/orangesunshine/client/render/shader/GeometryShader.java:80: error: cannot find symbol
          register.accept(new BoundUniform("PS_WavesMatrix", GlUniform.getTypeIndex("float") + 2, 3, program, uniform -> {
                                                             ^
    symbol:   variable GlUniform
    location: class GeometryShader
  /home/moriz/Projects/OrangeSunshine-worktrees/1.21.11/src/main/java/moriz/orangesunshine/client/render/shader/GeometryShader.java:92: error: cannot find symbol
          register.accept(new BoundUniform("PS_DistantWorldDeformation", GlUniform.getTypeIndex("float"), 1, program, uniform -> {
                                                                         ^
    symbol:   variable GlUniform
    location: class GeometryShader
  /home/moriz/Projects/OrangeSunshine-worktrees/1.21.11/src/main/java/moriz/orangesunshine/client/render/shader/GeometryShader.java:93: error: cannot find symbol
              uniform.set(isWorld() ? ShaderContext.hallucinations().getDistantWorldDeformationStrength(MinecraftClient.getInstance().getTickDelta()) : 0);
                                                                                                        ^
    symbol:   variable MinecraftClient
    location: class GeometryShader
  /home/moriz/Projects/OrangeSunshine-worktrees/1.21.11/src/main/java/moriz/orangesunshine/client/render/shader/GeometryShader.java:95: error: cannot find symbol
          register.accept(new BoundUniform("PS_FractalFractureStrength", GlUniform.getTypeIndex("float"), 1, program, uniform -> {
                                                                         ^
    symbol:   variable GlUniform
    location: class GeometryShader
  /home/moriz/Projects/OrangeSunshine-worktrees/1.21.11/src/main/java/moriz/orangesunshine/client/render/shader/GeometryShader.java:96: error: cannot find symbol
              uniform.set(isWorld() ? ShaderContext.hallucinations().getSurfaceShatteringStrength(MinecraftClient.getInstance().getTickDelta()) : 0F);
                                                                                                  ^
    symbol:   variable MinecraftClient
    location: class GeometryShader
  /home/moriz/Projects/OrangeSunshine-worktrees/1.21.11/src/main/java/moriz/orangesunshine/client/render/shader/GeometryShader.java:105: error: cannot find symbol
          if (type == Type.VERTEX) {
                      ^
    symbol:   variable Type
    location: class GeometryShader
  /home/moriz/Projects/OrangeSunshine-worktrees/1.21.11/src/main/java/moriz/orangesunshine/client/render/shader/GeometryShader.java:113: error: cannot find symbol
          if (type == Type.FRAGMENT) {
                      ^
    symbol:   variable Type
    location: class GeometryShader
  /home/moriz/Projects/OrangeSunshine-worktrees/1.21.11/src/main/java/moriz/orangesunshine/client/render/shader/GeometryShader.java:160: error: cannot find symbol
              if (!MinecraftClient.getInstance().isPaused()) {
                   ^
    symbol:   variable MinecraftClient
    location: class BoundUniform
  /home/moriz/Projects/OrangeSunshine-worktrees/1.21.11/src/main/java/moriz/orangesunshine/client/render/shader/LoadedShader.java:61: error: cannot find symbol
          super.setupDimensions(targetsWidth, targetsHeight);
          ^
    symbol:   variable super
    location: class LoadedShader
  /home/moriz/Projects/OrangeSunshine-worktrees/1.21.11/src/main/java/moriz/orangesunshine/client/render/shader/LoadedShader.java:66: error: cannot find symbol
          PostEffectPass pass = super.addPass(programName, source, dest);
          ^
    symbol:   class PostEffectPass
    location: class LoadedShader
  /home/moriz/Projects/OrangeSunshine-worktrees/1.21.11/src/main/java/moriz/orangesunshine/client/render/shader/LoadedShader.java:66: error: cannot find symbol
          PostEffectPass pass = super.addPass(programName, source, dest);
                                ^
    symbol:   variable super
    location: class LoadedShader
  /home/moriz/Projects/OrangeSunshine-worktrees/1.21.11/src/main/java/moriz/orangesunshine/client/render/shader/ModdedResourceFactory.java:32: error: cannot find symbol
              return new Resource(resource.getPack(), () -> {
                         ^
    symbol:   class Resource
    location: class ModdedResourceFactory
  /home/moriz/Projects/OrangeSunshine-worktrees/1.21.11/src/main/java/moriz/orangesunshine/client/render/shader/ModdedResourceFactory.java:25: error: Identifier(String,String) has private access in Identifier
          final Identifier overrideId = new Identifier(defaultNamespace, id.getPath());
                                        ^
  100 errors

* Try:
> Check your code and dependencies to fix the compilation error(s)
> Run with --scan to get full insights.

BUILD FAILED in 12s
4 actionable tasks: 1 executed, 3 up-to-date
