WARNING: A restricted method in java.lang.System has been called
WARNING: java.lang.System::load has been called by net.rubygrapefruit.platform.internal.NativeLibraryLoader in an unnamed module (file:/home/moriz/.gradle/wrapper/dists/gradle-8.11.1-bin/bpt9gzteqjrbo1mjrsomdt32c/gradle-8.11.1/lib/native-platform-0.22-milestone-26.jar)
WARNING: Use --enable-native-access=ALL-UNNAMED to avoid a warning for callers in this module
WARNING: Restricted methods will be blocked in a future release unless native access is enabled

To honour the JVM settings for this build a single-use Daemon process will be forked. For more on this, please refer to https://docs.gradle.org/8.11.1/userguide/gradle_daemon.html#sec:disabling_the_daemon in the Gradle documentation.
Daemon will be stopped at the end of the build 

> Configure project :
Architect Plugin: 3.4.162
Architectury Loom: 1.13.467
This version of Architectury Loom is in beta! Please report any issues you encounter: https://github.com/architectury/architectury-loom/issues

> Task :common:compileJava UP-TO-DATE
> Task :common:processResources UP-TO-DATE
> Task :common:classes UP-TO-DATE
> Task :common:jar UP-TO-DATE

> Task :fabric:compileJava
/home/moriz/Projects/OrangeSunshine-worktrees/1.21.11/src/main/java/moriz/orangesunshine/client/render/shader/CoreShaderRegistrationCallback.java:11: error: package net.minecraft.client.gl does not exist
import net.minecraft.client.gl.ShaderProgram;
                              ^
/home/moriz/Projects/OrangeSunshine-worktrees/1.21.11/src/main/java/moriz/orangesunshine/client/render/shader/CoreShaderRegistrationCallback.java:12: error: cannot find symbol
import net.minecraft.server.packs.resources.ResourceFactory;
                                           ^
  symbol:   class ResourceFactory
  location: package net.minecraft.server.packs.resources
/home/moriz/Projects/OrangeSunshine-worktrees/1.21.11/src/main/java/moriz/orangesunshine/client/render/shader/CoreShaderRegistrationCallback.java:23: error: cannot find symbol
    void call(ResourceFactory factory, List<Pair<ShaderProgram, Consumer<ShaderProgram>>> shaderList) throws IOException;
              ^
  symbol:   class ResourceFactory
  location: interface CoreShaderRegistrationCallback
/home/moriz/Projects/OrangeSunshine-worktrees/1.21.11/src/main/java/moriz/orangesunshine/client/render/shader/CoreShaderRegistrationCallback.java:23: error: cannot find symbol
    void call(ResourceFactory factory, List<Pair<ShaderProgram, Consumer<ShaderProgram>>> shaderList) throws IOException;
                                                 ^
  symbol:   class ShaderProgram
  location: interface CoreShaderRegistrationCallback
/home/moriz/Projects/OrangeSunshine-worktrees/1.21.11/src/main/java/moriz/orangesunshine/client/render/shader/CoreShaderRegistrationCallback.java:23: error: cannot find symbol
    void call(ResourceFactory factory, List<Pair<ShaderProgram, Consumer<ShaderProgram>>> shaderList) throws IOException;
                                                                         ^
  symbol:   class ShaderProgram
  location: interface CoreShaderRegistrationCallback
/home/moriz/Projects/OrangeSunshine-worktrees/1.21.11/src/main/java/moriz/orangesunshine/client/render/shader/GeometryShader.java:15: error: cannot find symbol
import net.minecraft.client.renderer.ShaderInstance;
                                    ^
  symbol:   class ShaderInstance
  location: package net.minecraft.client.renderer
/home/moriz/Projects/OrangeSunshine-worktrees/1.21.11/src/main/java/moriz/orangesunshine/client/render/shader/GeometryShader.java:16: error: package net.minecraft.client.texture does not exist
import net.minecraft.client.texture.Sprite;
                                   ^
/home/moriz/Projects/OrangeSunshine-worktrees/1.21.11/src/main/java/moriz/orangesunshine/client/render/shader/GeometryShader.java:20: error: cannot find symbol
import net.minecraft.util.Identifier;
                         ^
  symbol:   class Identifier
  location: package net.minecraft.util
/home/moriz/Projects/OrangeSunshine-worktrees/1.21.11/src/main/java/moriz/orangesunshine/client/render/shader/GeometryShader.java:22: error: package net.minecraft.util.math does not exist
import net.minecraft.util.math.MathHelper;
                              ^
/home/moriz/Projects/OrangeSunshine-worktrees/1.21.11/src/main/java/moriz/orangesunshine/client/render/shader/GeometryShader.java:24: error: cannot find symbol
import net.minecraft.client.MinecraftClient;
                           ^
  symbol:   class MinecraftClient
  location: package net.minecraft.client
/home/moriz/Projects/OrangeSunshine-worktrees/1.21.11/src/main/java/moriz/orangesunshine/client/render/shader/GeometryShader.java:25: error: package net.minecraft.client.gl does not exist
import net.minecraft.client.gl.GlUniform;
                              ^
/home/moriz/Projects/OrangeSunshine-worktrees/1.21.11/src/main/java/moriz/orangesunshine/client/render/shader/GeometryShader.java:26: error: package net.minecraft.client.gl does not exist
import net.minecraft.client.gl.ShaderProgramSetupView;
                              ^
/home/moriz/Projects/OrangeSunshine-worktrees/1.21.11/src/main/java/moriz/orangesunshine/client/render/shader/GeometryShader.java:27: error: package net.minecraft.client.gl does not exist
import net.minecraft.client.gl.GlImportProcessor;
                              ^
/home/moriz/Projects/OrangeSunshine-worktrees/1.21.11/src/main/java/moriz/orangesunshine/client/render/shader/GeometryShader.java:28: error: cannot find symbol
import net.minecraft.world.inventory.PlayerScreenHandler;
                                    ^
  symbol:   class PlayerScreenHandler
  location: package net.minecraft.world.inventory
/home/moriz/Projects/OrangeSunshine-worktrees/1.21.11/src/main/java/moriz/orangesunshine/client/render/shader/GeometryShader.java:33: error: cannot find symbol
    private static final Identifier BASIC = Identifier.of("orangesunshine", "basic");
                         ^
  symbol:   class Identifier
  location: class GeometryShader
/home/moriz/Projects/OrangeSunshine-worktrees/1.21.11/src/main/java/moriz/orangesunshine/client/render/shader/GeometryShader.java:37: error: cannot find symbol
    private Identifier name;
            ^
  symbol:   class Identifier
  location: class GeometryShader
/home/moriz/Projects/OrangeSunshine-worktrees/1.21.11/src/main/java/moriz/orangesunshine/client/render/shader/GeometryShader.java:40: error: cannot find symbol
    private final MinecraftClient client = MinecraftClient.getInstance();
                  ^
  symbol:   class MinecraftClient
  location: class GeometryShader
/home/moriz/Projects/OrangeSunshine-worktrees/1.21.11/src/main/java/moriz/orangesunshine/client/render/shader/GeometryShader.java:43: error: cannot find symbol
    private final Map<Identifier, Optional<String>> loadedPrograms = new HashMap<>();
                      ^
  symbol:   class Identifier
  location: class GeometryShader
/home/moriz/Projects/OrangeSunshine-worktrees/1.21.11/src/main/java/moriz/orangesunshine/client/render/shader/GeometryShader.java:52: error: cannot find symbol
    public void setup(ShaderType type, String name, InputStream stream, String domain, GlImportProcessor loader) {
                                                                                       ^
  symbol:   class GlImportProcessor
  location: class GeometryShader
/home/moriz/Projects/OrangeSunshine-worktrees/1.21.11/src/main/java/moriz/orangesunshine/client/render/shader/GeometryShader.java:65: error: cannot find symbol
    public void addUniforms(ShaderProgramSetupView program, Consumer<GlUniform> register) {
                            ^
  symbol:   class ShaderProgramSetupView
  location: class GeometryShader
/home/moriz/Projects/OrangeSunshine-worktrees/1.21.11/src/main/java/moriz/orangesunshine/client/render/shader/GeometryShader.java:65: error: cannot find symbol
    public void addUniforms(ShaderProgramSetupView program, Consumer<GlUniform> register) {
                                                                     ^
  symbol:   class GlUniform
  location: class GeometryShader
/home/moriz/Projects/OrangeSunshine-worktrees/1.21.11/src/main/java/moriz/orangesunshine/client/render/shader/GeometryShader.java:142: error: cannot find symbol
    private Optional<String> loadProgram(Identifier id) {
                                         ^
  symbol:   class Identifier
  location: class GeometryShader
/home/moriz/Projects/OrangeSunshine-worktrees/1.21.11/src/main/java/moriz/orangesunshine/client/render/shader/GeometryShader.java:155: error: cannot find symbol
    static class BoundUniform extends GlUniform {
                                      ^
  symbol:   class GlUniform
  location: class GeometryShader
/home/moriz/Projects/OrangeSunshine-worktrees/1.21.11/src/main/java/moriz/orangesunshine/client/render/shader/GeometryShader.java:156: error: cannot find symbol
        private final Consumer<GlUniform> valueGetter;
                               ^
  symbol:   class GlUniform
  location: class BoundUniform
/home/moriz/Projects/OrangeSunshine-worktrees/1.21.11/src/main/java/moriz/orangesunshine/client/render/shader/GeometryShader.java:158: error: cannot find symbol
        public BoundUniform(String name, int dataType, int count, ShaderProgramSetupView program, Consumer<GlUniform> valueGetter) {
                                                                  ^
  symbol:   class ShaderProgramSetupView
  location: class BoundUniform
/home/moriz/Projects/OrangeSunshine-worktrees/1.21.11/src/main/java/moriz/orangesunshine/client/render/shader/GeometryShader.java:158: error: cannot find symbol
        public BoundUniform(String name, int dataType, int count, ShaderProgramSetupView program, Consumer<GlUniform> valueGetter) {
                                                                                                           ^
  symbol:   class GlUniform
  location: class BoundUniform
/home/moriz/Projects/OrangeSunshine-worktrees/1.21.11/src/main/java/moriz/orangesunshine/client/render/shader/LoadedShader.java:11: error: cannot find symbol
import net.minecraft.client.MinecraftClient;
                           ^
  symbol:   class MinecraftClient
  location: package net.minecraft.client
/home/moriz/Projects/OrangeSunshine-worktrees/1.21.11/src/main/java/moriz/orangesunshine/client/render/shader/LoadedShader.java:15: error: package net.minecraft.client.gl does not exist
import net.minecraft.client.gl.JsonEffectShaderProgram;
                              ^
/home/moriz/Projects/OrangeSunshine-worktrees/1.21.11/src/main/java/moriz/orangesunshine/client/render/shader/LoadedShader.java:16: error: cannot find symbol
import net.minecraft.util.Identifier;
                         ^
  symbol:   class Identifier
  location: package net.minecraft.util
/home/moriz/Projects/OrangeSunshine-worktrees/1.21.11/src/main/java/moriz/orangesunshine/client/render/shader/LoadedShader.java:28: error: cannot find symbol
    public LoadedShader(MinecraftClient client, Identifier id, UniformBinding.Set bindings) throws IOException, JsonSyntaxException {
                        ^
  symbol:   class MinecraftClient
  location: class LoadedShader
/home/moriz/Projects/OrangeSunshine-worktrees/1.21.11/src/main/java/moriz/orangesunshine/client/render/shader/LoadedShader.java:28: error: cannot find symbol
    public LoadedShader(MinecraftClient client, Identifier id, UniformBinding.Set bindings) throws IOException, JsonSyntaxException {
                                                ^
  symbol:   class Identifier
  location: class LoadedShader
/home/moriz/Projects/OrangeSunshine-worktrees/1.21.11/src/main/java/moriz/orangesunshine/client/render/shader/LoadedShader.java:78: error: cannot find symbol
        private final JsonEffectShaderProgram program;
                      ^
  symbol:   class JsonEffectShaderProgram
  location: class LoadedShader.Pass
/home/moriz/Projects/OrangeSunshine-worktrees/1.21.11/src/main/java/moriz/orangesunshine/client/render/shader/ModdedResourceFactory.java:12: error: cannot find symbol
class ModdedResourceFactory implements ResourceFactory {
                                       ^
  symbol: class ResourceFactory
/home/moriz/Projects/OrangeSunshine-worktrees/1.21.11/src/main/java/moriz/orangesunshine/client/render/shader/ModdedResourceFactory.java:13: error: cannot find symbol
    private final ResourceFactory parent;
                  ^
  symbol:   class ResourceFactory
  location: class ModdedResourceFactory
/home/moriz/Projects/OrangeSunshine-worktrees/1.21.11/src/main/java/moriz/orangesunshine/client/render/shader/ModdedResourceFactory.java:18: error: cannot find symbol
    public ModdedResourceFactory(ResourceFactory parent, String defaultNamespace) {
                                 ^
  symbol:   class ResourceFactory
  location: class ModdedResourceFactory
/home/moriz/Projects/OrangeSunshine-worktrees/1.21.11/src/main/java/moriz/orangesunshine/client/render/shader/PSShaders.java:7: error: cannot find symbol
import net.minecraft.client.renderer.ShaderInstance;
                                    ^
  symbol:   class ShaderInstance
  location: package net.minecraft.client.renderer
/home/moriz/Projects/OrangeSunshine-worktrees/1.21.11/src/main/java/moriz/orangesunshine/client/render/shader/PSShaders.java:8: error: cannot find symbol
import net.minecraft.client.renderer.VertexFormats;
                                    ^
  symbol:   class VertexFormats
  location: package net.minecraft.client.renderer
/home/moriz/Projects/OrangeSunshine-worktrees/1.21.11/src/main/java/moriz/orangesunshine/client/render/shader/PSShaders.java:11: error: cannot find symbol
    private static ShaderInstance renderTypeZeroMatterProgram;
                   ^
  symbol:   class ShaderInstance
  location: class PSShaders
/home/moriz/Projects/OrangeSunshine-worktrees/1.21.11/src/main/java/moriz/orangesunshine/client/render/shader/PSShaders.java:13: error: cannot find symbol
    public static ShaderInstance getRenderTypeZeroMatterProgram() {
                  ^
  symbol:   class ShaderInstance
  location: class PSShaders
/home/moriz/Projects/OrangeSunshine-worktrees/1.21.11/src/main/java/moriz/orangesunshine/client/render/shader/ShaderLoader.java:17: error: cannot find symbol
import moriz.orangesunshine.client.render.GLStateProxy;
                                         ^
  symbol:   class GLStateProxy
  location: package moriz.orangesunshine.client.render
/home/moriz/Projects/OrangeSunshine-worktrees/1.21.11/src/main/java/moriz/orangesunshine/client/render/shader/ShaderLoader.java:21: error: cannot find symbol
import net.minecraft.server.packs.resources.SimpleSynchronousResourceReloadListener;
                                           ^
  symbol:   class SimpleSynchronousResourceReloadListener
  location: package net.minecraft.server.packs.resources
/home/moriz/Projects/OrangeSunshine-worktrees/1.21.11/src/main/java/moriz/orangesunshine/client/render/shader/ShaderLoader.java:25: error: cannot find symbol
public class ShaderLoader implements SimpleSynchronousResourceReloadListener, IdentifiableResourceReloadListener {
                                     ^
  symbol: class SimpleSynchronousResourceReloadListener
/home/moriz/Projects/OrangeSunshine-worktrees/1.21.11/src/main/java/moriz/orangesunshine/client/render/shader/ShaderLoader.java:249: error: cannot find symbol
    private final MinecraftClient client = MinecraftClient.getInstance();
                  ^
  symbol:   class MinecraftClient
  location: class ShaderLoader
/home/moriz/Projects/OrangeSunshine-worktrees/1.21.11/src/main/java/moriz/orangesunshine/client/render/shader/GeometryShader.java:33: error: cannot find symbol
    private static final Identifier BASIC = Identifier.of("orangesunshine", "basic");
                                            ^
  symbol:   variable Identifier
  location: class GeometryShader
/home/moriz/Projects/OrangeSunshine-worktrees/1.21.11/src/main/java/moriz/orangesunshine/client/render/shader/GeometryShader.java:40: error: cannot find symbol
    private final MinecraftClient client = MinecraftClient.getInstance();
                                           ^
  symbol:   variable MinecraftClient
  location: class GeometryShader
/home/moriz/Projects/OrangeSunshine-worktrees/1.21.11/src/main/java/moriz/orangesunshine/client/render/shader/GeometryShader.java:47: error: cannot find symbol
        map.put("PS_DepthSampler", () -> MinecraftClient.getInstance().getFramebuffer().getDepthAttachment());
                                         ^
  symbol:   variable MinecraftClient
  location: class GeometryShader
/home/moriz/Projects/OrangeSunshine-worktrees/1.21.11/src/main/java/moriz/orangesunshine/client/render/shader/GeometryShader.java:48: error: cannot find symbol
        map.put("PS_SurfaceFractalSampler", () -> MinecraftClient.getInstance().getTextureManager().getTexture(PlayerScreenHandler.BLOCK_ATLAS_TEXTURE));
                                                                                                               ^
  symbol:   variable PlayerScreenHandler
  location: class GeometryShader
/home/moriz/Projects/OrangeSunshine-worktrees/1.21.11/src/main/java/moriz/orangesunshine/client/render/shader/GeometryShader.java:48: error: cannot find symbol
        map.put("PS_SurfaceFractalSampler", () -> MinecraftClient.getInstance().getTextureManager().getTexture(PlayerScreenHandler.BLOCK_ATLAS_TEXTURE));
                                                  ^
  symbol:   variable MinecraftClient
  location: class GeometryShader
/home/moriz/Projects/OrangeSunshine-worktrees/1.21.11/src/main/java/moriz/orangesunshine/client/render/shader/GeometryShader.java:53: error: cannot find symbol
        this.name = Identifier.of(name);
                    ^
  symbol:   variable Identifier
  location: class GeometryShader
/home/moriz/Projects/OrangeSunshine-worktrees/1.21.11/src/main/java/moriz/orangesunshine/client/render/shader/GeometryShader.java:66: error: cannot find symbol
        register.accept(new BoundUniform("PS_SurfaceFractalStrength", GlUniform.getTypeIndex("float"), 1, program, uniform -> {
                                                                      ^
  symbol:   variable GlUniform
  location: class GeometryShader
/home/moriz/Projects/OrangeSunshine-worktrees/1.21.11/src/main/java/moriz/orangesunshine/client/render/shader/GeometryShader.java:67: error: cannot find symbol
            uniform.set(isEnabled() ? MathHelper.clamp(ShaderContext.hallucinations().getSurfaceFractalStrength(ShaderContext.tickDelta()), 0, 1) : 0);
                                      ^
  symbol:   variable MathHelper
  location: class GeometryShader
/home/moriz/Projects/OrangeSunshine-worktrees/1.21.11/src/main/java/moriz/orangesunshine/client/render/shader/GeometryShader.java:69: error: cannot find symbol
        register.accept(new BoundUniform("PS_Pulses", GlUniform.getTypeIndex("float") + 3, 4, program, uniform -> {
                                                      ^
  symbol:   variable GlUniform
  location: class GeometryShader
/home/moriz/Projects/OrangeSunshine-worktrees/1.21.11/src/main/java/moriz/orangesunshine/client/render/shader/GeometryShader.java:72: error: cannot find symbol
        register.accept(new BoundUniform("PS_SurfaceFractalCoords", GlUniform.getTypeIndex("float") + 3, 4, program, uniform -> {
                                                                    ^
  symbol:   variable GlUniform
  location: class GeometryShader
/home/moriz/Projects/OrangeSunshine-worktrees/1.21.11/src/main/java/moriz/orangesunshine/client/render/shader/GeometryShader.java:74: error: cannot find symbol
                Sprite sprite = MinecraftClient.getInstance().getBlockEntityRenderDispatcher().blockRenderManager.getModels().getModelParticleSprite(Blocks.NETHER_PORTAL.getDefaultState());
                ^
  symbol:   class Sprite
  location: class GeometryShader
/home/moriz/Projects/OrangeSunshine-worktrees/1.21.11/src/main/java/moriz/orangesunshine/client/render/shader/GeometryShader.java:74: error: cannot find symbol
                Sprite sprite = MinecraftClient.getInstance().getBlockEntityRenderDispatcher().blockRenderManager.getModels().getModelParticleSprite(Blocks.NETHER_PORTAL.getDefaultState());
                                ^
  symbol:   variable MinecraftClient
  location: class GeometryShader
/home/moriz/Projects/OrangeSunshine-worktrees/1.21.11/src/main/java/moriz/orangesunshine/client/render/shader/GeometryShader.java:74: error: cannot find symbol
                Sprite sprite = MinecraftClient.getInstance().getBlockEntityRenderDispatcher().blockRenderManager.getModels().getModelParticleSprite(Blocks.NETHER_PORTAL.getDefaultState());
                                                                                                                                                                         ^
  symbol:   method getDefaultState()
  location: variable NETHER_PORTAL of type Block
/home/moriz/Projects/OrangeSunshine-worktrees/1.21.11/src/main/java/moriz/orangesunshine/client/render/shader/GeometryShader.java:78: error: cannot find symbol
        register.accept(new BoundUniform("PS_PlayerPosition", GlUniform.getTypeIndex("float") + 2, 3, program, uniform -> {
                                                              ^
  symbol:   variable GlUniform
  location: class GeometryShader
/home/moriz/Projects/OrangeSunshine-worktrees/1.21.11/src/main/java/moriz/orangesunshine/client/render/shader/GeometryShader.java:79: error: cannot find symbol
            Vec3 pos = isEnabled() ? MinecraftClient.getInstance().player.getPos() : Vec3.ZERO;
                                     ^
  symbol:   variable MinecraftClient
  location: class GeometryShader
/home/moriz/Projects/OrangeSunshine-worktrees/1.21.11/src/main/java/moriz/orangesunshine/client/render/shader/GeometryShader.java:80: error: cannot find symbol
            uniform.set((float)pos.getX(), (float)pos.getY(), (float)pos.getZ());
                                  ^
  symbol:   method getX()
  location: variable pos of type Vec3
/home/moriz/Projects/OrangeSunshine-worktrees/1.21.11/src/main/java/moriz/orangesunshine/client/render/shader/GeometryShader.java:80: error: cannot find symbol
            uniform.set((float)pos.getX(), (float)pos.getY(), (float)pos.getZ());
                                                     ^
  symbol:   method getY()
  location: variable pos of type Vec3
/home/moriz/Projects/OrangeSunshine-worktrees/1.21.11/src/main/java/moriz/orangesunshine/client/render/shader/GeometryShader.java:80: error: cannot find symbol
            uniform.set((float)pos.getX(), (float)pos.getY(), (float)pos.getZ());
                                                                        ^
  symbol:   method getZ()
  location: variable pos of type Vec3
/home/moriz/Projects/OrangeSunshine-worktrees/1.21.11/src/main/java/moriz/orangesunshine/client/render/shader/GeometryShader.java:82: error: cannot find symbol
        register.accept(new BoundUniform("PS_WorldTicks", GlUniform.getTypeIndex("float"), 1, program, uniform -> {
                                                          ^
  symbol:   variable GlUniform
  location: class GeometryShader
/home/moriz/Projects/OrangeSunshine-worktrees/1.21.11/src/main/java/moriz/orangesunshine/client/render/shader/GeometryShader.java:85: error: cannot find symbol
        register.accept(new BoundUniform("PS_WavesMatrix", GlUniform.getTypeIndex("float") + 2, 3, program, uniform -> {
                                                           ^
  symbol:   variable GlUniform
  location: class GeometryShader
/home/moriz/Projects/OrangeSunshine-worktrees/1.21.11/src/main/java/moriz/orangesunshine/client/render/shader/GeometryShader.java:97: error: cannot find symbol
        register.accept(new BoundUniform("PS_DistantWorldDeformation", GlUniform.getTypeIndex("float"), 1, program, uniform -> {
                                                                       ^
  symbol:   variable GlUniform
  location: class GeometryShader
/home/moriz/Projects/OrangeSunshine-worktrees/1.21.11/src/main/java/moriz/orangesunshine/client/render/shader/GeometryShader.java:98: error: cannot find symbol
            uniform.set(isWorld() ? ShaderContext.hallucinations().getDistantWorldDeformationStrength(MinecraftClient.getInstance().getRenderTickCounter().getTickDelta(true)) : 0);
                                                                                                      ^
  symbol:   variable MinecraftClient
  location: class GeometryShader
/home/moriz/Projects/OrangeSunshine-worktrees/1.21.11/src/main/java/moriz/orangesunshine/client/render/shader/GeometryShader.java:100: error: cannot find symbol
        register.accept(new BoundUniform("PS_FractalFractureStrength", GlUniform.getTypeIndex("float"), 1, program, uniform -> {
                                                                       ^
  symbol:   variable GlUniform
  location: class GeometryShader
/home/moriz/Projects/OrangeSunshine-worktrees/1.21.11/src/main/java/moriz/orangesunshine/client/render/shader/GeometryShader.java:101: error: cannot find symbol
            uniform.set(isWorld() ? ShaderContext.hallucinations().getSurfaceShatteringStrength(MinecraftClient.getInstance().getRenderTickCounter().getTickDelta(true)) : 0F);
                                                                                                ^
  symbol:   variable MinecraftClient
  location: class GeometryShader
/home/moriz/Projects/OrangeSunshine-worktrees/1.21.11/src/main/java/moriz/orangesunshine/client/render/shader/GeometryShader.java:163: error: method does not override or implement a method from a supertype
        @Override
        ^
/home/moriz/Projects/OrangeSunshine-worktrees/1.21.11/src/main/java/moriz/orangesunshine/client/render/shader/GeometryShader.java:165: error: cannot find symbol
            if (!MinecraftClient.getInstance().isPaused()) {
                 ^
  symbol:   variable MinecraftClient
  location: class BoundUniform
/home/moriz/Projects/OrangeSunshine-worktrees/1.21.11/src/main/java/moriz/orangesunshine/client/render/shader/GeometryShader.java:168: error: non-static variable super cannot be referenced from a static context
            super.upload();
            ^
/home/moriz/Projects/OrangeSunshine-worktrees/1.21.11/src/main/java/moriz/orangesunshine/client/render/shader/GeometryShader.java:168: error: cannot find symbol
            super.upload();
                 ^
  symbol: method upload()
/home/moriz/Projects/OrangeSunshine-worktrees/1.21.11/src/main/java/moriz/orangesunshine/client/render/shader/LoadedShader.java:40: error: method does not override or implement a method from a supertype
    @Override
    ^
/home/moriz/Projects/OrangeSunshine-worktrees/1.21.11/src/main/java/moriz/orangesunshine/client/render/shader/LoadedShader.java:60: error: method does not override or implement a method from a supertype
    @Override
    ^
/home/moriz/Projects/OrangeSunshine-worktrees/1.21.11/src/main/java/moriz/orangesunshine/client/render/shader/LoadedShader.java:64: error: cannot find symbol
        super.resize(targetsWidth, targetsHeight);
             ^
  symbol: method resize(int,int)
/home/moriz/Projects/OrangeSunshine-worktrees/1.21.11/src/main/java/moriz/orangesunshine/client/render/shader/LoadedShader.java:67: error: method does not override or implement a method from a supertype
    @Override
    ^
/home/moriz/Projects/OrangeSunshine-worktrees/1.21.11/src/main/java/moriz/orangesunshine/client/render/shader/LoadedShader.java:69: error: cannot find symbol
        PostPass pass = super.addPass(programName, source, dest);
                             ^
  symbol: method addPass(String,RenderTarget,RenderTarget)
/home/moriz/Projects/OrangeSunshine-worktrees/1.21.11/src/main/java/moriz/orangesunshine/client/render/shader/LoadedShader.java:88: error: cannot find symbol
            this.program = pass.getProgram();
                               ^
  symbol:   method getProgram()
  location: variable pass of type PostPass
/home/moriz/Projects/OrangeSunshine-worktrees/1.21.11/src/main/java/moriz/orangesunshine/client/render/shader/LoadedShader.java:92: error: cannot find symbol
            if (pass.getName().equals("blit")) {
                    ^
  symbol:   method getName()
  location: variable pass of type PostPass
/home/moriz/Projects/OrangeSunshine-worktrees/1.21.11/src/main/java/moriz/orangesunshine/client/render/shader/LoadedShader.java:98: error: cannot find symbol
                var programBindings = bindings.programBindings.getOrDefault(pass.getName(), UniformBinding.EMPTY);
                                                                                ^
  symbol:   method getName()
  location: variable pass of type PostPass
/home/moriz/Projects/OrangeSunshine-worktrees/1.21.11/src/main/java/moriz/orangesunshine/client/render/shader/LoadedShader.java:117: error: cannot find symbol
                throw new RuntimeException("Exception rendering shader " + pass.getName(), t);
                                                                               ^
  symbol:   method getName()
  location: variable pass of type PostPass
/home/moriz/Projects/OrangeSunshine-worktrees/1.21.11/src/main/java/moriz/orangesunshine/client/render/shader/LoadedShader.java:123: error: cannot find symbol
            pass.render(passRenderTime);
                ^
  symbol:   method render(float)
  location: variable pass of type PostPass
/home/moriz/Projects/OrangeSunshine-worktrees/1.21.11/src/main/java/moriz/orangesunshine/client/render/shader/ModdedResourceFactory.java:23: error: method does not override or implement a method from a supertype
    @Override
    ^
/home/moriz/Projects/OrangeSunshine-worktrees/1.21.11/src/main/java/moriz/orangesunshine/client/render/shader/ModdedResourceFactory.java:25: error: cannot find symbol
        final Identifier overrideId = Identifier.of(defaultNamespace, id.getPath());
                                                ^
  symbol:   method of(String,String)
  location: class Identifier
/home/moriz/Projects/OrangeSunshine-worktrees/1.21.11/src/main/java/moriz/orangesunshine/client/render/shader/ModdedResourceFactory.java:53: error: cannot find symbol
                importPath = Identifier.of(importPath.getNamespace(), "shaders/include/" + importPath.getPath());
                                       ^
  symbol:   method of(String,String)
  location: class Identifier
/home/moriz/Projects/OrangeSunshine-worktrees/1.21.11/src/main/java/moriz/orangesunshine/client/render/shader/ModdedResourceManager.java:11: error: ModdedResourceManager is not abstract and does not override abstract method listResourceStacks(String,Predicate<Identifier>) in ResourceManager
class ModdedResourceManager implements ResourceManager {
^
/home/moriz/Projects/OrangeSunshine-worktrees/1.21.11/src/main/java/moriz/orangesunshine/client/render/shader/ModdedResourceManager.java:34: error: cannot find symbol
        List<Resource> resources = parent.getResourceStack(Identifier.of(defaultNamespace, id.getPath()));
                                                                     ^
  symbol:   method of(String,String)
  location: class Identifier
/home/moriz/Projects/OrangeSunshine-worktrees/1.21.11/src/main/java/moriz/orangesunshine/client/render/shader/ModdedResourceManager.java:41: error: method does not override or implement a method from a supertype
    @Override
    ^
/home/moriz/Projects/OrangeSunshine-worktrees/1.21.11/src/main/java/moriz/orangesunshine/client/render/shader/ModdedResourceManager.java:43: error: cannot find symbol
        return parent.findResources(path, filter);
                     ^
  symbol:   method findResources(String,Predicate<Identifier>)
  location: variable parent of type ResourceManager
/home/moriz/Projects/OrangeSunshine-worktrees/1.21.11/src/main/java/moriz/orangesunshine/client/render/shader/ModdedResourceManager.java:46: error: method does not override or implement a method from a supertype
    @Override
    ^
/home/moriz/Projects/OrangeSunshine-worktrees/1.21.11/src/main/java/moriz/orangesunshine/client/render/shader/ModdedResourceManager.java:48: error: cannot find symbol
        return parent.findAllResources(path, filter);
                     ^
  symbol:   method findAllResources(String,Predicate<Identifier>)
  location: variable parent of type ResourceManager
/home/moriz/Projects/OrangeSunshine-worktrees/1.21.11/src/main/java/moriz/orangesunshine/client/render/shader/PSShaders.java:19: error: cannot find symbol
            shaderList.add(Pair.of(new ShaderInstance(new ModdedResourceFactory(manager, "orangesunshine"), "rendertype_zero_matter", VertexFormats.POSITION_COLOR), program -> {
                                       ^
  symbol:   class ShaderInstance
  location: class PSShaders
/home/moriz/Projects/OrangeSunshine-worktrees/1.21.11/src/main/java/moriz/orangesunshine/client/render/shader/PSShaders.java:19: error: cannot find symbol
            shaderList.add(Pair.of(new ShaderInstance(new ModdedResourceFactory(manager, "orangesunshine"), "rendertype_zero_matter", VertexFormats.POSITION_COLOR), program -> {
                                                                                                                                      ^
  symbol:   variable VertexFormats
  location: class PSShaders
/home/moriz/Projects/OrangeSunshine-worktrees/1.21.11/src/main/java/moriz/orangesunshine/client/render/shader/PostEffectRenderer.java:15: error: cannot find symbol
            RenderSystem.disableBlend();
                        ^
  symbol:   method disableBlend()
  location: class RenderSystem
/home/moriz/Projects/OrangeSunshine-worktrees/1.21.11/src/main/java/moriz/orangesunshine/client/render/shader/PostEffectRenderer.java:16: error: cannot find symbol
            RenderSystem.disableDepthTest();
                        ^
  symbol:   method disableDepthTest()
  location: class RenderSystem
/home/moriz/Projects/OrangeSunshine-worktrees/1.21.11/src/main/java/moriz/orangesunshine/client/render/shader/PostEffectRenderer.java:17: error: cannot find symbol
            RenderSystem.resetTextureMatrix();
                        ^
  symbol:   method resetTextureMatrix()
  location: class RenderSystem
/home/moriz/Projects/OrangeSunshine-worktrees/1.21.11/src/main/java/moriz/orangesunshine/client/render/shader/PostEffectRenderer.java:28: error: cannot find symbol
        shaders.forEach(shader -> shader.setupDimensions(width, height));
                                        ^
  symbol:   method setupDimensions(int,int)
  location: variable shader of type LoadedShader
/home/moriz/Projects/OrangeSunshine-worktrees/1.21.11/src/main/java/moriz/orangesunshine/client/render/shader/ShaderContext.java:12: error: cannot find symbol
        return DrugProperties.of(MinecraftClient.getInstance().player).getHallucinations();
                                 ^
  symbol:   variable MinecraftClient
  location: interface ShaderContext
/home/moriz/Projects/OrangeSunshine-worktrees/1.21.11/src/main/java/moriz/orangesunshine/client/render/shader/ShaderContext.java:16: error: cannot find symbol
        return DrugProperties.of(MinecraftClient.getInstance().player);
                                 ^
  symbol:   variable MinecraftClient
  location: interface ShaderContext
/home/moriz/Projects/OrangeSunshine-worktrees/1.21.11/src/main/java/moriz/orangesunshine/client/render/shader/ShaderContext.java:28: error: cannot find symbol
        return MinecraftClient.getInstance().player.age + tickDelta();
               ^
  symbol:   variable MinecraftClient
  location: interface ShaderContext
/home/moriz/Projects/OrangeSunshine-worktrees/1.21.11/src/main/java/moriz/orangesunshine/client/render/shader/ShaderContext.java:32: error: cannot find symbol
        return MinecraftClient.getInstance().getTickDelta();
               ^
  symbol:   variable MinecraftClient
  location: interface ShaderContext
Note: Some input files use or override a deprecated API.
Note: Recompile with -Xlint:deprecation for details.
100 errors

> Task :fabric:compileJava FAILED
[Incubating] Problems report is available at: file:///home/moriz/Projects/OrangeSunshine-worktrees/1.21.11/build/reports/problems/problems-report.html

FAILURE: Build failed with an exception.

* What went wrong:
Execution failed for task ':fabric:compileJava'.
> Compilation failed; see the compiler output below.
  /home/moriz/Projects/OrangeSunshine-worktrees/1.21.11/src/main/java/moriz/orangesunshine/client/render/shader/GeometryShader.java:163: error: method does not override or implement a method from a supertype
          @Override
          ^
  /home/moriz/Projects/OrangeSunshine-worktrees/1.21.11/src/main/java/moriz/orangesunshine/client/render/shader/LoadedShader.java:40: error: method does not override or implement a method from a supertype
      @Override
      ^
  /home/moriz/Projects/OrangeSunshine-worktrees/1.21.11/src/main/java/moriz/orangesunshine/client/render/shader/LoadedShader.java:60: error: method does not override or implement a method from a supertype
      @Override
      ^
  /home/moriz/Projects/OrangeSunshine-worktrees/1.21.11/src/main/java/moriz/orangesunshine/client/render/shader/LoadedShader.java:67: error: method does not override or implement a method from a supertype
      @Override
      ^
  /home/moriz/Projects/OrangeSunshine-worktrees/1.21.11/src/main/java/moriz/orangesunshine/client/render/shader/ModdedResourceFactory.java:23: error: method does not override or implement a method from a supertype
      @Override
      ^
  /home/moriz/Projects/OrangeSunshine-worktrees/1.21.11/src/main/java/moriz/orangesunshine/client/render/shader/ModdedResourceManager.java:41: error: method does not override or implement a method from a supertype
      @Override
      ^
  /home/moriz/Projects/OrangeSunshine-worktrees/1.21.11/src/main/java/moriz/orangesunshine/client/render/shader/ModdedResourceManager.java:46: error: method does not override or implement a method from a supertype
      @Override
      ^
  /home/moriz/Projects/OrangeSunshine-worktrees/1.21.11/src/main/java/moriz/orangesunshine/client/render/shader/ModdedResourceManager.java:11: error: ModdedResourceManager is not abstract and does not override abstract method listResourceStacks(String,Predicate<Identifier>) in ResourceManager
  class ModdedResourceManager implements ResourceManager {
  ^
  /home/moriz/Projects/OrangeSunshine-worktrees/1.21.11/src/main/java/moriz/orangesunshine/client/render/shader/GeometryShader.java:168: error: cannot find symbol
              super.upload();
                   ^
    symbol: method upload()
  /home/moriz/Projects/OrangeSunshine-worktrees/1.21.11/src/main/java/moriz/orangesunshine/client/render/shader/LoadedShader.java:64: error: cannot find symbol
          super.resize(targetsWidth, targetsHeight);
               ^
    symbol: method resize(int,int)
  /home/moriz/Projects/OrangeSunshine-worktrees/1.21.11/src/main/java/moriz/orangesunshine/client/render/shader/LoadedShader.java:69: error: cannot find symbol
          PostPass pass = super.addPass(programName, source, dest);
                               ^
    symbol: method addPass(String,RenderTarget,RenderTarget)
  /home/moriz/Projects/OrangeSunshine-worktrees/1.21.11/src/main/java/moriz/orangesunshine/client/render/shader/ModdedResourceFactory.java:12: error: cannot find symbol
  class ModdedResourceFactory implements ResourceFactory {
                                         ^
    symbol: class ResourceFactory
  /home/moriz/Projects/OrangeSunshine-worktrees/1.21.11/src/main/java/moriz/orangesunshine/client/render/shader/ShaderLoader.java:25: error: cannot find symbol
  public class ShaderLoader implements SimpleSynchronousResourceReloadListener, IdentifiableResourceReloadListener {
                                       ^
    symbol: class SimpleSynchronousResourceReloadListener
  /home/moriz/Projects/OrangeSunshine-worktrees/1.21.11/src/main/java/moriz/orangesunshine/client/render/shader/CoreShaderRegistrationCallback.java:11: error: package net.minecraft.client.gl does not exist
  import net.minecraft.client.gl.ShaderProgram;
                                ^
  /home/moriz/Projects/OrangeSunshine-worktrees/1.21.11/src/main/java/moriz/orangesunshine/client/render/shader/GeometryShader.java:16: error: package net.minecraft.client.texture does not exist
  import net.minecraft.client.texture.Sprite;
                                     ^
  /home/moriz/Projects/OrangeSunshine-worktrees/1.21.11/src/main/java/moriz/orangesunshine/client/render/shader/GeometryShader.java:22: error: package net.minecraft.util.math does not exist
  import net.minecraft.util.math.MathHelper;
                                ^
  /home/moriz/Projects/OrangeSunshine-worktrees/1.21.11/src/main/java/moriz/orangesunshine/client/render/shader/GeometryShader.java:25: error: package net.minecraft.client.gl does not exist
  import net.minecraft.client.gl.GlUniform;
                                ^
  /home/moriz/Projects/OrangeSunshine-worktrees/1.21.11/src/main/java/moriz/orangesunshine/client/render/shader/GeometryShader.java:26: error: package net.minecraft.client.gl does not exist
  import net.minecraft.client.gl.ShaderProgramSetupView;
                                ^
  /home/moriz/Projects/OrangeSunshine-worktrees/1.21.11/src/main/java/moriz/orangesunshine/client/render/shader/GeometryShader.java:27: error: package net.minecraft.client.gl does not exist
  import net.minecraft.client.gl.GlImportProcessor;
                                ^
  /home/moriz/Projects/OrangeSunshine-worktrees/1.21.11/src/main/java/moriz/orangesunshine/client/render/shader/LoadedShader.java:15: error: package net.minecraft.client.gl does not exist
  import net.minecraft.client.gl.JsonEffectShaderProgram;
                                ^
  Note: Recompile with -Xlint:deprecation for details.
  Note: Some input files use or override a deprecated API.
  /home/moriz/Projects/OrangeSunshine-worktrees/1.21.11/src/main/java/moriz/orangesunshine/client/render/shader/GeometryShader.java:168: error: non-static variable super cannot be referenced from a static context
              super.upload();
              ^
  /home/moriz/Projects/OrangeSunshine-worktrees/1.21.11/src/main/java/moriz/orangesunshine/client/render/shader/GeometryShader.java:74: error: cannot find symbol
                  Sprite sprite = MinecraftClient.getInstance().getBlockEntityRenderDispatcher().blockRenderManager.getModels().getModelParticleSprite(Blocks.NETHER_PORTAL.getDefaultState());
                                                                                                                                                                           ^
    symbol:   method getDefaultState()
    location: variable NETHER_PORTAL of type Block
  /home/moriz/Projects/OrangeSunshine-worktrees/1.21.11/src/main/java/moriz/orangesunshine/client/render/shader/GeometryShader.java:80: error: cannot find symbol
              uniform.set((float)pos.getX(), (float)pos.getY(), (float)pos.getZ());
                                    ^
    symbol:   method getX()
    location: variable pos of type Vec3
  /home/moriz/Projects/OrangeSunshine-worktrees/1.21.11/src/main/java/moriz/orangesunshine/client/render/shader/GeometryShader.java:80: error: cannot find symbol
              uniform.set((float)pos.getX(), (float)pos.getY(), (float)pos.getZ());
                                                       ^
    symbol:   method getY()
    location: variable pos of type Vec3
  /home/moriz/Projects/OrangeSunshine-worktrees/1.21.11/src/main/java/moriz/orangesunshine/client/render/shader/GeometryShader.java:80: error: cannot find symbol
              uniform.set((float)pos.getX(), (float)pos.getY(), (float)pos.getZ());
                                                                          ^
    symbol:   method getZ()
    location: variable pos of type Vec3
  /home/moriz/Projects/OrangeSunshine-worktrees/1.21.11/src/main/java/moriz/orangesunshine/client/render/shader/LoadedShader.java:88: error: cannot find symbol
              this.program = pass.getProgram();
                                 ^
    symbol:   method getProgram()
    location: variable pass of type PostPass
  /home/moriz/Projects/OrangeSunshine-worktrees/1.21.11/src/main/java/moriz/orangesunshine/client/render/shader/LoadedShader.java:92: error: cannot find symbol
              if (pass.getName().equals("blit")) {
                      ^
    symbol:   method getName()
    location: variable pass of type PostPass
  /home/moriz/Projects/OrangeSunshine-worktrees/1.21.11/src/main/java/moriz/orangesunshine/client/render/shader/LoadedShader.java:98: error: cannot find symbol
                  var programBindings = bindings.programBindings.getOrDefault(pass.getName(), UniformBinding.EMPTY);
                                                                                  ^
    symbol:   method getName()
    location: variable pass of type PostPass
  /home/moriz/Projects/OrangeSunshine-worktrees/1.21.11/src/main/java/moriz/orangesunshine/client/render/shader/LoadedShader.java:117: error: cannot find symbol
                  throw new RuntimeException("Exception rendering shader " + pass.getName(), t);
                                                                                 ^
    symbol:   method getName()
    location: variable pass of type PostPass
  /home/moriz/Projects/OrangeSunshine-worktrees/1.21.11/src/main/java/moriz/orangesunshine/client/render/shader/LoadedShader.java:123: error: cannot find symbol
              pass.render(passRenderTime);
                  ^
    symbol:   method render(float)
    location: variable pass of type PostPass
  /home/moriz/Projects/OrangeSunshine-worktrees/1.21.11/src/main/java/moriz/orangesunshine/client/render/shader/ModdedResourceFactory.java:25: error: cannot find symbol
          final Identifier overrideId = Identifier.of(defaultNamespace, id.getPath());
                                                  ^
    symbol:   method of(String,String)
    location: class Identifier
  /home/moriz/Projects/OrangeSunshine-worktrees/1.21.11/src/main/java/moriz/orangesunshine/client/render/shader/ModdedResourceFactory.java:53: error: cannot find symbol
                  importPath = Identifier.of(importPath.getNamespace(), "shaders/include/" + importPath.getPath());
                                         ^
    symbol:   method of(String,String)
    location: class Identifier
  /home/moriz/Projects/OrangeSunshine-worktrees/1.21.11/src/main/java/moriz/orangesunshine/client/render/shader/ModdedResourceManager.java:34: error: cannot find symbol
          List<Resource> resources = parent.getResourceStack(Identifier.of(defaultNamespace, id.getPath()));
                                                                       ^
    symbol:   method of(String,String)
    location: class Identifier
  /home/moriz/Projects/OrangeSunshine-worktrees/1.21.11/src/main/java/moriz/orangesunshine/client/render/shader/ModdedResourceManager.java:43: error: cannot find symbol
          return parent.findResources(path, filter);
                       ^
    symbol:   method findResources(String,Predicate<Identifier>)
    location: variable parent of type ResourceManager
  /home/moriz/Projects/OrangeSunshine-worktrees/1.21.11/src/main/java/moriz/orangesunshine/client/render/shader/ModdedResourceManager.java:48: error: cannot find symbol
          return parent.findAllResources(path, filter);
                       ^
    symbol:   method findAllResources(String,Predicate<Identifier>)
    location: variable parent of type ResourceManager
  /home/moriz/Projects/OrangeSunshine-worktrees/1.21.11/src/main/java/moriz/orangesunshine/client/render/shader/PostEffectRenderer.java:15: error: cannot find symbol
              RenderSystem.disableBlend();
                          ^
    symbol:   method disableBlend()
    location: class RenderSystem
  /home/moriz/Projects/OrangeSunshine-worktrees/1.21.11/src/main/java/moriz/orangesunshine/client/render/shader/PostEffectRenderer.java:16: error: cannot find symbol
              RenderSystem.disableDepthTest();
                          ^
    symbol:   method disableDepthTest()
    location: class RenderSystem
  /home/moriz/Projects/OrangeSunshine-worktrees/1.21.11/src/main/java/moriz/orangesunshine/client/render/shader/PostEffectRenderer.java:17: error: cannot find symbol
              RenderSystem.resetTextureMatrix();
                          ^
    symbol:   method resetTextureMatrix()
    location: class RenderSystem
  /home/moriz/Projects/OrangeSunshine-worktrees/1.21.11/src/main/java/moriz/orangesunshine/client/render/shader/PostEffectRenderer.java:28: error: cannot find symbol
          shaders.forEach(shader -> shader.setupDimensions(width, height));
                                          ^
    symbol:   method setupDimensions(int,int)
    location: variable shader of type LoadedShader
  /home/moriz/Projects/OrangeSunshine-worktrees/1.21.11/src/main/java/moriz/orangesunshine/client/render/shader/CoreShaderRegistrationCallback.java:12: error: cannot find symbol
  import net.minecraft.server.packs.resources.ResourceFactory;
                                             ^
    symbol:   class ResourceFactory
    location: package net.minecraft.server.packs.resources
  /home/moriz/Projects/OrangeSunshine-worktrees/1.21.11/src/main/java/moriz/orangesunshine/client/render/shader/CoreShaderRegistrationCallback.java:23: error: cannot find symbol
      void call(ResourceFactory factory, List<Pair<ShaderProgram, Consumer<ShaderProgram>>> shaderList) throws IOException;
                ^
    symbol:   class ResourceFactory
    location: interface CoreShaderRegistrationCallback
  /home/moriz/Projects/OrangeSunshine-worktrees/1.21.11/src/main/java/moriz/orangesunshine/client/render/shader/CoreShaderRegistrationCallback.java:23: error: cannot find symbol
      void call(ResourceFactory factory, List<Pair<ShaderProgram, Consumer<ShaderProgram>>> shaderList) throws IOException;
                                                   ^
    symbol:   class ShaderProgram
    location: interface CoreShaderRegistrationCallback
  /home/moriz/Projects/OrangeSunshine-worktrees/1.21.11/src/main/java/moriz/orangesunshine/client/render/shader/CoreShaderRegistrationCallback.java:23: error: cannot find symbol
      void call(ResourceFactory factory, List<Pair<ShaderProgram, Consumer<ShaderProgram>>> shaderList) throws IOException;
                                                                           ^
    symbol:   class ShaderProgram
    location: interface CoreShaderRegistrationCallback
  /home/moriz/Projects/OrangeSunshine-worktrees/1.21.11/src/main/java/moriz/orangesunshine/client/render/shader/GeometryShader.java:15: error: cannot find symbol
  import net.minecraft.client.renderer.ShaderInstance;
                                      ^
    symbol:   class ShaderInstance
    location: package net.minecraft.client.renderer
  /home/moriz/Projects/OrangeSunshine-worktrees/1.21.11/src/main/java/moriz/orangesunshine/client/render/shader/GeometryShader.java:20: error: cannot find symbol
  import net.minecraft.util.Identifier;
                           ^
    symbol:   class Identifier
    location: package net.minecraft.util
  /home/moriz/Projects/OrangeSunshine-worktrees/1.21.11/src/main/java/moriz/orangesunshine/client/render/shader/GeometryShader.java:24: error: cannot find symbol
  import net.minecraft.client.MinecraftClient;
                             ^
    symbol:   class MinecraftClient
    location: package net.minecraft.client
  /home/moriz/Projects/OrangeSunshine-worktrees/1.21.11/src/main/java/moriz/orangesunshine/client/render/shader/GeometryShader.java:28: error: cannot find symbol
  import net.minecraft.world.inventory.PlayerScreenHandler;
                                      ^
    symbol:   class PlayerScreenHandler
    location: package net.minecraft.world.inventory
  /home/moriz/Projects/OrangeSunshine-worktrees/1.21.11/src/main/java/moriz/orangesunshine/client/render/shader/GeometryShader.java:33: error: cannot find symbol
      private static final Identifier BASIC = Identifier.of("orangesunshine", "basic");
                           ^
    symbol:   class Identifier
    location: class GeometryShader
  /home/moriz/Projects/OrangeSunshine-worktrees/1.21.11/src/main/java/moriz/orangesunshine/client/render/shader/GeometryShader.java:37: error: cannot find symbol
      private Identifier name;
              ^
    symbol:   class Identifier
    location: class GeometryShader
  /home/moriz/Projects/OrangeSunshine-worktrees/1.21.11/src/main/java/moriz/orangesunshine/client/render/shader/GeometryShader.java:40: error: cannot find symbol
      private final MinecraftClient client = MinecraftClient.getInstance();
                    ^
    symbol:   class MinecraftClient
    location: class GeometryShader
  /home/moriz/Projects/OrangeSunshine-worktrees/1.21.11/src/main/java/moriz/orangesunshine/client/render/shader/GeometryShader.java:43: error: cannot find symbol
      private final Map<Identifier, Optional<String>> loadedPrograms = new HashMap<>();
                        ^
    symbol:   class Identifier
    location: class GeometryShader
  /home/moriz/Projects/OrangeSunshine-worktrees/1.21.11/src/main/java/moriz/orangesunshine/client/render/shader/GeometryShader.java:52: error: cannot find symbol
      public void setup(ShaderType type, String name, InputStream stream, String domain, GlImportProcessor loader) {
                                                                                         ^
    symbol:   class GlImportProcessor
    location: class GeometryShader
  /home/moriz/Projects/OrangeSunshine-worktrees/1.21.11/src/main/java/moriz/orangesunshine/client/render/shader/GeometryShader.java:65: error: cannot find symbol
      public void addUniforms(ShaderProgramSetupView program, Consumer<GlUniform> register) {
                              ^
    symbol:   class ShaderProgramSetupView
    location: class GeometryShader
  /home/moriz/Projects/OrangeSunshine-worktrees/1.21.11/src/main/java/moriz/orangesunshine/client/render/shader/GeometryShader.java:65: error: cannot find symbol
      public void addUniforms(ShaderProgramSetupView program, Consumer<GlUniform> register) {
                                                                       ^
    symbol:   class GlUniform
    location: class GeometryShader
  /home/moriz/Projects/OrangeSunshine-worktrees/1.21.11/src/main/java/moriz/orangesunshine/client/render/shader/GeometryShader.java:142: error: cannot find symbol
      private Optional<String> loadProgram(Identifier id) {
                                           ^
    symbol:   class Identifier
    location: class GeometryShader
  /home/moriz/Projects/OrangeSunshine-worktrees/1.21.11/src/main/java/moriz/orangesunshine/client/render/shader/GeometryShader.java:155: error: cannot find symbol
      static class BoundUniform extends GlUniform {
                                        ^
    symbol:   class GlUniform
    location: class GeometryShader
  /home/moriz/Projects/OrangeSunshine-worktrees/1.21.11/src/main/java/moriz/orangesunshine/client/render/shader/GeometryShader.java:156: error: cannot find symbol
          private final Consumer<GlUniform> valueGetter;
                                 ^
    symbol:   class GlUniform
    location: class BoundUniform
  /home/moriz/Projects/OrangeSunshine-worktrees/1.21.11/src/main/java/moriz/orangesunshine/client/render/shader/GeometryShader.java:158: error: cannot find symbol
          public BoundUniform(String name, int dataType, int count, ShaderProgramSetupView program, Consumer<GlUniform> valueGetter) {
                                                                    ^
    symbol:   class ShaderProgramSetupView
    location: class BoundUniform
  /home/moriz/Projects/OrangeSunshine-worktrees/1.21.11/src/main/java/moriz/orangesunshine/client/render/shader/GeometryShader.java:158: error: cannot find symbol
          public BoundUniform(String name, int dataType, int count, ShaderProgramSetupView program, Consumer<GlUniform> valueGetter) {
                                                                                                             ^
    symbol:   class GlUniform
    location: class BoundUniform
  /home/moriz/Projects/OrangeSunshine-worktrees/1.21.11/src/main/java/moriz/orangesunshine/client/render/shader/LoadedShader.java:11: error: cannot find symbol
  import net.minecraft.client.MinecraftClient;
                             ^
    symbol:   class MinecraftClient
    location: package net.minecraft.client
  /home/moriz/Projects/OrangeSunshine-worktrees/1.21.11/src/main/java/moriz/orangesunshine/client/render/shader/LoadedShader.java:16: error: cannot find symbol
  import net.minecraft.util.Identifier;
                           ^
    symbol:   class Identifier
    location: package net.minecraft.util
  /home/moriz/Projects/OrangeSunshine-worktrees/1.21.11/src/main/java/moriz/orangesunshine/client/render/shader/LoadedShader.java:28: error: cannot find symbol
      public LoadedShader(MinecraftClient client, Identifier id, UniformBinding.Set bindings) throws IOException, JsonSyntaxException {
                          ^
    symbol:   class MinecraftClient
    location: class LoadedShader
  /home/moriz/Projects/OrangeSunshine-worktrees/1.21.11/src/main/java/moriz/orangesunshine/client/render/shader/LoadedShader.java:28: error: cannot find symbol
      public LoadedShader(MinecraftClient client, Identifier id, UniformBinding.Set bindings) throws IOException, JsonSyntaxException {
                                                  ^
    symbol:   class Identifier
    location: class LoadedShader
  /home/moriz/Projects/OrangeSunshine-worktrees/1.21.11/src/main/java/moriz/orangesunshine/client/render/shader/LoadedShader.java:78: error: cannot find symbol
          private final JsonEffectShaderProgram program;
                        ^
    symbol:   class JsonEffectShaderProgram
    location: class LoadedShader.Pass
  /home/moriz/Projects/OrangeSunshine-worktrees/1.21.11/src/main/java/moriz/orangesunshine/client/render/shader/ModdedResourceFactory.java:13: error: cannot find symbol
      private final ResourceFactory parent;
                    ^
    symbol:   class ResourceFactory
    location: class ModdedResourceFactory
  /home/moriz/Projects/OrangeSunshine-worktrees/1.21.11/src/main/java/moriz/orangesunshine/client/render/shader/ModdedResourceFactory.java:18: error: cannot find symbol
      public ModdedResourceFactory(ResourceFactory parent, String defaultNamespace) {
                                   ^
    symbol:   class ResourceFactory
    location: class ModdedResourceFactory
  /home/moriz/Projects/OrangeSunshine-worktrees/1.21.11/src/main/java/moriz/orangesunshine/client/render/shader/PSShaders.java:7: error: cannot find symbol
  import net.minecraft.client.renderer.ShaderInstance;
                                      ^
    symbol:   class ShaderInstance
    location: package net.minecraft.client.renderer
  /home/moriz/Projects/OrangeSunshine-worktrees/1.21.11/src/main/java/moriz/orangesunshine/client/render/shader/PSShaders.java:8: error: cannot find symbol
  import net.minecraft.client.renderer.VertexFormats;
                                      ^
    symbol:   class VertexFormats
    location: package net.minecraft.client.renderer
  /home/moriz/Projects/OrangeSunshine-worktrees/1.21.11/src/main/java/moriz/orangesunshine/client/render/shader/PSShaders.java:11: error: cannot find symbol
      private static ShaderInstance renderTypeZeroMatterProgram;
                     ^
    symbol:   class ShaderInstance
    location: class PSShaders
  /home/moriz/Projects/OrangeSunshine-worktrees/1.21.11/src/main/java/moriz/orangesunshine/client/render/shader/PSShaders.java:13: error: cannot find symbol
      public static ShaderInstance getRenderTypeZeroMatterProgram() {
                    ^
    symbol:   class ShaderInstance
    location: class PSShaders
  /home/moriz/Projects/OrangeSunshine-worktrees/1.21.11/src/main/java/moriz/orangesunshine/client/render/shader/ShaderLoader.java:17: error: cannot find symbol
  import moriz.orangesunshine.client.render.GLStateProxy;
                                           ^
    symbol:   class GLStateProxy
    location: package moriz.orangesunshine.client.render
  /home/moriz/Projects/OrangeSunshine-worktrees/1.21.11/src/main/java/moriz/orangesunshine/client/render/shader/ShaderLoader.java:21: error: cannot find symbol
  import net.minecraft.server.packs.resources.SimpleSynchronousResourceReloadListener;
                                             ^
    symbol:   class SimpleSynchronousResourceReloadListener
    location: package net.minecraft.server.packs.resources
  /home/moriz/Projects/OrangeSunshine-worktrees/1.21.11/src/main/java/moriz/orangesunshine/client/render/shader/ShaderLoader.java:249: error: cannot find symbol
      private final MinecraftClient client = MinecraftClient.getInstance();
                    ^
    symbol:   class MinecraftClient
    location: class ShaderLoader
  /home/moriz/Projects/OrangeSunshine-worktrees/1.21.11/src/main/java/moriz/orangesunshine/client/render/shader/GeometryShader.java:33: error: cannot find symbol
      private static final Identifier BASIC = Identifier.of("orangesunshine", "basic");
                                              ^
    symbol:   variable Identifier
    location: class GeometryShader
  /home/moriz/Projects/OrangeSunshine-worktrees/1.21.11/src/main/java/moriz/orangesunshine/client/render/shader/GeometryShader.java:40: error: cannot find symbol
      private final MinecraftClient client = MinecraftClient.getInstance();
                                             ^
    symbol:   variable MinecraftClient
    location: class GeometryShader
  /home/moriz/Projects/OrangeSunshine-worktrees/1.21.11/src/main/java/moriz/orangesunshine/client/render/shader/GeometryShader.java:47: error: cannot find symbol
          map.put("PS_DepthSampler", () -> MinecraftClient.getInstance().getFramebuffer().getDepthAttachment());
                                           ^
    symbol:   variable MinecraftClient
    location: class GeometryShader
  /home/moriz/Projects/OrangeSunshine-worktrees/1.21.11/src/main/java/moriz/orangesunshine/client/render/shader/GeometryShader.java:48: error: cannot find symbol
          map.put("PS_SurfaceFractalSampler", () -> MinecraftClient.getInstance().getTextureManager().getTexture(PlayerScreenHandler.BLOCK_ATLAS_TEXTURE));
                                                                                                                 ^
    symbol:   variable PlayerScreenHandler
    location: class GeometryShader
  /home/moriz/Projects/OrangeSunshine-worktrees/1.21.11/src/main/java/moriz/orangesunshine/client/render/shader/GeometryShader.java:48: error: cannot find symbol
          map.put("PS_SurfaceFractalSampler", () -> MinecraftClient.getInstance().getTextureManager().getTexture(PlayerScreenHandler.BLOCK_ATLAS_TEXTURE));
                                                    ^
    symbol:   variable MinecraftClient
    location: class GeometryShader
  /home/moriz/Projects/OrangeSunshine-worktrees/1.21.11/src/main/java/moriz/orangesunshine/client/render/shader/GeometryShader.java:53: error: cannot find symbol
          this.name = Identifier.of(name);
                      ^
    symbol:   variable Identifier
    location: class GeometryShader
  /home/moriz/Projects/OrangeSunshine-worktrees/1.21.11/src/main/java/moriz/orangesunshine/client/render/shader/GeometryShader.java:66: error: cannot find symbol
          register.accept(new BoundUniform("PS_SurfaceFractalStrength", GlUniform.getTypeIndex("float"), 1, program, uniform -> {
                                                                        ^
    symbol:   variable GlUniform
    location: class GeometryShader
  /home/moriz/Projects/OrangeSunshine-worktrees/1.21.11/src/main/java/moriz/orangesunshine/client/render/shader/GeometryShader.java:67: error: cannot find symbol
              uniform.set(isEnabled() ? MathHelper.clamp(ShaderContext.hallucinations().getSurfaceFractalStrength(ShaderContext.tickDelta()), 0, 1) : 0);
                                        ^
    symbol:   variable MathHelper
    location: class GeometryShader
  /home/moriz/Projects/OrangeSunshine-worktrees/1.21.11/src/main/java/moriz/orangesunshine/client/render/shader/GeometryShader.java:69: error: cannot find symbol
          register.accept(new BoundUniform("PS_Pulses", GlUniform.getTypeIndex("float") + 3, 4, program, uniform -> {
                                                        ^
    symbol:   variable GlUniform
    location: class GeometryShader
  /home/moriz/Projects/OrangeSunshine-worktrees/1.21.11/src/main/java/moriz/orangesunshine/client/render/shader/GeometryShader.java:72: error: cannot find symbol
          register.accept(new BoundUniform("PS_SurfaceFractalCoords", GlUniform.getTypeIndex("float") + 3, 4, program, uniform -> {
                                                                      ^
    symbol:   variable GlUniform
    location: class GeometryShader
  /home/moriz/Projects/OrangeSunshine-worktrees/1.21.11/src/main/java/moriz/orangesunshine/client/render/shader/GeometryShader.java:74: error: cannot find symbol
                  Sprite sprite = MinecraftClient.getInstance().getBlockEntityRenderDispatcher().blockRenderManager.getModels().getModelParticleSprite(Blocks.NETHER_PORTAL.getDefaultState());
                  ^
    symbol:   class Sprite
    location: class GeometryShader
  /home/moriz/Projects/OrangeSunshine-worktrees/1.21.11/src/main/java/moriz/orangesunshine/client/render/shader/GeometryShader.java:74: error: cannot find symbol
                  Sprite sprite = MinecraftClient.getInstance().getBlockEntityRenderDispatcher().blockRenderManager.getModels().getModelParticleSprite(Blocks.NETHER_PORTAL.getDefaultState());
                                  ^
    symbol:   variable MinecraftClient
    location: class GeometryShader
  /home/moriz/Projects/OrangeSunshine-worktrees/1.21.11/src/main/java/moriz/orangesunshine/client/render/shader/GeometryShader.java:78: error: cannot find symbol
          register.accept(new BoundUniform("PS_PlayerPosition", GlUniform.getTypeIndex("float") + 2, 3, program, uniform -> {
                                                                ^
    symbol:   variable GlUniform
    location: class GeometryShader
  /home/moriz/Projects/OrangeSunshine-worktrees/1.21.11/src/main/java/moriz/orangesunshine/client/render/shader/GeometryShader.java:79: error: cannot find symbol
              Vec3 pos = isEnabled() ? MinecraftClient.getInstance().player.getPos() : Vec3.ZERO;
                                       ^
    symbol:   variable MinecraftClient
    location: class GeometryShader
  /home/moriz/Projects/OrangeSunshine-worktrees/1.21.11/src/main/java/moriz/orangesunshine/client/render/shader/GeometryShader.java:82: error: cannot find symbol
          register.accept(new BoundUniform("PS_WorldTicks", GlUniform.getTypeIndex("float"), 1, program, uniform -> {
                                                            ^
    symbol:   variable GlUniform
    location: class GeometryShader
  /home/moriz/Projects/OrangeSunshine-worktrees/1.21.11/src/main/java/moriz/orangesunshine/client/render/shader/GeometryShader.java:85: error: cannot find symbol
          register.accept(new BoundUniform("PS_WavesMatrix", GlUniform.getTypeIndex("float") + 2, 3, program, uniform -> {
                                                             ^
    symbol:   variable GlUniform
    location: class GeometryShader
  /home/moriz/Projects/OrangeSunshine-worktrees/1.21.11/src/main/java/moriz/orangesunshine/client/render/shader/GeometryShader.java:97: error: cannot find symbol
          register.accept(new BoundUniform("PS_DistantWorldDeformation", GlUniform.getTypeIndex("float"), 1, program, uniform -> {
                                                                         ^
    symbol:   variable GlUniform
    location: class GeometryShader
  /home/moriz/Projects/OrangeSunshine-worktrees/1.21.11/src/main/java/moriz/orangesunshine/client/render/shader/GeometryShader.java:98: error: cannot find symbol
              uniform.set(isWorld() ? ShaderContext.hallucinations().getDistantWorldDeformationStrength(MinecraftClient.getInstance().getRenderTickCounter().getTickDelta(true)) : 0);
                                                                                                        ^
    symbol:   variable MinecraftClient
    location: class GeometryShader
  /home/moriz/Projects/OrangeSunshine-worktrees/1.21.11/src/main/java/moriz/orangesunshine/client/render/shader/GeometryShader.java:100: error: cannot find symbol
          register.accept(new BoundUniform("PS_FractalFractureStrength", GlUniform.getTypeIndex("float"), 1, program, uniform -> {
                                                                         ^
    symbol:   variable GlUniform
    location: class GeometryShader
  /home/moriz/Projects/OrangeSunshine-worktrees/1.21.11/src/main/java/moriz/orangesunshine/client/render/shader/GeometryShader.java:101: error: cannot find symbol
              uniform.set(isWorld() ? ShaderContext.hallucinations().getSurfaceShatteringStrength(MinecraftClient.getInstance().getRenderTickCounter().getTickDelta(true)) : 0F);
                                                                                                  ^
    symbol:   variable MinecraftClient
    location: class GeometryShader
  /home/moriz/Projects/OrangeSunshine-worktrees/1.21.11/src/main/java/moriz/orangesunshine/client/render/shader/GeometryShader.java:165: error: cannot find symbol
              if (!MinecraftClient.getInstance().isPaused()) {
                   ^
    symbol:   variable MinecraftClient
    location: class BoundUniform
  /home/moriz/Projects/OrangeSunshine-worktrees/1.21.11/src/main/java/moriz/orangesunshine/client/render/shader/PSShaders.java:19: error: cannot find symbol
              shaderList.add(Pair.of(new ShaderInstance(new ModdedResourceFactory(manager, "orangesunshine"), "rendertype_zero_matter", VertexFormats.POSITION_COLOR), program -> {
                                         ^
    symbol:   class ShaderInstance
    location: class PSShaders
  /home/moriz/Projects/OrangeSunshine-worktrees/1.21.11/src/main/java/moriz/orangesunshine/client/render/shader/PSShaders.java:19: error: cannot find symbol
              shaderList.add(Pair.of(new ShaderInstance(new ModdedResourceFactory(manager, "orangesunshine"), "rendertype_zero_matter", VertexFormats.POSITION_COLOR), program -> {
                                                                                                                                        ^
    symbol:   variable VertexFormats
    location: class PSShaders
  /home/moriz/Projects/OrangeSunshine-worktrees/1.21.11/src/main/java/moriz/orangesunshine/client/render/shader/ShaderContext.java:12: error: cannot find symbol
          return DrugProperties.of(MinecraftClient.getInstance().player).getHallucinations();
                                   ^
    symbol:   variable MinecraftClient
    location: interface ShaderContext
  /home/moriz/Projects/OrangeSunshine-worktrees/1.21.11/src/main/java/moriz/orangesunshine/client/render/shader/ShaderContext.java:16: error: cannot find symbol
          return DrugProperties.of(MinecraftClient.getInstance().player);
                                   ^
    symbol:   variable MinecraftClient
    location: interface ShaderContext
  /home/moriz/Projects/OrangeSunshine-worktrees/1.21.11/src/main/java/moriz/orangesunshine/client/render/shader/ShaderContext.java:28: error: cannot find symbol
          return MinecraftClient.getInstance().player.age + tickDelta();
                 ^
    symbol:   variable MinecraftClient
    location: interface ShaderContext
  /home/moriz/Projects/OrangeSunshine-worktrees/1.21.11/src/main/java/moriz/orangesunshine/client/render/shader/ShaderContext.java:32: error: cannot find symbol
          return MinecraftClient.getInstance().getTickDelta();
                 ^
    symbol:   variable MinecraftClient
    location: interface ShaderContext
  100 errors

* Try:
> Check your code and dependencies to fix the compilation error(s)
> Run with --scan to get full insights.

BUILD FAILED in 8s
4 actionable tasks: 1 executed, 3 up-to-date
