To honour the JVM settings for this build a single-use Daemon process will be forked. For more on this, please refer to https://docs.gradle.org/8.11.1/userguide/gradle_daemon.html#sec:disabling_the_daemon in the Gradle documentation.
Daemon will be stopped at the end of the build 

> Configure project :
Architect Plugin: 3.4.162
Architectury Loom: 1.13.467
This version of Architectury Loom is in beta! Please report any issues you encounter: https://github.com/architectury/architectury-loom/issues

> Task :common:compileJava UP-TO-DATE
> Task :common:processResources UP-TO-DATE
> Task :common:classes UP-TO-DATE
> Task :common:jar

> Task :fabric:compileJava
/home/moriz/Projects/OrangeSunshine-worktrees/1.21.11/src/main/java/moriz/orangesunshine/client/render/effect/ScreenEffect.java:4: error: package net.minecraft.client.renderer.VertexFormat does not exist
import net.minecraft.client.renderer.VertexFormat.DrawMode;
                                                 ^
/home/moriz/Projects/OrangeSunshine-worktrees/1.21.11/src/main/java/moriz/orangesunshine/client/render/effect/EnvironmentalScreenEffect.java:12: error: cannot find symbol
import moriz.orangesunshine.client.render.MeteorlogicalUtil;
                                         ^
  symbol:   class MeteorlogicalUtil
  location: package moriz.orangesunshine.client.render
/home/moriz/Projects/OrangeSunshine-worktrees/1.21.11/src/main/java/moriz/orangesunshine/client/render/effect/EnvironmentalScreenEffect.java:20: error: package net.minecraft.registry.tag does not exist
import net.minecraft.registry.tag.FluidTags;
                                 ^
/home/moriz/Projects/OrangeSunshine-worktrees/1.21.11/src/main/java/moriz/orangesunshine/client/render/effect/EnvironmentalScreenEffect.java:24: error: package net.minecraft.world.Heightmap does not exist
import net.minecraft.world.Heightmap.Type;
                                    ^
/home/moriz/Projects/OrangeSunshine-worktrees/1.21.11/src/main/java/moriz/orangesunshine/client/render/effect/EnvironmentalScreenEffect.java:25: error: package net.minecraft.world.biome.Biome does not exist
import net.minecraft.world.biome.Biome.Precipitation;
                                      ^
/home/moriz/Projects/OrangeSunshine-worktrees/1.21.11/src/main/java/moriz/orangesunshine/client/render/effect/LensFlareScreenEffect.java:11: error: cannot find symbol
import moriz.orangesunshine.client.render.MeteorlogicalUtil;
                                         ^
  symbol:   class MeteorlogicalUtil
  location: package moriz.orangesunshine.client.render
/home/moriz/Projects/OrangeSunshine-worktrees/1.21.11/src/main/java/moriz/orangesunshine/client/render/effect/LensFlareScreenEffect.java:12: error: cannot find symbol
import moriz.orangesunshine.client.render.PsycheMatrixHelper;
                                         ^
  symbol:   class PsycheMatrixHelper
  location: package moriz.orangesunshine.client.render
/home/moriz/Projects/OrangeSunshine-worktrees/1.21.11/src/main/java/moriz/orangesunshine/client/render/effect/LensFlareScreenEffect.java:17: error: package com.mojang.blaze3d.platform.GlStateManager does not exist
import com.mojang.blaze3d.platform.GlStateManager.DstFactor;
                                                 ^
/home/moriz/Projects/OrangeSunshine-worktrees/1.21.11/src/main/java/moriz/orangesunshine/client/render/effect/LensFlareScreenEffect.java:18: error: package com.mojang.blaze3d.platform.GlStateManager does not exist
import com.mojang.blaze3d.platform.GlStateManager.SrcFactor;
                                                 ^
/home/moriz/Projects/OrangeSunshine-worktrees/1.21.11/src/main/java/moriz/orangesunshine/client/render/effect/LensFlareScreenEffect.java:27: error: cannot find symbol
import net.minecraft.util.FastColor;
                         ^
  symbol:   class FastColor
  location: package net.minecraft.util
/home/moriz/Projects/OrangeSunshine-worktrees/1.21.11/src/main/java/moriz/orangesunshine/client/render/effect/LensFlareScreenEffect.java:48: error: cannot find symbol
    private static final Identifier[] FLARES = IntStream.range(0, FLARE_SIZES.length)
                         ^
  symbol:   class Identifier
  location: class LensFlareScreenEffect
/home/moriz/Projects/OrangeSunshine-worktrees/1.21.11/src/main/java/moriz/orangesunshine/client/render/effect/LensFlareScreenEffect.java:52: error: cannot find symbol
    private static final Identifier BLINDNESS_OVERLAY = OrangeSunshine.id("textures/environment/lense_flare/sun_blindness.png");
                         ^
  symbol:   class Identifier
  location: class LensFlareScreenEffect
/home/moriz/Projects/OrangeSunshine-worktrees/1.21.11/src/main/java/moriz/orangesunshine/client/render/effect/MotionBlurScreenEffect.java:15: error: cannot find symbol
import com.mojang.blaze3d.platform.GlConst;
                                  ^
  symbol:   class GlConst
  location: package com.mojang.blaze3d.platform
/home/moriz/Projects/OrangeSunshine-worktrees/1.21.11/src/main/java/moriz/orangesunshine/client/render/effect/MotionBlurScreenEffect.java:16: error: cannot find symbol
import com.mojang.blaze3d.platform.GlStateManager;
                                  ^
  symbol:   class GlStateManager
  location: package com.mojang.blaze3d.platform
/home/moriz/Projects/OrangeSunshine-worktrees/1.21.11/src/main/java/moriz/orangesunshine/client/render/effect/MotionBlurScreenEffect.java:17: error: package com.mojang.blaze3d.platform.GlStateManager does not exist
import com.mojang.blaze3d.platform.GlStateManager.DstFactor;
                                                 ^
/home/moriz/Projects/OrangeSunshine-worktrees/1.21.11/src/main/java/moriz/orangesunshine/client/render/effect/MotionBlurScreenEffect.java:18: error: package com.mojang.blaze3d.platform.GlStateManager does not exist
import com.mojang.blaze3d.platform.GlStateManager.SrcFactor;
                                                 ^
/home/moriz/Projects/OrangeSunshine-worktrees/1.21.11/src/main/java/moriz/orangesunshine/client/render/effect/MotionBlurScreenEffect.java:23: error: package net.minecraft.client.gl does not exist
import net.minecraft.client.gl.Framebuffer;
                              ^
/home/moriz/Projects/OrangeSunshine-worktrees/1.21.11/src/main/java/moriz/orangesunshine/client/render/effect/MotionBlurScreenEffect.java:24: error: package net.minecraft.client.gl does not exist
import net.minecraft.client.gl.SimpleFramebuffer;
                              ^
/home/moriz/Projects/OrangeSunshine-worktrees/1.21.11/src/main/java/moriz/orangesunshine/client/render/effect/MotionBlurScreenEffect.java:135: error: cannot find symbol
        private final SimpleFramebuffer output;
                      ^
  symbol:   class SimpleFramebuffer
  location: class MotionBlurScreenEffect.GlTexture
/home/moriz/Projects/OrangeSunshine-worktrees/1.21.11/src/main/java/moriz/orangesunshine/client/render/effect/PowerOverlayScreenEffect.java:6: error: cannot find symbol
import com.mojang.blaze3d.platform.GlStateManager;
                                  ^
  symbol:   class GlStateManager
  location: package com.mojang.blaze3d.platform
/home/moriz/Projects/OrangeSunshine-worktrees/1.21.11/src/main/java/moriz/orangesunshine/client/render/effect/PowerOverlayScreenEffect.java:15: error: package net.minecraft.client.renderer.VertexFormat does not exist
import net.minecraft.client.renderer.VertexFormat.DrawMode;
                                                 ^
/home/moriz/Projects/OrangeSunshine-worktrees/1.21.11/src/main/java/moriz/orangesunshine/client/render/effect/TirednessScreenEffect.java:20: error: package net.minecraft.sound does not exist
import net.minecraft.sound.SoundCategory;
                          ^
/home/moriz/Projects/OrangeSunshine-worktrees/1.21.11/src/main/java/moriz/orangesunshine/client/render/effect/WarmthOverlayScreenEffect.java:12: error: package net.minecraft.client.renderer.VertexFormat does not exist
import net.minecraft.client.renderer.VertexFormat.DrawMode;
                                                 ^
/home/moriz/Projects/OrangeSunshine-worktrees/1.21.11/src/main/java/moriz/orangesunshine/client/render/shader/CoreShaderRegistrationCallback.java:11: error: cannot find symbol
import net.minecraft.client.renderer.ShaderInstance;
                                    ^
  symbol:   class ShaderInstance
  location: package net.minecraft.client.renderer
/home/moriz/Projects/OrangeSunshine-worktrees/1.21.11/src/main/java/moriz/orangesunshine/client/render/shader/CoreShaderRegistrationCallback.java:12: error: cannot find symbol
import net.minecraft.server.packs.resources.ResourceFactory;
                                           ^
  symbol:   class ResourceFactory
  location: package net.minecraft.server.packs.resources
/home/moriz/Projects/OrangeSunshine-worktrees/1.21.11/src/main/java/moriz/orangesunshine/client/render/shader/CoreShaderRegistrationCallback.java:23: error: cannot find symbol
    void call(ResourceFactory factory, List<Pair<ShaderInstance, Consumer<ShaderInstance>>> shaderList) throws IOException;
              ^
  symbol:   class ResourceFactory
  location: interface CoreShaderRegistrationCallback
/home/moriz/Projects/OrangeSunshine-worktrees/1.21.11/src/main/java/moriz/orangesunshine/client/render/shader/CoreShaderRegistrationCallback.java:23: error: cannot find symbol
    void call(ResourceFactory factory, List<Pair<ShaderInstance, Consumer<ShaderInstance>>> shaderList) throws IOException;
                                                 ^
  symbol:   class ShaderInstance
  location: interface CoreShaderRegistrationCallback
/home/moriz/Projects/OrangeSunshine-worktrees/1.21.11/src/main/java/moriz/orangesunshine/client/render/shader/CoreShaderRegistrationCallback.java:23: error: cannot find symbol
    void call(ResourceFactory factory, List<Pair<ShaderInstance, Consumer<ShaderInstance>>> shaderList) throws IOException;
                                                                          ^
  symbol:   class ShaderInstance
  location: interface CoreShaderRegistrationCallback
/home/moriz/Projects/OrangeSunshine-worktrees/1.21.11/src/main/java/moriz/orangesunshine/client/render/shader/GeometryShader.java:48: error: cannot find symbol
    public void setup(ShaderType type, String name, InputStream stream, String domain, GlImportProcessor loader) {
                                                                                       ^
  symbol:   class GlImportProcessor
  location: class GeometryShader
/home/moriz/Projects/OrangeSunshine-worktrees/1.21.11/src/main/java/moriz/orangesunshine/client/render/shader/GeometryShader.java:61: error: cannot find symbol
    public void addUniforms(ShaderProgramSetupView program, Consumer<Uniform> register) {
                            ^
  symbol:   class ShaderProgramSetupView
  location: class GeometryShader
/home/moriz/Projects/OrangeSunshine-worktrees/1.21.11/src/main/java/moriz/orangesunshine/client/render/shader/GeometryShader.java:61: error: cannot find symbol
    public void addUniforms(ShaderProgramSetupView program, Consumer<Uniform> register) {
                                                                     ^
  symbol:   class Uniform
  location: class GeometryShader
/home/moriz/Projects/OrangeSunshine-worktrees/1.21.11/src/main/java/moriz/orangesunshine/client/render/shader/GeometryShader.java:151: error: cannot find symbol
    static class BoundUniform extends Uniform {
                                      ^
  symbol:   class Uniform
  location: class GeometryShader
/home/moriz/Projects/OrangeSunshine-worktrees/1.21.11/src/main/java/moriz/orangesunshine/client/render/shader/GeometryShader.java:152: error: cannot find symbol
        private final Consumer<Uniform> valueGetter;
                               ^
  symbol:   class Uniform
  location: class BoundUniform
/home/moriz/Projects/OrangeSunshine-worktrees/1.21.11/src/main/java/moriz/orangesunshine/client/render/shader/GeometryShader.java:154: error: cannot find symbol
        public BoundUniform(String name, int dataType, int count, ShaderProgramSetupView program, Consumer<Uniform> valueGetter) {
                                                                  ^
  symbol:   class ShaderProgramSetupView
  location: class BoundUniform
/home/moriz/Projects/OrangeSunshine-worktrees/1.21.11/src/main/java/moriz/orangesunshine/client/render/shader/GeometryShader.java:154: error: cannot find symbol
        public BoundUniform(String name, int dataType, int count, ShaderProgramSetupView program, Consumer<Uniform> valueGetter) {
                                                                                                           ^
  symbol:   class Uniform
  location: class BoundUniform
/home/moriz/Projects/OrangeSunshine-worktrees/1.21.11/src/main/java/moriz/orangesunshine/client/render/shader/LoadedShader.java:66: error: cannot find symbol
    public PostPass addPass(String programName, Framebuffer source, Framebuffer dest) throws IOException {
                                                ^
  symbol:   class Framebuffer
  location: class LoadedShader
/home/moriz/Projects/OrangeSunshine-worktrees/1.21.11/src/main/java/moriz/orangesunshine/client/render/shader/LoadedShader.java:66: error: cannot find symbol
    public PostPass addPass(String programName, Framebuffer source, Framebuffer dest) throws IOException {
                                                                    ^
  symbol:   class Framebuffer
  location: class LoadedShader
/home/moriz/Projects/OrangeSunshine-worktrees/1.21.11/src/main/java/moriz/orangesunshine/client/render/shader/ModdedResourceFactory.java:12: error: cannot find symbol
class ModdedResourceFactory implements ResourceFactory {
                                       ^
  symbol: class ResourceFactory
/home/moriz/Projects/OrangeSunshine-worktrees/1.21.11/src/main/java/moriz/orangesunshine/client/render/shader/ModdedResourceFactory.java:13: error: cannot find symbol
    private final ResourceFactory parent;
                  ^
  symbol:   class ResourceFactory
  location: class ModdedResourceFactory
/home/moriz/Projects/OrangeSunshine-worktrees/1.21.11/src/main/java/moriz/orangesunshine/client/render/shader/ModdedResourceFactory.java:18: error: cannot find symbol
    public ModdedResourceFactory(ResourceFactory parent, String defaultNamespace) {
                                 ^
  symbol:   class ResourceFactory
  location: class ModdedResourceFactory
/home/moriz/Projects/OrangeSunshine-worktrees/1.21.11/src/main/java/moriz/orangesunshine/client/render/shader/ModdedResourceManager.java:51: error: cannot find symbol
    public Stream<ResourcePack> streamResourcePacks() {
                  ^
  symbol:   class ResourcePack
  location: class ModdedResourceManager
/home/moriz/Projects/OrangeSunshine-worktrees/1.21.11/src/main/java/moriz/orangesunshine/client/render/shader/PSShaders.java:7: error: cannot find symbol
import net.minecraft.client.renderer.ShaderInstance;
                                    ^
  symbol:   class ShaderInstance
  location: package net.minecraft.client.renderer
/home/moriz/Projects/OrangeSunshine-worktrees/1.21.11/src/main/java/moriz/orangesunshine/client/render/shader/PSShaders.java:8: error: package net.minecraft.client.render does not exist
import net.minecraft.client.render.VertexFormats;
                                  ^
/home/moriz/Projects/OrangeSunshine-worktrees/1.21.11/src/main/java/moriz/orangesunshine/client/render/shader/PSShaders.java:12: error: cannot find symbol
    private static ShaderInstance renderTypeZeroMatterProgram;
                   ^
  symbol:   class ShaderInstance
  location: class PSShaders
/home/moriz/Projects/OrangeSunshine-worktrees/1.21.11/src/main/java/moriz/orangesunshine/client/render/shader/PSShaders.java:14: error: cannot find symbol
    public static ShaderInstance getRenderTypeZeroMatterProgram() {
                  ^
  symbol:   class ShaderInstance
  location: class PSShaders
/home/moriz/Projects/OrangeSunshine-worktrees/1.21.11/src/main/java/moriz/orangesunshine/client/render/shader/ShaderContext.java:19: error: cannot find symbol
    static float drug(DrugShaderType type) {
                      ^
  symbol:   class DrugShaderType
  location: interface ShaderContext
/home/moriz/Projects/OrangeSunshine-worktrees/1.21.11/src/main/java/moriz/orangesunshine/client/render/shader/ShaderLoader.java:17: error: cannot find symbol
import moriz.orangesunshine.client.render.GLStateProxy;
                                         ^
  symbol:   class GLStateProxy
  location: package moriz.orangesunshine.client.render
/home/moriz/Projects/OrangeSunshine-worktrees/1.21.11/src/main/java/moriz/orangesunshine/client/render/effect/DrugOverlayScreenEffect.java:36: error: cannot find symbol
        matrices.push();
                ^
  symbol:   method push()
  location: variable matrices of type PoseStack
/home/moriz/Projects/OrangeSunshine-worktrees/1.21.11/src/main/java/moriz/orangesunshine/client/render/effect/DrugOverlayScreenEffect.java:37: error: cannot find symbol
        RenderSystem.enableBlend();
                    ^
  symbol:   method enableBlend()
  location: class RenderSystem
/home/moriz/Projects/OrangeSunshine-worktrees/1.21.11/src/main/java/moriz/orangesunshine/client/render/effect/DrugOverlayScreenEffect.java:38: error: cannot find symbol
        RenderSystem.disableDepthTest();
                    ^
  symbol:   method disableDepthTest()
  location: class RenderSystem
/home/moriz/Projects/OrangeSunshine-worktrees/1.21.11/src/main/java/moriz/orangesunshine/client/render/effect/DrugOverlayScreenEffect.java:39: error: cannot find symbol
        RenderSystem.depthMask(false);
                    ^
  symbol:   method depthMask(boolean)
  location: class RenderSystem
/home/moriz/Projects/OrangeSunshine-worktrees/1.21.11/src/main/java/moriz/orangesunshine/client/render/effect/DrugOverlayScreenEffect.java:40: error: cannot find symbol
        RenderSystem.defaultBlendFunc();
                    ^
  symbol:   method defaultBlendFunc()
  location: class RenderSystem
/home/moriz/Projects/OrangeSunshine-worktrees/1.21.11/src/main/java/moriz/orangesunshine/client/render/effect/DrugOverlayScreenEffect.java:42: error: cannot find symbol
        RenderSystem.enableDepthTest();
                    ^
  symbol:   method enableDepthTest()
  location: class RenderSystem
/home/moriz/Projects/OrangeSunshine-worktrees/1.21.11/src/main/java/moriz/orangesunshine/client/render/effect/DrugOverlayScreenEffect.java:43: error: cannot find symbol
        matrices.pop();
                ^
  symbol:   method pop()
  location: variable matrices of type PoseStack
/home/moriz/Projects/OrangeSunshine-worktrees/1.21.11/src/main/java/moriz/orangesunshine/client/render/effect/AlcoholOverlayScreenEffect.java:29: error: cannot find symbol
        TextureAtlasSprite sprite = Minecraft.getInstance().getBlockRenderManager().getModels().getModelParticleSprite(Blocks.NETHER_PORTAL.getDefaultState());
                                                           ^
  symbol:   method getBlockRenderManager()
  location: class Minecraft
/home/moriz/Projects/OrangeSunshine-worktrees/1.21.11/src/main/java/moriz/orangesunshine/client/render/effect/AlcoholOverlayScreenEffect.java:29: error: cannot find symbol
        TextureAtlasSprite sprite = Minecraft.getInstance().getBlockRenderManager().getModels().getModelParticleSprite(Blocks.NETHER_PORTAL.getDefaultState());
                                                                                                                                           ^
  symbol:   method getDefaultState()
  location: variable NETHER_PORTAL of type Block
/home/moriz/Projects/OrangeSunshine-worktrees/1.21.11/src/main/java/moriz/orangesunshine/client/render/effect/AlcoholOverlayScreenEffect.java:30: error: cannot find symbol
        RenderUtil.drawOverlay(matrices, overlayAlpha * 0.25f, width, height, InventoryMenu.BLOCK_ATLAS,
                                                                                           ^
  symbol:   variable BLOCK_ATLAS
  location: class InventoryMenu
/home/moriz/Projects/OrangeSunshine-worktrees/1.21.11/src/main/java/moriz/orangesunshine/client/render/effect/AlcoholOverlayScreenEffect.java:31: error: cannot find symbol
                sprite.getMinU(),
                      ^
  symbol:   method getMinU()
  location: variable sprite of type TextureAtlasSprite
/home/moriz/Projects/OrangeSunshine-worktrees/1.21.11/src/main/java/moriz/orangesunshine/client/render/effect/AlcoholOverlayScreenEffect.java:32: error: cannot find symbol
                sprite.getMinV(),
                      ^
  symbol:   method getMinV()
  location: variable sprite of type TextureAtlasSprite
/home/moriz/Projects/OrangeSunshine-worktrees/1.21.11/src/main/java/moriz/orangesunshine/client/render/effect/AlcoholOverlayScreenEffect.java:33: error: cannot find symbol
                sprite.getMaxU(),
                      ^
  symbol:   method getMaxU()
  location: variable sprite of type TextureAtlasSprite
/home/moriz/Projects/OrangeSunshine-worktrees/1.21.11/src/main/java/moriz/orangesunshine/client/render/effect/AlcoholOverlayScreenEffect.java:34: error: cannot find symbol
                sprite.getMaxV(),
                      ^
  symbol:   method getMaxV()
  location: variable sprite of type TextureAtlasSprite
/home/moriz/Projects/OrangeSunshine-worktrees/1.21.11/src/main/java/moriz/orangesunshine/client/render/effect/ScreenEffect.java:17: error: cannot find symbol
        BufferBuilder renderer = Tessellator.getInstance().getBuffer();
        ^
  symbol:   class BufferBuilder
  location: interface ScreenEffect
/home/moriz/Projects/OrangeSunshine-worktrees/1.21.11/src/main/java/moriz/orangesunshine/client/render/effect/ScreenEffect.java:17: error: cannot find symbol
        BufferBuilder renderer = Tessellator.getInstance().getBuffer();
                                 ^
  symbol:   variable Tessellator
  location: interface ScreenEffect
/home/moriz/Projects/OrangeSunshine-worktrees/1.21.11/src/main/java/moriz/orangesunshine/client/render/effect/ScreenEffect.java:18: error: cannot find symbol
        renderer.begin(DrawMode.QUADS, VertexFormats.POSITION_TEXTURE);
                       ^
  symbol:   variable DrawMode
  location: interface ScreenEffect
/home/moriz/Projects/OrangeSunshine-worktrees/1.21.11/src/main/java/moriz/orangesunshine/client/render/effect/ScreenEffect.java:18: error: cannot find symbol
        renderer.begin(DrawMode.QUADS, VertexFormats.POSITION_TEXTURE);
                                       ^
  symbol:   variable VertexFormats
  location: interface ScreenEffect
/home/moriz/Projects/OrangeSunshine-worktrees/1.21.11/src/main/java/moriz/orangesunshine/client/render/effect/ScreenEffect.java:23: error: cannot find symbol
        Tessellator.getInstance().draw();
        ^
  symbol:   variable Tessellator
  location: interface ScreenEffect
/home/moriz/Projects/OrangeSunshine-worktrees/1.21.11/src/main/java/moriz/orangesunshine/client/render/effect/CompoundScreenEffect.java:46: error: cannot find symbol
            if (effect.shouldApply(client.getTickDelta())) {
                                         ^
  symbol:   method getTickDelta()
  location: variable client of type Minecraft
/home/moriz/Projects/OrangeSunshine-worktrees/1.21.11/src/main/java/moriz/orangesunshine/client/render/effect/EnvironmentalScreenEffect.java:63: error: cannot find symbol
        wasInWater = entity.getWorld().getFluidState(BlockPos.ofFloored(entity.getEyePos())).isIn(FluidTags.WATER);
                                                                                                  ^
  symbol:   variable FluidTags
  location: class EnvironmentalScreenEffect
/home/moriz/Projects/OrangeSunshine-worktrees/1.21.11/src/main/java/moriz/orangesunshine/client/render/effect/EnvironmentalScreenEffect.java:63: error: cannot find symbol
        wasInWater = entity.getWorld().getFluidState(BlockPos.ofFloored(entity.getEyePos())).isIn(FluidTags.WATER);
                           ^
  symbol:   method getWorld()
  location: variable entity of type Player
/home/moriz/Projects/OrangeSunshine-worktrees/1.21.11/src/main/java/moriz/orangesunshine/client/render/effect/EnvironmentalScreenEffect.java:63: error: cannot find symbol
        wasInWater = entity.getWorld().getFluidState(BlockPos.ofFloored(entity.getEyePos())).isIn(FluidTags.WATER);
                                                                              ^
  symbol:   method getEyePos()
  location: variable entity of type Player
/home/moriz/Projects/OrangeSunshine-worktrees/1.21.11/src/main/java/moriz/orangesunshine/client/render/effect/EnvironmentalScreenEffect.java:64: error: cannot find symbol
        wasInRain = entity.getWorld().getRainGradient(tickDelta) > 0
                          ^
  symbol:   method getWorld()
  location: variable entity of type Player
/home/moriz/Projects/OrangeSunshine-worktrees/1.21.11/src/main/java/moriz/orangesunshine/client/render/effect/EnvironmentalScreenEffect.java:65: error: cannot find symbol
                && entity.getWorld().getBiome(entity.getBlockPos()).value().getPrecipitation(entity.getBlockPos()) == Precipitation.RAIN
                         ^
  symbol:   method getWorld()
  location: variable entity of type Player
/home/moriz/Projects/OrangeSunshine-worktrees/1.21.11/src/main/java/moriz/orangesunshine/client/render/effect/EnvironmentalScreenEffect.java:65: error: cannot find symbol
                && entity.getWorld().getBiome(entity.getBlockPos()).value().getPrecipitation(entity.getBlockPos()) == Precipitation.RAIN
                                                    ^
  symbol:   method getBlockPos()
  location: variable entity of type Player
/home/moriz/Projects/OrangeSunshine-worktrees/1.21.11/src/main/java/moriz/orangesunshine/client/render/effect/EnvironmentalScreenEffect.java:65: error: cannot find symbol
                && entity.getWorld().getBiome(entity.getBlockPos()).value().getPrecipitation(entity.getBlockPos()) == Precipitation.RAIN
                                                                                                   ^
  symbol:   method getBlockPos()
  location: variable entity of type Player
/home/moriz/Projects/OrangeSunshine-worktrees/1.21.11/src/main/java/moriz/orangesunshine/client/render/effect/EnvironmentalScreenEffect.java:65: error: cannot find symbol
                && entity.getWorld().getBiome(entity.getBlockPos()).value().getPrecipitation(entity.getBlockPos()) == Precipitation.RAIN
                                                                                                                      ^
  symbol:   variable Precipitation
  location: class EnvironmentalScreenEffect
/home/moriz/Projects/OrangeSunshine-worktrees/1.21.11/src/main/java/moriz/orangesunshine/client/render/effect/EnvironmentalScreenEffect.java:66: error: cannot find symbol
                && entity.getWorld().getTopPosition(Type.MOTION_BLOCKING, entity.getBlockPos()).getY() <= entity.getY();
                                                    ^
  symbol:   variable Type
  location: class EnvironmentalScreenEffect
/home/moriz/Projects/OrangeSunshine-worktrees/1.21.11/src/main/java/moriz/orangesunshine/client/render/effect/EnvironmentalScreenEffect.java:66: error: cannot find symbol
                && entity.getWorld().getTopPosition(Type.MOTION_BLOCKING, entity.getBlockPos()).getY() <= entity.getY();
                         ^
  symbol:   method getWorld()
  location: variable entity of type Player
/home/moriz/Projects/OrangeSunshine-worktrees/1.21.11/src/main/java/moriz/orangesunshine/client/render/effect/EnvironmentalScreenEffect.java:66: error: cannot find symbol
                && entity.getWorld().getTopPosition(Type.MOTION_BLOCKING, entity.getBlockPos()).getY() <= entity.getY();
                                                                                ^
  symbol:   method getBlockPos()
  location: variable entity of type Player
/home/moriz/Projects/OrangeSunshine-worktrees/1.21.11/src/main/java/moriz/orangesunshine/client/render/effect/EnvironmentalScreenEffect.java:81: error: cannot find symbol
        BlockPos pos = entity.getBlockPos();
                             ^
  symbol:   method getBlockPos()
  location: variable entity of type Player
/home/moriz/Projects/OrangeSunshine-worktrees/1.21.11/src/main/java/moriz/orangesunshine/client/render/effect/EnvironmentalScreenEffect.java:82: error: cannot find symbol
        float newHeat = wasInWater ? 0 : entity.getWorld().getBiome(pos).value().getTemperature();
                                               ^
  symbol:   method getWorld()
  location: variable entity of type Player
/home/moriz/Projects/OrangeSunshine-worktrees/1.21.11/src/main/java/moriz/orangesunshine/client/render/effect/EnvironmentalScreenEffect.java:83: error: cannot find symbol
        if (!entity.getWorld().getDimension().hasCeiling()) {
                   ^
  symbol:   method getWorld()
  location: variable entity of type Player
/home/moriz/Projects/OrangeSunshine-worktrees/1.21.11/src/main/java/moriz/orangesunshine/client/render/effect/EnvironmentalScreenEffect.java:84: error: cannot find symbol
            newHeat *= MeteorlogicalUtil.getSunIntensity(entity.getWorld());
                       ^
  symbol:   variable MeteorlogicalUtil
  location: class EnvironmentalScreenEffect
/home/moriz/Projects/OrangeSunshine-worktrees/1.21.11/src/main/java/moriz/orangesunshine/client/render/effect/EnvironmentalScreenEffect.java:84: error: cannot find symbol
            newHeat *= MeteorlogicalUtil.getSunIntensity(entity.getWorld());
                                                               ^
  symbol:   method getWorld()
  location: variable entity of type Player
/home/moriz/Projects/OrangeSunshine-worktrees/1.21.11/src/main/java/moriz/orangesunshine/client/render/effect/EnvironmentalScreenEffect.java:85: error: cannot find symbol
            newHeat *= MeteorlogicalUtil.getSkyLightIntensity(entity.getWorld(), BlockPos.ofFloored(entity.getEyePos()));
                       ^
  symbol:   variable MeteorlogicalUtil
  location: class EnvironmentalScreenEffect
/home/moriz/Projects/OrangeSunshine-worktrees/1.21.11/src/main/java/moriz/orangesunshine/client/render/effect/EnvironmentalScreenEffect.java:85: error: cannot find symbol
            newHeat *= MeteorlogicalUtil.getSkyLightIntensity(entity.getWorld(), BlockPos.ofFloored(entity.getEyePos()));
                                                                    ^
  symbol:   method getWorld()
  location: variable entity of type Player
/home/moriz/Projects/OrangeSunshine-worktrees/1.21.11/src/main/java/moriz/orangesunshine/client/render/effect/EnvironmentalScreenEffect.java:85: error: cannot find symbol
            newHeat *= MeteorlogicalUtil.getSkyLightIntensity(entity.getWorld(), BlockPos.ofFloored(entity.getEyePos()));
                                                                                                          ^
  symbol:   method getEyePos()
  location: variable entity of type Player
/home/moriz/Projects/OrangeSunshine-worktrees/1.21.11/src/main/java/moriz/orangesunshine/client/render/effect/EnvironmentalScreenEffect.java:93: error: cannot find symbol
        matrices.push();
                ^
  symbol:   method push()
  location: variable matrices of type PoseStack
/home/moriz/Projects/OrangeSunshine-worktrees/1.21.11/src/main/java/moriz/orangesunshine/client/render/effect/EnvironmentalScreenEffect.java:94: error: cannot find symbol
        RenderSystem.enableBlend();
                    ^
  symbol:   method enableBlend()
  location: class RenderSystem
/home/moriz/Projects/OrangeSunshine-worktrees/1.21.11/src/main/java/moriz/orangesunshine/client/render/effect/EnvironmentalScreenEffect.java:95: error: cannot find symbol
        RenderSystem.disableDepthTest();
                    ^
  symbol:   method disableDepthTest()
  location: class RenderSystem
/home/moriz/Projects/OrangeSunshine-worktrees/1.21.11/src/main/java/moriz/orangesunshine/client/render/effect/EnvironmentalScreenEffect.java:96: error: cannot find symbol
        RenderSystem.depthMask(false);
                    ^
  symbol:   method depthMask(boolean)
  location: class RenderSystem
/home/moriz/Projects/OrangeSunshine-worktrees/1.21.11/src/main/java/moriz/orangesunshine/client/render/effect/EnvironmentalScreenEffect.java:97: error: cannot find symbol
        RenderSystem.defaultBlendFunc();
                    ^
  symbol:   method defaultBlendFunc()
  location: class RenderSystem
/home/moriz/Projects/OrangeSunshine-worktrees/1.21.11/src/main/java/moriz/orangesunshine/client/render/effect/EnvironmentalScreenEffect.java:106: error: cannot find symbol
            float p1 = Math.max((float)entity.hurtTime / entity.maxHurtTime, pulseStrength);
                                                               ^
  symbol:   variable maxHurtTime
  location: variable entity of type Player
/home/moriz/Projects/OrangeSunshine-worktrees/1.21.11/src/main/java/moriz/orangesunshine/client/render/effect/EnvironmentalScreenEffect.java:110: error: cannot find symbol
            RenderUtil.drawOverlay(matrices, p, screenWidth, screenHeight, HURT_OVERLAY, 0, 0, 1, 1, (int) ((1 - p) * 40));
                      ^
  symbol:   method drawOverlay(PoseStack,float,int,int,Identifier,int,int,int,int,int)
  location: class RenderUtil
/home/moriz/Projects/OrangeSunshine-worktrees/1.21.11/src/main/java/moriz/orangesunshine/client/render/effect/EnvironmentalScreenEffect.java:113: error: cannot find symbol
        RenderSystem.enableDepthTest();
                    ^
  symbol:   method enableDepthTest()
  location: class RenderSystem
/home/moriz/Projects/OrangeSunshine-worktrees/1.21.11/src/main/java/moriz/orangesunshine/client/render/effect/EnvironmentalScreenEffect.java:114: error: cannot find symbol
        matrices.pop();
                ^
  symbol:   method pop()
  location: variable matrices of type PoseStack
/home/moriz/Projects/OrangeSunshine-worktrees/1.21.11/src/main/java/moriz/orangesunshine/client/render/effect/LensFlareScreenEffect.java:50: error: cannot find symbol
            .toArray(Identifier[]::new);
                     ^
  symbol:   class Identifier
  location: class LensFlareScreenEffect
/home/moriz/Projects/OrangeSunshine-worktrees/1.21.11/src/main/java/moriz/orangesunshine/client/render/effect/LensFlareScreenEffect.java:65: error: cannot find symbol
        actualSunAlpha = Math.min(1, MathUtils.nearValue(actualSunAlpha, MeteorlogicalUtil.getSunFlareIntensity(client.world, client.getCameraEntity(), tickDelta), 0.1f, 0.01f));
                                                                                                                      ^
  symbol:   variable world
  location: variable client of type Minecraft
/home/moriz/Projects/OrangeSunshine-worktrees/1.21.11/src/main/java/moriz/orangesunshine/client/render/effect/LensFlareScreenEffect.java:65: error: cannot find symbol
        actualSunAlpha = Math.min(1, MathUtils.nearValue(actualSunAlpha, MeteorlogicalUtil.getSunFlareIntensity(client.world, client.getCameraEntity(), tickDelta), 0.1f, 0.01f));
                                                                         ^
  symbol:   variable MeteorlogicalUtil
  location: class LensFlareScreenEffect
/home/moriz/Projects/OrangeSunshine-worktrees/1.21.11/src/main/java/moriz/orangesunshine/client/render/effect/LensFlareScreenEffect.java:83: error: cannot find symbol
        Level world = client.world;
                            ^
  symbol:   variable world
  location: variable client of type Minecraft
/home/moriz/Projects/OrangeSunshine-worktrees/1.21.11/src/main/java/moriz/orangesunshine/client/render/effect/LensFlareScreenEffect.java:87: error: cannot find symbol
        float sunRadians = world.getSkyAngleRadians(tickDelta);
                                ^
  symbol:   method getSkyAngleRadians(float)
  location: variable world of type Level
Note: /home/moriz/Projects/OrangeSunshine-worktrees/1.21.11/src/main/java/moriz/orangesunshine/client/render/shader/ShaderLoader.java uses or overrides a deprecated API.
Note: Recompile with -Xlint:deprecation for details.
100 errors

> Task :fabric:compileJava FAILED
[Incubating] Problems report is available at: file:///home/moriz/Projects/OrangeSunshine-worktrees/1.21.11/build/reports/problems/problems-report.html

FAILURE: Build failed with an exception.

* What went wrong:
Execution failed for task ':fabric:compileJava'.
> Compilation failed; see the compiler output below.
  /home/moriz/Projects/OrangeSunshine-worktrees/1.21.11/src/main/java/moriz/orangesunshine/client/render/shader/ModdedResourceFactory.java:12: error: cannot find symbol
  class ModdedResourceFactory implements ResourceFactory {
                                         ^
    symbol: class ResourceFactory
  /home/moriz/Projects/OrangeSunshine-worktrees/1.21.11/src/main/java/moriz/orangesunshine/client/render/effect/ScreenEffect.java:4: error: package net.minecraft.client.renderer.VertexFormat does not exist
  import net.minecraft.client.renderer.VertexFormat.DrawMode;
                                                   ^
  /home/moriz/Projects/OrangeSunshine-worktrees/1.21.11/src/main/java/moriz/orangesunshine/client/render/effect/EnvironmentalScreenEffect.java:20: error: package net.minecraft.registry.tag does not exist
  import net.minecraft.registry.tag.FluidTags;
                                   ^
  /home/moriz/Projects/OrangeSunshine-worktrees/1.21.11/src/main/java/moriz/orangesunshine/client/render/effect/EnvironmentalScreenEffect.java:24: error: package net.minecraft.world.Heightmap does not exist
  import net.minecraft.world.Heightmap.Type;
                                      ^
  /home/moriz/Projects/OrangeSunshine-worktrees/1.21.11/src/main/java/moriz/orangesunshine/client/render/effect/EnvironmentalScreenEffect.java:25: error: package net.minecraft.world.biome.Biome does not exist
  import net.minecraft.world.biome.Biome.Precipitation;
                                        ^
  /home/moriz/Projects/OrangeSunshine-worktrees/1.21.11/src/main/java/moriz/orangesunshine/client/render/effect/LensFlareScreenEffect.java:17: error: package com.mojang.blaze3d.platform.GlStateManager does not exist
  import com.mojang.blaze3d.platform.GlStateManager.DstFactor;
                                                   ^
  /home/moriz/Projects/OrangeSunshine-worktrees/1.21.11/src/main/java/moriz/orangesunshine/client/render/effect/LensFlareScreenEffect.java:18: error: package com.mojang.blaze3d.platform.GlStateManager does not exist
  import com.mojang.blaze3d.platform.GlStateManager.SrcFactor;
                                                   ^
  /home/moriz/Projects/OrangeSunshine-worktrees/1.21.11/src/main/java/moriz/orangesunshine/client/render/effect/MotionBlurScreenEffect.java:17: error: package com.mojang.blaze3d.platform.GlStateManager does not exist
  import com.mojang.blaze3d.platform.GlStateManager.DstFactor;
                                                   ^
  /home/moriz/Projects/OrangeSunshine-worktrees/1.21.11/src/main/java/moriz/orangesunshine/client/render/effect/MotionBlurScreenEffect.java:18: error: package com.mojang.blaze3d.platform.GlStateManager does not exist
  import com.mojang.blaze3d.platform.GlStateManager.SrcFactor;
                                                   ^
  /home/moriz/Projects/OrangeSunshine-worktrees/1.21.11/src/main/java/moriz/orangesunshine/client/render/effect/MotionBlurScreenEffect.java:23: error: package net.minecraft.client.gl does not exist
  import net.minecraft.client.gl.Framebuffer;
                                ^
  /home/moriz/Projects/OrangeSunshine-worktrees/1.21.11/src/main/java/moriz/orangesunshine/client/render/effect/MotionBlurScreenEffect.java:24: error: package net.minecraft.client.gl does not exist
  import net.minecraft.client.gl.SimpleFramebuffer;
                                ^
  /home/moriz/Projects/OrangeSunshine-worktrees/1.21.11/src/main/java/moriz/orangesunshine/client/render/effect/PowerOverlayScreenEffect.java:15: error: package net.minecraft.client.renderer.VertexFormat does not exist
  import net.minecraft.client.renderer.VertexFormat.DrawMode;
                                                   ^
  /home/moriz/Projects/OrangeSunshine-worktrees/1.21.11/src/main/java/moriz/orangesunshine/client/render/effect/TirednessScreenEffect.java:20: error: package net.minecraft.sound does not exist
  import net.minecraft.sound.SoundCategory;
                            ^
  /home/moriz/Projects/OrangeSunshine-worktrees/1.21.11/src/main/java/moriz/orangesunshine/client/render/effect/WarmthOverlayScreenEffect.java:12: error: package net.minecraft.client.renderer.VertexFormat does not exist
  import net.minecraft.client.renderer.VertexFormat.DrawMode;
                                                   ^
  /home/moriz/Projects/OrangeSunshine-worktrees/1.21.11/src/main/java/moriz/orangesunshine/client/render/shader/PSShaders.java:8: error: package net.minecraft.client.render does not exist
  import net.minecraft.client.render.VertexFormats;
                                    ^
  Note: Recompile with -Xlint:deprecation for details.
  Note: /home/moriz/Projects/OrangeSunshine-worktrees/1.21.11/src/main/java/moriz/orangesunshine/client/render/shader/ShaderLoader.java uses or overrides a deprecated API.
  /home/moriz/Projects/OrangeSunshine-worktrees/1.21.11/src/main/java/moriz/orangesunshine/client/render/effect/DrugOverlayScreenEffect.java:36: error: cannot find symbol
          matrices.push();
                  ^
    symbol:   method push()
    location: variable matrices of type PoseStack
  /home/moriz/Projects/OrangeSunshine-worktrees/1.21.11/src/main/java/moriz/orangesunshine/client/render/effect/DrugOverlayScreenEffect.java:37: error: cannot find symbol
          RenderSystem.enableBlend();
                      ^
    symbol:   method enableBlend()
    location: class RenderSystem
  /home/moriz/Projects/OrangeSunshine-worktrees/1.21.11/src/main/java/moriz/orangesunshine/client/render/effect/DrugOverlayScreenEffect.java:38: error: cannot find symbol
          RenderSystem.disableDepthTest();
                      ^
    symbol:   method disableDepthTest()
    location: class RenderSystem
  /home/moriz/Projects/OrangeSunshine-worktrees/1.21.11/src/main/java/moriz/orangesunshine/client/render/effect/DrugOverlayScreenEffect.java:39: error: cannot find symbol
          RenderSystem.depthMask(false);
                      ^
    symbol:   method depthMask(boolean)
    location: class RenderSystem
  /home/moriz/Projects/OrangeSunshine-worktrees/1.21.11/src/main/java/moriz/orangesunshine/client/render/effect/DrugOverlayScreenEffect.java:40: error: cannot find symbol
          RenderSystem.defaultBlendFunc();
                      ^
    symbol:   method defaultBlendFunc()
    location: class RenderSystem
  /home/moriz/Projects/OrangeSunshine-worktrees/1.21.11/src/main/java/moriz/orangesunshine/client/render/effect/DrugOverlayScreenEffect.java:42: error: cannot find symbol
          RenderSystem.enableDepthTest();
                      ^
    symbol:   method enableDepthTest()
    location: class RenderSystem
  /home/moriz/Projects/OrangeSunshine-worktrees/1.21.11/src/main/java/moriz/orangesunshine/client/render/effect/DrugOverlayScreenEffect.java:43: error: cannot find symbol
          matrices.pop();
                  ^
    symbol:   method pop()
    location: variable matrices of type PoseStack
  /home/moriz/Projects/OrangeSunshine-worktrees/1.21.11/src/main/java/moriz/orangesunshine/client/render/effect/AlcoholOverlayScreenEffect.java:29: error: cannot find symbol
          TextureAtlasSprite sprite = Minecraft.getInstance().getBlockRenderManager().getModels().getModelParticleSprite(Blocks.NETHER_PORTAL.getDefaultState());
                                                             ^
    symbol:   method getBlockRenderManager()
    location: class Minecraft
  /home/moriz/Projects/OrangeSunshine-worktrees/1.21.11/src/main/java/moriz/orangesunshine/client/render/effect/AlcoholOverlayScreenEffect.java:29: error: cannot find symbol
          TextureAtlasSprite sprite = Minecraft.getInstance().getBlockRenderManager().getModels().getModelParticleSprite(Blocks.NETHER_PORTAL.getDefaultState());
                                                                                                                                             ^
    symbol:   method getDefaultState()
    location: variable NETHER_PORTAL of type Block
  /home/moriz/Projects/OrangeSunshine-worktrees/1.21.11/src/main/java/moriz/orangesunshine/client/render/effect/AlcoholOverlayScreenEffect.java:31: error: cannot find symbol
                  sprite.getMinU(),
                        ^
    symbol:   method getMinU()
    location: variable sprite of type TextureAtlasSprite
  /home/moriz/Projects/OrangeSunshine-worktrees/1.21.11/src/main/java/moriz/orangesunshine/client/render/effect/AlcoholOverlayScreenEffect.java:32: error: cannot find symbol
                  sprite.getMinV(),
                        ^
    symbol:   method getMinV()
    location: variable sprite of type TextureAtlasSprite
  /home/moriz/Projects/OrangeSunshine-worktrees/1.21.11/src/main/java/moriz/orangesunshine/client/render/effect/AlcoholOverlayScreenEffect.java:33: error: cannot find symbol
                  sprite.getMaxU(),
                        ^
    symbol:   method getMaxU()
    location: variable sprite of type TextureAtlasSprite
  /home/moriz/Projects/OrangeSunshine-worktrees/1.21.11/src/main/java/moriz/orangesunshine/client/render/effect/AlcoholOverlayScreenEffect.java:34: error: cannot find symbol
                  sprite.getMaxV(),
                        ^
    symbol:   method getMaxV()
    location: variable sprite of type TextureAtlasSprite
  /home/moriz/Projects/OrangeSunshine-worktrees/1.21.11/src/main/java/moriz/orangesunshine/client/render/effect/CompoundScreenEffect.java:46: error: cannot find symbol
              if (effect.shouldApply(client.getTickDelta())) {
                                           ^
    symbol:   method getTickDelta()
    location: variable client of type Minecraft
  /home/moriz/Projects/OrangeSunshine-worktrees/1.21.11/src/main/java/moriz/orangesunshine/client/render/effect/EnvironmentalScreenEffect.java:63: error: cannot find symbol
          wasInWater = entity.getWorld().getFluidState(BlockPos.ofFloored(entity.getEyePos())).isIn(FluidTags.WATER);
                             ^
    symbol:   method getWorld()
    location: variable entity of type Player
  /home/moriz/Projects/OrangeSunshine-worktrees/1.21.11/src/main/java/moriz/orangesunshine/client/render/effect/EnvironmentalScreenEffect.java:63: error: cannot find symbol
          wasInWater = entity.getWorld().getFluidState(BlockPos.ofFloored(entity.getEyePos())).isIn(FluidTags.WATER);
                                                                                ^
    symbol:   method getEyePos()
    location: variable entity of type Player
  /home/moriz/Projects/OrangeSunshine-worktrees/1.21.11/src/main/java/moriz/orangesunshine/client/render/effect/EnvironmentalScreenEffect.java:64: error: cannot find symbol
          wasInRain = entity.getWorld().getRainGradient(tickDelta) > 0
                            ^
    symbol:   method getWorld()
    location: variable entity of type Player
  /home/moriz/Projects/OrangeSunshine-worktrees/1.21.11/src/main/java/moriz/orangesunshine/client/render/effect/EnvironmentalScreenEffect.java:65: error: cannot find symbol
                  && entity.getWorld().getBiome(entity.getBlockPos()).value().getPrecipitation(entity.getBlockPos()) == Precipitation.RAIN
                           ^
    symbol:   method getWorld()
    location: variable entity of type Player
  /home/moriz/Projects/OrangeSunshine-worktrees/1.21.11/src/main/java/moriz/orangesunshine/client/render/effect/EnvironmentalScreenEffect.java:65: error: cannot find symbol
                  && entity.getWorld().getBiome(entity.getBlockPos()).value().getPrecipitation(entity.getBlockPos()) == Precipitation.RAIN
                                                      ^
    symbol:   method getBlockPos()
    location: variable entity of type Player
  /home/moriz/Projects/OrangeSunshine-worktrees/1.21.11/src/main/java/moriz/orangesunshine/client/render/effect/EnvironmentalScreenEffect.java:65: error: cannot find symbol
                  && entity.getWorld().getBiome(entity.getBlockPos()).value().getPrecipitation(entity.getBlockPos()) == Precipitation.RAIN
                                                                                                     ^
    symbol:   method getBlockPos()
    location: variable entity of type Player
  /home/moriz/Projects/OrangeSunshine-worktrees/1.21.11/src/main/java/moriz/orangesunshine/client/render/effect/EnvironmentalScreenEffect.java:66: error: cannot find symbol
                  && entity.getWorld().getTopPosition(Type.MOTION_BLOCKING, entity.getBlockPos()).getY() <= entity.getY();
                           ^
    symbol:   method getWorld()
    location: variable entity of type Player
  /home/moriz/Projects/OrangeSunshine-worktrees/1.21.11/src/main/java/moriz/orangesunshine/client/render/effect/EnvironmentalScreenEffect.java:66: error: cannot find symbol
                  && entity.getWorld().getTopPosition(Type.MOTION_BLOCKING, entity.getBlockPos()).getY() <= entity.getY();
                                                                                  ^
    symbol:   method getBlockPos()
    location: variable entity of type Player
  /home/moriz/Projects/OrangeSunshine-worktrees/1.21.11/src/main/java/moriz/orangesunshine/client/render/effect/EnvironmentalScreenEffect.java:81: error: cannot find symbol
          BlockPos pos = entity.getBlockPos();
                               ^
    symbol:   method getBlockPos()
    location: variable entity of type Player
  /home/moriz/Projects/OrangeSunshine-worktrees/1.21.11/src/main/java/moriz/orangesunshine/client/render/effect/EnvironmentalScreenEffect.java:82: error: cannot find symbol
          float newHeat = wasInWater ? 0 : entity.getWorld().getBiome(pos).value().getTemperature();
                                                 ^
    symbol:   method getWorld()
    location: variable entity of type Player
  /home/moriz/Projects/OrangeSunshine-worktrees/1.21.11/src/main/java/moriz/orangesunshine/client/render/effect/EnvironmentalScreenEffect.java:83: error: cannot find symbol
          if (!entity.getWorld().getDimension().hasCeiling()) {
                     ^
    symbol:   method getWorld()
    location: variable entity of type Player
  /home/moriz/Projects/OrangeSunshine-worktrees/1.21.11/src/main/java/moriz/orangesunshine/client/render/effect/EnvironmentalScreenEffect.java:84: error: cannot find symbol
              newHeat *= MeteorlogicalUtil.getSunIntensity(entity.getWorld());
                                                                 ^
    symbol:   method getWorld()
    location: variable entity of type Player
  /home/moriz/Projects/OrangeSunshine-worktrees/1.21.11/src/main/java/moriz/orangesunshine/client/render/effect/EnvironmentalScreenEffect.java:85: error: cannot find symbol
              newHeat *= MeteorlogicalUtil.getSkyLightIntensity(entity.getWorld(), BlockPos.ofFloored(entity.getEyePos()));
                                                                      ^
    symbol:   method getWorld()
    location: variable entity of type Player
  /home/moriz/Projects/OrangeSunshine-worktrees/1.21.11/src/main/java/moriz/orangesunshine/client/render/effect/EnvironmentalScreenEffect.java:85: error: cannot find symbol
              newHeat *= MeteorlogicalUtil.getSkyLightIntensity(entity.getWorld(), BlockPos.ofFloored(entity.getEyePos()));
                                                                                                            ^
    symbol:   method getEyePos()
    location: variable entity of type Player
  /home/moriz/Projects/OrangeSunshine-worktrees/1.21.11/src/main/java/moriz/orangesunshine/client/render/effect/EnvironmentalScreenEffect.java:93: error: cannot find symbol
          matrices.push();
                  ^
    symbol:   method push()
    location: variable matrices of type PoseStack
  /home/moriz/Projects/OrangeSunshine-worktrees/1.21.11/src/main/java/moriz/orangesunshine/client/render/effect/EnvironmentalScreenEffect.java:94: error: cannot find symbol
          RenderSystem.enableBlend();
                      ^
    symbol:   method enableBlend()
    location: class RenderSystem
  /home/moriz/Projects/OrangeSunshine-worktrees/1.21.11/src/main/java/moriz/orangesunshine/client/render/effect/EnvironmentalScreenEffect.java:95: error: cannot find symbol
          RenderSystem.disableDepthTest();
                      ^
    symbol:   method disableDepthTest()
    location: class RenderSystem
  /home/moriz/Projects/OrangeSunshine-worktrees/1.21.11/src/main/java/moriz/orangesunshine/client/render/effect/EnvironmentalScreenEffect.java:96: error: cannot find symbol
          RenderSystem.depthMask(false);
                      ^
    symbol:   method depthMask(boolean)
    location: class RenderSystem
  /home/moriz/Projects/OrangeSunshine-worktrees/1.21.11/src/main/java/moriz/orangesunshine/client/render/effect/EnvironmentalScreenEffect.java:97: error: cannot find symbol
          RenderSystem.defaultBlendFunc();
                      ^
    symbol:   method defaultBlendFunc()
    location: class RenderSystem
  /home/moriz/Projects/OrangeSunshine-worktrees/1.21.11/src/main/java/moriz/orangesunshine/client/render/effect/EnvironmentalScreenEffect.java:110: error: cannot find symbol
              RenderUtil.drawOverlay(matrices, p, screenWidth, screenHeight, HURT_OVERLAY, 0, 0, 1, 1, (int) ((1 - p) * 40));
                        ^
    symbol:   method drawOverlay(PoseStack,float,int,int,Identifier,int,int,int,int,int)
    location: class RenderUtil
  /home/moriz/Projects/OrangeSunshine-worktrees/1.21.11/src/main/java/moriz/orangesunshine/client/render/effect/EnvironmentalScreenEffect.java:113: error: cannot find symbol
          RenderSystem.enableDepthTest();
                      ^
    symbol:   method enableDepthTest()
    location: class RenderSystem
  /home/moriz/Projects/OrangeSunshine-worktrees/1.21.11/src/main/java/moriz/orangesunshine/client/render/effect/EnvironmentalScreenEffect.java:114: error: cannot find symbol
          matrices.pop();
                  ^
    symbol:   method pop()
    location: variable matrices of type PoseStack
  /home/moriz/Projects/OrangeSunshine-worktrees/1.21.11/src/main/java/moriz/orangesunshine/client/render/effect/LensFlareScreenEffect.java:87: error: cannot find symbol
          float sunRadians = world.getSkyAngleRadians(tickDelta);
                                  ^
    symbol:   method getSkyAngleRadians(float)
    location: variable world of type Level
  /home/moriz/Projects/OrangeSunshine-worktrees/1.21.11/src/main/java/moriz/orangesunshine/client/render/effect/EnvironmentalScreenEffect.java:12: error: cannot find symbol
  import moriz.orangesunshine.client.render.MeteorlogicalUtil;
                                           ^
    symbol:   class MeteorlogicalUtil
    location: package moriz.orangesunshine.client.render
  /home/moriz/Projects/OrangeSunshine-worktrees/1.21.11/src/main/java/moriz/orangesunshine/client/render/effect/LensFlareScreenEffect.java:11: error: cannot find symbol
  import moriz.orangesunshine.client.render.MeteorlogicalUtil;
                                           ^
    symbol:   class MeteorlogicalUtil
    location: package moriz.orangesunshine.client.render
  /home/moriz/Projects/OrangeSunshine-worktrees/1.21.11/src/main/java/moriz/orangesunshine/client/render/effect/LensFlareScreenEffect.java:12: error: cannot find symbol
  import moriz.orangesunshine.client.render.PsycheMatrixHelper;
                                           ^
    symbol:   class PsycheMatrixHelper
    location: package moriz.orangesunshine.client.render
  /home/moriz/Projects/OrangeSunshine-worktrees/1.21.11/src/main/java/moriz/orangesunshine/client/render/effect/LensFlareScreenEffect.java:27: error: cannot find symbol
  import net.minecraft.util.FastColor;
                           ^
    symbol:   class FastColor
    location: package net.minecraft.util
  /home/moriz/Projects/OrangeSunshine-worktrees/1.21.11/src/main/java/moriz/orangesunshine/client/render/effect/LensFlareScreenEffect.java:48: error: cannot find symbol
      private static final Identifier[] FLARES = IntStream.range(0, FLARE_SIZES.length)
                           ^
    symbol:   class Identifier
    location: class LensFlareScreenEffect
  /home/moriz/Projects/OrangeSunshine-worktrees/1.21.11/src/main/java/moriz/orangesunshine/client/render/effect/LensFlareScreenEffect.java:52: error: cannot find symbol
      private static final Identifier BLINDNESS_OVERLAY = OrangeSunshine.id("textures/environment/lense_flare/sun_blindness.png");
                           ^
    symbol:   class Identifier
    location: class LensFlareScreenEffect
  /home/moriz/Projects/OrangeSunshine-worktrees/1.21.11/src/main/java/moriz/orangesunshine/client/render/effect/MotionBlurScreenEffect.java:15: error: cannot find symbol
  import com.mojang.blaze3d.platform.GlConst;
                                    ^
    symbol:   class GlConst
    location: package com.mojang.blaze3d.platform
  /home/moriz/Projects/OrangeSunshine-worktrees/1.21.11/src/main/java/moriz/orangesunshine/client/render/effect/MotionBlurScreenEffect.java:16: error: cannot find symbol
  import com.mojang.blaze3d.platform.GlStateManager;
                                    ^
    symbol:   class GlStateManager
    location: package com.mojang.blaze3d.platform
  /home/moriz/Projects/OrangeSunshine-worktrees/1.21.11/src/main/java/moriz/orangesunshine/client/render/effect/MotionBlurScreenEffect.java:135: error: cannot find symbol
          private final SimpleFramebuffer output;
                        ^
    symbol:   class SimpleFramebuffer
    location: class MotionBlurScreenEffect.GlTexture
  /home/moriz/Projects/OrangeSunshine-worktrees/1.21.11/src/main/java/moriz/orangesunshine/client/render/effect/PowerOverlayScreenEffect.java:6: error: cannot find symbol
  import com.mojang.blaze3d.platform.GlStateManager;
                                    ^
    symbol:   class GlStateManager
    location: package com.mojang.blaze3d.platform
  /home/moriz/Projects/OrangeSunshine-worktrees/1.21.11/src/main/java/moriz/orangesunshine/client/render/shader/CoreShaderRegistrationCallback.java:11: error: cannot find symbol
  import net.minecraft.client.renderer.ShaderInstance;
                                      ^
    symbol:   class ShaderInstance
    location: package net.minecraft.client.renderer
  /home/moriz/Projects/OrangeSunshine-worktrees/1.21.11/src/main/java/moriz/orangesunshine/client/render/shader/CoreShaderRegistrationCallback.java:12: error: cannot find symbol
  import net.minecraft.server.packs.resources.ResourceFactory;
                                             ^
    symbol:   class ResourceFactory
    location: package net.minecraft.server.packs.resources
  /home/moriz/Projects/OrangeSunshine-worktrees/1.21.11/src/main/java/moriz/orangesunshine/client/render/shader/CoreShaderRegistrationCallback.java:23: error: cannot find symbol
      void call(ResourceFactory factory, List<Pair<ShaderInstance, Consumer<ShaderInstance>>> shaderList) throws IOException;
                ^
    symbol:   class ResourceFactory
    location: interface CoreShaderRegistrationCallback
  /home/moriz/Projects/OrangeSunshine-worktrees/1.21.11/src/main/java/moriz/orangesunshine/client/render/shader/CoreShaderRegistrationCallback.java:23: error: cannot find symbol
      void call(ResourceFactory factory, List<Pair<ShaderInstance, Consumer<ShaderInstance>>> shaderList) throws IOException;
                                                   ^
    symbol:   class ShaderInstance
    location: interface CoreShaderRegistrationCallback
  /home/moriz/Projects/OrangeSunshine-worktrees/1.21.11/src/main/java/moriz/orangesunshine/client/render/shader/CoreShaderRegistrationCallback.java:23: error: cannot find symbol
      void call(ResourceFactory factory, List<Pair<ShaderInstance, Consumer<ShaderInstance>>> shaderList) throws IOException;
                                                                            ^
    symbol:   class ShaderInstance
    location: interface CoreShaderRegistrationCallback
  /home/moriz/Projects/OrangeSunshine-worktrees/1.21.11/src/main/java/moriz/orangesunshine/client/render/shader/GeometryShader.java:48: error: cannot find symbol
      public void setup(ShaderType type, String name, InputStream stream, String domain, GlImportProcessor loader) {
                                                                                         ^
    symbol:   class GlImportProcessor
    location: class GeometryShader
  /home/moriz/Projects/OrangeSunshine-worktrees/1.21.11/src/main/java/moriz/orangesunshine/client/render/shader/GeometryShader.java:61: error: cannot find symbol
      public void addUniforms(ShaderProgramSetupView program, Consumer<Uniform> register) {
                              ^
    symbol:   class ShaderProgramSetupView
    location: class GeometryShader
  /home/moriz/Projects/OrangeSunshine-worktrees/1.21.11/src/main/java/moriz/orangesunshine/client/render/shader/GeometryShader.java:61: error: cannot find symbol
      public void addUniforms(ShaderProgramSetupView program, Consumer<Uniform> register) {
                                                                       ^
    symbol:   class Uniform
    location: class GeometryShader
  /home/moriz/Projects/OrangeSunshine-worktrees/1.21.11/src/main/java/moriz/orangesunshine/client/render/shader/GeometryShader.java:151: error: cannot find symbol
      static class BoundUniform extends Uniform {
                                        ^
    symbol:   class Uniform
    location: class GeometryShader
  /home/moriz/Projects/OrangeSunshine-worktrees/1.21.11/src/main/java/moriz/orangesunshine/client/render/shader/GeometryShader.java:152: error: cannot find symbol
          private final Consumer<Uniform> valueGetter;
                                 ^
    symbol:   class Uniform
    location: class BoundUniform
  /home/moriz/Projects/OrangeSunshine-worktrees/1.21.11/src/main/java/moriz/orangesunshine/client/render/shader/GeometryShader.java:154: error: cannot find symbol
          public BoundUniform(String name, int dataType, int count, ShaderProgramSetupView program, Consumer<Uniform> valueGetter) {
                                                                    ^
    symbol:   class ShaderProgramSetupView
    location: class BoundUniform
  /home/moriz/Projects/OrangeSunshine-worktrees/1.21.11/src/main/java/moriz/orangesunshine/client/render/shader/GeometryShader.java:154: error: cannot find symbol
          public BoundUniform(String name, int dataType, int count, ShaderProgramSetupView program, Consumer<Uniform> valueGetter) {
                                                                                                             ^
    symbol:   class Uniform
    location: class BoundUniform
  /home/moriz/Projects/OrangeSunshine-worktrees/1.21.11/src/main/java/moriz/orangesunshine/client/render/shader/LoadedShader.java:66: error: cannot find symbol
      public PostPass addPass(String programName, Framebuffer source, Framebuffer dest) throws IOException {
                                                  ^
    symbol:   class Framebuffer
    location: class LoadedShader
  /home/moriz/Projects/OrangeSunshine-worktrees/1.21.11/src/main/java/moriz/orangesunshine/client/render/shader/LoadedShader.java:66: error: cannot find symbol
      public PostPass addPass(String programName, Framebuffer source, Framebuffer dest) throws IOException {
                                                                      ^
    symbol:   class Framebuffer
    location: class LoadedShader
  /home/moriz/Projects/OrangeSunshine-worktrees/1.21.11/src/main/java/moriz/orangesunshine/client/render/shader/ModdedResourceFactory.java:13: error: cannot find symbol
      private final ResourceFactory parent;
                    ^
    symbol:   class ResourceFactory
    location: class ModdedResourceFactory
  /home/moriz/Projects/OrangeSunshine-worktrees/1.21.11/src/main/java/moriz/orangesunshine/client/render/shader/ModdedResourceFactory.java:18: error: cannot find symbol
      public ModdedResourceFactory(ResourceFactory parent, String defaultNamespace) {
                                   ^
    symbol:   class ResourceFactory
    location: class ModdedResourceFactory
  /home/moriz/Projects/OrangeSunshine-worktrees/1.21.11/src/main/java/moriz/orangesunshine/client/render/shader/ModdedResourceManager.java:51: error: cannot find symbol
      public Stream<ResourcePack> streamResourcePacks() {
                    ^
    symbol:   class ResourcePack
    location: class ModdedResourceManager
  /home/moriz/Projects/OrangeSunshine-worktrees/1.21.11/src/main/java/moriz/orangesunshine/client/render/shader/PSShaders.java:7: error: cannot find symbol
  import net.minecraft.client.renderer.ShaderInstance;
                                      ^
    symbol:   class ShaderInstance
    location: package net.minecraft.client.renderer
  /home/moriz/Projects/OrangeSunshine-worktrees/1.21.11/src/main/java/moriz/orangesunshine/client/render/shader/PSShaders.java:12: error: cannot find symbol
      private static ShaderInstance renderTypeZeroMatterProgram;
                     ^
    symbol:   class ShaderInstance
    location: class PSShaders
  /home/moriz/Projects/OrangeSunshine-worktrees/1.21.11/src/main/java/moriz/orangesunshine/client/render/shader/PSShaders.java:14: error: cannot find symbol
      public static ShaderInstance getRenderTypeZeroMatterProgram() {
                    ^
    symbol:   class ShaderInstance
    location: class PSShaders
  /home/moriz/Projects/OrangeSunshine-worktrees/1.21.11/src/main/java/moriz/orangesunshine/client/render/shader/ShaderContext.java:19: error: cannot find symbol
      static float drug(DrugShaderType type) {
                        ^
    symbol:   class DrugShaderType
    location: interface ShaderContext
  /home/moriz/Projects/OrangeSunshine-worktrees/1.21.11/src/main/java/moriz/orangesunshine/client/render/shader/ShaderLoader.java:17: error: cannot find symbol
  import moriz.orangesunshine.client.render.GLStateProxy;
                                           ^
    symbol:   class GLStateProxy
    location: package moriz.orangesunshine.client.render
  /home/moriz/Projects/OrangeSunshine-worktrees/1.21.11/src/main/java/moriz/orangesunshine/client/render/effect/AlcoholOverlayScreenEffect.java:30: error: cannot find symbol
          RenderUtil.drawOverlay(matrices, overlayAlpha * 0.25f, width, height, InventoryMenu.BLOCK_ATLAS,
                                                                                             ^
    symbol:   variable BLOCK_ATLAS
    location: class InventoryMenu
  /home/moriz/Projects/OrangeSunshine-worktrees/1.21.11/src/main/java/moriz/orangesunshine/client/render/effect/ScreenEffect.java:17: error: cannot find symbol
          BufferBuilder renderer = Tessellator.getInstance().getBuffer();
          ^
    symbol:   class BufferBuilder
    location: interface ScreenEffect
  /home/moriz/Projects/OrangeSunshine-worktrees/1.21.11/src/main/java/moriz/orangesunshine/client/render/effect/ScreenEffect.java:17: error: cannot find symbol
          BufferBuilder renderer = Tessellator.getInstance().getBuffer();
                                   ^
    symbol:   variable Tessellator
    location: interface ScreenEffect
  /home/moriz/Projects/OrangeSunshine-worktrees/1.21.11/src/main/java/moriz/orangesunshine/client/render/effect/ScreenEffect.java:18: error: cannot find symbol
          renderer.begin(DrawMode.QUADS, VertexFormats.POSITION_TEXTURE);
                         ^
    symbol:   variable DrawMode
    location: interface ScreenEffect
  /home/moriz/Projects/OrangeSunshine-worktrees/1.21.11/src/main/java/moriz/orangesunshine/client/render/effect/ScreenEffect.java:18: error: cannot find symbol
          renderer.begin(DrawMode.QUADS, VertexFormats.POSITION_TEXTURE);
                                         ^
    symbol:   variable VertexFormats
    location: interface ScreenEffect
  /home/moriz/Projects/OrangeSunshine-worktrees/1.21.11/src/main/java/moriz/orangesunshine/client/render/effect/ScreenEffect.java:23: error: cannot find symbol
          Tessellator.getInstance().draw();
          ^
    symbol:   variable Tessellator
    location: interface ScreenEffect
  /home/moriz/Projects/OrangeSunshine-worktrees/1.21.11/src/main/java/moriz/orangesunshine/client/render/effect/EnvironmentalScreenEffect.java:63: error: cannot find symbol
          wasInWater = entity.getWorld().getFluidState(BlockPos.ofFloored(entity.getEyePos())).isIn(FluidTags.WATER);
                                                                                                    ^
    symbol:   variable FluidTags
    location: class EnvironmentalScreenEffect
  /home/moriz/Projects/OrangeSunshine-worktrees/1.21.11/src/main/java/moriz/orangesunshine/client/render/effect/EnvironmentalScreenEffect.java:65: error: cannot find symbol
                  && entity.getWorld().getBiome(entity.getBlockPos()).value().getPrecipitation(entity.getBlockPos()) == Precipitation.RAIN
                                                                                                                        ^
    symbol:   variable Precipitation
    location: class EnvironmentalScreenEffect
  /home/moriz/Projects/OrangeSunshine-worktrees/1.21.11/src/main/java/moriz/orangesunshine/client/render/effect/EnvironmentalScreenEffect.java:66: error: cannot find symbol
                  && entity.getWorld().getTopPosition(Type.MOTION_BLOCKING, entity.getBlockPos()).getY() <= entity.getY();
                                                      ^
    symbol:   variable Type
    location: class EnvironmentalScreenEffect
  /home/moriz/Projects/OrangeSunshine-worktrees/1.21.11/src/main/java/moriz/orangesunshine/client/render/effect/EnvironmentalScreenEffect.java:84: error: cannot find symbol
              newHeat *= MeteorlogicalUtil.getSunIntensity(entity.getWorld());
                         ^
    symbol:   variable MeteorlogicalUtil
    location: class EnvironmentalScreenEffect
  /home/moriz/Projects/OrangeSunshine-worktrees/1.21.11/src/main/java/moriz/orangesunshine/client/render/effect/EnvironmentalScreenEffect.java:85: error: cannot find symbol
              newHeat *= MeteorlogicalUtil.getSkyLightIntensity(entity.getWorld(), BlockPos.ofFloored(entity.getEyePos()));
                         ^
    symbol:   variable MeteorlogicalUtil
    location: class EnvironmentalScreenEffect
  /home/moriz/Projects/OrangeSunshine-worktrees/1.21.11/src/main/java/moriz/orangesunshine/client/render/effect/EnvironmentalScreenEffect.java:106: error: cannot find symbol
              float p1 = Math.max((float)entity.hurtTime / entity.maxHurtTime, pulseStrength);
                                                                 ^
    symbol:   variable maxHurtTime
    location: variable entity of type Player
  /home/moriz/Projects/OrangeSunshine-worktrees/1.21.11/src/main/java/moriz/orangesunshine/client/render/effect/LensFlareScreenEffect.java:50: error: cannot find symbol
              .toArray(Identifier[]::new);
                       ^
    symbol:   class Identifier
    location: class LensFlareScreenEffect
  /home/moriz/Projects/OrangeSunshine-worktrees/1.21.11/src/main/java/moriz/orangesunshine/client/render/effect/LensFlareScreenEffect.java:65: error: cannot find symbol
          actualSunAlpha = Math.min(1, MathUtils.nearValue(actualSunAlpha, MeteorlogicalUtil.getSunFlareIntensity(client.world, client.getCameraEntity(), tickDelta), 0.1f, 0.01f));
                                                                                                                        ^
    symbol:   variable world
    location: variable client of type Minecraft
  /home/moriz/Projects/OrangeSunshine-worktrees/1.21.11/src/main/java/moriz/orangesunshine/client/render/effect/LensFlareScreenEffect.java:65: error: cannot find symbol
          actualSunAlpha = Math.min(1, MathUtils.nearValue(actualSunAlpha, MeteorlogicalUtil.getSunFlareIntensity(client.world, client.getCameraEntity(), tickDelta), 0.1f, 0.01f));
                                                                           ^
    symbol:   variable MeteorlogicalUtil
    location: class LensFlareScreenEffect
  /home/moriz/Projects/OrangeSunshine-worktrees/1.21.11/src/main/java/moriz/orangesunshine/client/render/effect/LensFlareScreenEffect.java:83: error: cannot find symbol
          Level world = client.world;
                              ^
    symbol:   variable world
    location: variable client of type Minecraft
  100 errors

* Try:
> Check your code and dependencies to fix the compilation error(s)
> Run with --scan to get full insights.

BUILD FAILED in 9s
4 actionable tasks: 2 executed, 2 up-to-date
